Archive member included to satisfy reference by file (symbol)

c:/st/stm32cubeide_1.12.0/stm32cubeide/plugins/com.st.stm32cube.ide.mcu.externaltools.gnu-tools-for-stm32.10.3-2021.10.win32_1.0.200.202301161003/tools/bin/../lib/gcc/arm-none-eabi/10.3.1/../../../../arm-none-eabi/lib/thumb/v7e-m+fp/hard\libc_nano.a(lib_a-errno.o)
                              ./Core/Src/syscalls.o (__errno)
c:/st/stm32cubeide_1.12.0/stm32cubeide/plugins/com.st.stm32cube.ide.mcu.externaltools.gnu-tools-for-stm32.10.3-2021.10.win32_1.0.200.202301161003/tools/bin/../lib/gcc/arm-none-eabi/10.3.1/../../../../arm-none-eabi/lib/thumb/v7e-m+fp/hard\libc_nano.a(lib_a-exit.o)
                              c:/st/stm32cubeide_1.12.0/stm32cubeide/plugins/com.st.stm32cube.ide.mcu.externaltools.gnu-tools-for-stm32.10.3-2021.10.win32_1.0.200.202301161003/tools/bin/../lib/gcc/arm-none-eabi/10.3.1/../../../../arm-none-eabi/lib/thumb/v7e-m+fp/hard/crt0.o (exit)
c:/st/stm32cubeide_1.12.0/stm32cubeide/plugins/com.st.stm32cube.ide.mcu.externaltools.gnu-tools-for-stm32.10.3-2021.10.win32_1.0.200.202301161003/tools/bin/../lib/gcc/arm-none-eabi/10.3.1/../../../../arm-none-eabi/lib/thumb/v7e-m+fp/hard\libc_nano.a(lib_a-impure.o)
                              c:/st/stm32cubeide_1.12.0/stm32cubeide/plugins/com.st.stm32cube.ide.mcu.externaltools.gnu-tools-for-stm32.10.3-2021.10.win32_1.0.200.202301161003/tools/bin/../lib/gcc/arm-none-eabi/10.3.1/../../../../arm-none-eabi/lib/thumb/v7e-m+fp/hard\libc_nano.a(lib_a-exit.o) (_global_impure_ptr)
c:/st/stm32cubeide_1.12.0/stm32cubeide/plugins/com.st.stm32cube.ide.mcu.externaltools.gnu-tools-for-stm32.10.3-2021.10.win32_1.0.200.202301161003/tools/bin/../lib/gcc/arm-none-eabi/10.3.1/../../../../arm-none-eabi/lib/thumb/v7e-m+fp/hard\libc_nano.a(lib_a-init.o)
                              c:/st/stm32cubeide_1.12.0/stm32cubeide/plugins/com.st.stm32cube.ide.mcu.externaltools.gnu-tools-for-stm32.10.3-2021.10.win32_1.0.200.202301161003/tools/bin/../lib/gcc/arm-none-eabi/10.3.1/../../../../arm-none-eabi/lib/thumb/v7e-m+fp/hard/crt0.o (__libc_init_array)
c:/st/stm32cubeide_1.12.0/stm32cubeide/plugins/com.st.stm32cube.ide.mcu.externaltools.gnu-tools-for-stm32.10.3-2021.10.win32_1.0.200.202301161003/tools/bin/../lib/gcc/arm-none-eabi/10.3.1/../../../../arm-none-eabi/lib/thumb/v7e-m+fp/hard\libc_nano.a(lib_a-isprint.o)
                              ./Core/Src/Src/usr_debug_tool.o (isprint)
c:/st/stm32cubeide_1.12.0/stm32cubeide/plugins/com.st.stm32cube.ide.mcu.externaltools.gnu-tools-for-stm32.10.3-2021.10.win32_1.0.200.202301161003/tools/bin/../lib/gcc/arm-none-eabi/10.3.1/../../../../arm-none-eabi/lib/thumb/v7e-m+fp/hard\libc_nano.a(lib_a-memcpy-stub.o)
                              ./Middlewares/Third_Party/FreeRTOS/Source/CMSIS_RTOS_V2/cmsis_os2.o (memcpy)
c:/st/stm32cubeide_1.12.0/stm32cubeide/plugins/com.st.stm32cube.ide.mcu.externaltools.gnu-tools-for-stm32.10.3-2021.10.win32_1.0.200.202301161003/tools/bin/../lib/gcc/arm-none-eabi/10.3.1/../../../../arm-none-eabi/lib/thumb/v7e-m+fp/hard\libc_nano.a(lib_a-memset.o)
                              c:/st/stm32cubeide_1.12.0/stm32cubeide/plugins/com.st.stm32cube.ide.mcu.externaltools.gnu-tools-for-stm32.10.3-2021.10.win32_1.0.200.202301161003/tools/bin/../lib/gcc/arm-none-eabi/10.3.1/../../../../arm-none-eabi/lib/thumb/v7e-m+fp/hard/crt0.o (memset)
c:/st/stm32cubeide_1.12.0/stm32cubeide/plugins/com.st.stm32cube.ide.mcu.externaltools.gnu-tools-for-stm32.10.3-2021.10.win32_1.0.200.202301161003/tools/bin/../lib/gcc/arm-none-eabi/10.3.1/../../../../arm-none-eabi/lib/thumb/v7e-m+fp/hard\libc_nano.a(lib_a-sscanf.o)
                              ./Core/Src/Src/usr_debug_tool.o (sscanf)
c:/st/stm32cubeide_1.12.0/stm32cubeide/plugins/com.st.stm32cube.ide.mcu.externaltools.gnu-tools-for-stm32.10.3-2021.10.win32_1.0.200.202301161003/tools/bin/../lib/gcc/arm-none-eabi/10.3.1/../../../../arm-none-eabi/lib/thumb/v7e-m+fp/hard\libc_nano.a(lib_a-stdio.o)
                              c:/st/stm32cubeide_1.12.0/stm32cubeide/plugins/com.st.stm32cube.ide.mcu.externaltools.gnu-tools-for-stm32.10.3-2021.10.win32_1.0.200.202301161003/tools/bin/../lib/gcc/arm-none-eabi/10.3.1/../../../../arm-none-eabi/lib/thumb/v7e-m+fp/hard\libc_nano.a(lib_a-sscanf.o) (__seofread)
c:/st/stm32cubeide_1.12.0/stm32cubeide/plugins/com.st.stm32cube.ide.mcu.externaltools.gnu-tools-for-stm32.10.3-2021.10.win32_1.0.200.202301161003/tools/bin/../lib/gcc/arm-none-eabi/10.3.1/../../../../arm-none-eabi/lib/thumb/v7e-m+fp/hard\libc_nano.a(lib_a-strcmp.o)
                              ./Core/Src/Src/usr_debug_tool.o (strcmp)
c:/st/stm32cubeide_1.12.0/stm32cubeide/plugins/com.st.stm32cube.ide.mcu.externaltools.gnu-tools-for-stm32.10.3-2021.10.win32_1.0.200.202301161003/tools/bin/../lib/gcc/arm-none-eabi/10.3.1/../../../../arm-none-eabi/lib/thumb/v7e-m+fp/hard\libc_nano.a(lib_a-strlen.o)
[...]
Memory Configuration

Name             Origin             Length             Attributes
RAM              0x0000000020000000 0x0000000000018000 xrw
FLASH            0x0000000008000000 0x0000000000080000 xr
*default*        0x0000000000000000 0xffffffffffffffff

Linker script and memory map

LOAD c:/st/stm32cubeide_1.12.0/stm32cubeide/plugins/com.st.stm32cube.ide.mcu.externaltools.gnu-tools-for-stm32.10.3-2021.10.win32_1.0.200.202301161003/tools/bin/../lib/gcc/arm-none-eabi/10.3.1/thumb/v7e-m+fp/hard/crti.o
LOAD c:/st/stm32cubeide_1.12.0/stm32cubeide/plugins/com.st.stm32cube.ide.mcu.externaltools.gnu-tools-for-stm32.10.3-2021.10.win32_1.0.200.202301161003/tools/bin/../lib/gcc/arm-none-eabi/10.3.1/thumb/v7e-m+fp/hard/crtbegin.o
LOAD c:/st/stm32cubeide_1.12.0/stm32cubeide/plugins/com.st.stm32cube.ide.mcu.externaltools.gnu-tools-for-stm32.10.3-2021.10.win32_1.0.200.202301161003/tools/bin/../lib/gcc/arm-none-eabi/10.3.1/../../../../arm-none-eabi/lib/thumb/v7e-m+fp/hard/crt0.o
LOAD ./Core/Src/Src/usr_debug_tool.o
LOAD ./Core/Src/Src/usr_isr_callback.o
LOAD ./Core/Src/Src/usr_log.o
LOAD ./Core/Src/Src/usr_main.o
LOAD ./Core/Src/Src/usr_rs485_main.o
LOAD ./Core/Src/Src/usr_uart.o
LOAD ./Core/Src/freertos.o
LOAD ./Core/Src/main.o
LOAD ./Core/Src/stm32f4xx_hal_msp.o
LOAD ./Core/Src/stm32f4xx_hal_timebase_tim.o
LOAD ./Core/Src/stm32f4xx_it.o
LOAD ./Core/Src/syscalls.o
LOAD ./Core/Src/sysmem.o
LOAD ./Core/Src/system_stm32f4xx.o
LOAD ./Core/Startup/startup_stm32f401retx.o
LOAD ./Drivers/STM32F4xx_HAL_Driver/Src/stm32f4xx_hal.o
LOAD ./Drivers/STM32F4xx_HAL_Driver/Src/stm32f4xx_hal_cortex.o
LOAD ./Drivers/STM32F4xx_HAL_Driver/Src/stm32f4xx_hal_dma.o
LOAD ./Drivers/STM32F4xx_HAL_Driver/Src/stm32f4xx_hal_dma_ex.o
LOAD ./Drivers/STM32F4xx_HAL_Driver/Src/stm32f4xx_hal_exti.o
LOAD ./Drivers/STM32F4xx_HAL_Driver/Src/stm32f4xx_hal_flash.o
LOAD ./Drivers/STM32F4xx_HAL_Driver/Src/stm32f4xx_hal_flash_ex.o
LOAD ./Drivers/STM32F4xx_HAL_Driver/Src/stm32f4xx_hal_flash_ramfunc.o
LOAD ./Drivers/STM32F4xx_HAL_Driver/Src/stm32f4xx_hal_gpio.o
LOAD ./Drivers/STM32F4xx_HAL_Driver/Src/stm32f4xx_hal_pwr.o
LOAD ./Drivers/STM32F4xx_HAL_Driver/Src/stm32f4xx_hal_pwr_ex.o
LOAD ./Drivers/STM32F4xx_HAL_Driver/Src/stm32f4xx_hal_rcc.o
LOAD ./Drivers/STM32F4xx_HAL_Driver/Src/stm32f4xx_hal_rcc_ex.o
LOAD ./Drivers/STM32F4xx_HAL_Driver/Src/stm32f4xx_hal_rtc.o
LOAD ./Drivers/STM32F4xx_HAL_Driver/Src/stm32f4xx_hal_rtc_ex.o
LOAD ./Drivers/STM32F4xx_HAL_Driver/Src/stm32f4xx_hal_tim.o
LOAD ./Drivers/STM32F4xx_HAL_Driver/Src/stm32f4xx_hal_tim_ex.o
LOAD ./Drivers/STM32F4xx_HAL_Driver/Src/stm32f4xx_hal_uart.o
LOAD ./Middlewares/Third_Party/FreeRTOS/Source/CMSIS_RTOS_V2/cmsis_os2.o
LOAD ./Middlewares/Third_Party/FreeRTOS/Source/croutine.o
LOAD ./Middlewares/Third_Party/FreeRTOS/Source/event_groups.o
LOAD ./Middlewares/Third_Party/FreeRTOS/Source/list.o
LOAD ./Middlewares/Third_Party/FreeRTOS/Source/queue.o
LOAD ./Middlewares/Third_Party/FreeRTOS/Source/stream_buffer.o
LOAD ./Middlewares/Third_Party/FreeRTOS/Source/tasks.o
LOAD ./Middlewares/Third_Party/FreeRTOS/Source/timers.o
LOAD ./Middlewares/Third_Party/FreeRTOS/Source/portable/GCC/ARM_CM4F/port.o
LOAD ./Middlewares/Third_Party/FreeRTOS/Source/portable/MemMang/heap_4.o
START GROUP
LOAD c:/st/stm32cubeide_1.12.0/stm32cubeide/plugins/com.st.stm32cube.ide.mcu.externaltools.gnu-tools-for-stm32.10.3-2021.10.win32_1.0.200.202301161003/tools/bin/../lib/gcc/arm-none-eabi/10.3.1/../../../../arm-none-eabi/lib/thumb/v7e-m+fp/hard\libc_nano.a
LOAD c:/st/stm32cubeide_1.12.0/stm32cubeide/plugins/com.st.stm32cube.ide.mcu.externaltools.gnu-tools-for-stm32.10.3-2021.10.win32_1.0.200.202301161003/tools/bin/../lib/gcc/arm-none-eabi/10.3.1/../../../../arm-none-eabi/lib/thumb/v7e-m+fp/hard\libm.a
END GROUP
START GROUP
LOAD c:/st/stm32cubeide_1.12.0/stm32cubeide/plugins/com.st.stm32cube.ide.mcu.externaltools.gnu-tools-for-stm32.10.3-2021.10.win32_1.0.200.202301161003/tools/bin/../lib/gcc/arm-none-eabi/10.3.1/thumb/v7e-m+fp/hard\libgcc.a
LOAD c:/st/stm32cubeide_1.12.0/stm32cubeide/plugins/com.st.stm32cube.ide.mcu.externaltools.gnu-tools-for-stm32.10.3-2021.10.win32_1.0.200.202301161003/tools/bin/../lib/gcc/arm-none-eabi/10.3.1/../../../../arm-none-eabi/lib/thumb/v7e-m+fp/hard\libc_nano.a
END GROUP
START GROUP
LOAD c:/st/stm32cubeide_1.12.0/stm32cubeide/plugins/com.st.stm32cube.ide.mcu.externaltools.gnu-tools-for-stm32.10.3-2021.10.win32_1.0.200.202301161003/tools/bin/../lib/gcc/arm-none-eabi/10.3.1/thumb/v7e-m+fp/hard\libgcc.a
LOAD c:/st/stm32cubeide_1.12.0/stm32cubeide/plugins/com.st.stm32cube.ide.mcu.externaltools.gnu-tools-for-stm32.10.3-2021.10.win32_1.0.200.202301161003/tools/bin/../lib/gcc/arm-none-eabi/10.3.1/../../../../arm-none-eabi/lib/thumb/v7e-m+fp/hard\libc_nano.a
LOAD c:/st/stm32cubeide_1.12.0/stm32cubeide/plugins/com.st.stm32cube.ide.mcu.externaltools.gnu-tools-for-stm32.10.3-2021.10.win32_1.0.200.202301161003/tools/bin/../lib/gcc/arm-none-eabi/10.3.1/../../../../arm-none-eabi/lib/thumb/v7e-m+fp/hard\libnosys.a
END GROUP
START GROUP
LOAD c:/st/stm32cubeide_1.12.0/stm32cubeide/plugins/com.st.stm32cube.ide.mcu.externaltools.gnu-tools-for-stm32.10.3-2021.10.win32_1.0.200.202301161003/tools/bin/../lib/gcc/arm-none-eabi/10.3.1/thumb/v7e-m+fp/hard\libgcc.a
LOAD c:/st/stm32cubeide_1.12.0/stm32cubeide/plugins/com.st.stm32cube.ide.mcu.externaltools.gnu-tools-for-stm32.10.3-2021.10.win32_1.0.200.202301161003/tools/bin/../lib/gcc/arm-none-eabi/10.3.1/../../../../arm-none-eabi/lib/thumb/v7e-m+fp/hard\libc_nano.a
LOAD c:/st/stm32cubeide_1.12.0/stm32cubeide/plugins/com.st.stm32cube.ide.mcu.externaltools.gnu-tools-for-stm32.10.3-2021.10.win32_1.0.200.202301161003/tools/bin/../lib/gcc/arm-none-eabi/10.3.1/../../../../arm-none-eabi/lib/thumb/v7e-m+fp/hard\libnosys.a
END GROUP
LOAD c:/st/stm32cubeide_1.12.0/stm32cubeide/plugins/com.st.stm32cube.ide.mcu.externaltools.gnu-tools-for-stm32.10.3-2021.10.win32_1.0.200.202301161003/tools/bin/../lib/gcc/arm-none-eabi/10.3.1/thumb/v7e-m+fp/hard/crtend.o
LOAD c:/st/stm32cubeide_1.12.0/stm32cubeide/plugins/com.st.stm32cube.ide.mcu.externaltools.gnu-tools-for-stm32.10.3-2021.10.win32_1.0.200.202301161003/tools/bin/../lib/gcc/arm-none-eabi/10.3.1/thumb/v7e-m+fp/hard/crtn.o
                0x0000000020018000                _estack = (ORIGIN (RAM) + LENGTH (RAM))
                0x0000000000000200                _Min_Heap_Size = 0x200
                0x0000000000000400                _Min_Stack_Size = 0x400

.isr_vector     0x0000000008000000      0x194
                0x0000000008000000                . = ALIGN (0x4)
 *(.isr_vector)
 .isr_vector    0x0000000008000000      0x194 ./Core/Startup/startup_stm32f401retx.o
                0x0000000008000000                g_pfnVectors
                0x0000000008000194                . = ALIGN (0x4)

.text           0x00000000080001a0     0xa2ac
                0x00000000080001a0                . = ALIGN (0x4)
 *(.text)
 .text          0x00000000080001a0       0x40 c:/st/stm32cubeide_1.12.0/stm32cubeide/plugins/com.st.stm32cube.ide.mcu.externaltools.gnu-tools-for-stm32.10.3-2021.10.win32_1.0.200.202301161003/tools/bin/../lib/gcc/arm-none-eabi/10.3.1/thumb/v7e-m+fp/hard/crtbegin.o
 .text          0x00000000080001e0       0x14 c:/st/stm32cubeide_1.12.0/stm32cubeide/plugins/com.st.stm32cube.ide.mcu.externaltools.gnu-tools-for-stm32.10.3-2021.10.win32_1.0.200.202301161003/tools/bin/../lib/gcc/arm-none-eabi/10.3.1/../../../../arm-none-eabi/lib/thumb/v7e-m+fp/hard\libc_nano.a(lib_a-strcmp.o)
                0x00000000080001e0                strcmp
 .text          0x00000000080001f4       0x10 c:/st/stm32cubeide_1.12.0/stm32cubeide/plugins/com.st.stm32cube.ide.mcu.externaltools.gnu-tools-for-stm32.10.3-2021.10.win32_1.0.200.202301161003/tools/bin/../lib/gcc/arm-none-eabi/10.3.1/../../../../arm-none-eabi/lib/thumb/v7e-m+fp/hard\libc_nano.a(lib_a-strlen.o)
                0x00000000080001f4                strlen
 *fill*         0x0000000008000204        0xc 
 .text          0x0000000008000210       0xa0 c:/st/stm32cubeide_1.12.0/stm32cubeide/plugins/com.st.stm32cube.ide.mcu.externaltools.gnu-tools-for-stm32.10.3-2021.10.win32_1.0.200.202301161003/tools/bin/../lib/gcc/arm-none-eabi/10.3.1/../../../../arm-none-eabi/lib/thumb/v7e-m+fp/hard\libc_nano.a(lib_a-memchr.o)
                0x0000000008000210                memchr
 .text          0x00000000080002b0       0x30 c:/st/stm32cubeide_1.12.0/stm32cubeide/plugins/com.st.stm32cube.ide.mcu.externaltools.gnu-tools-for-stm32.10.3-2021.10.win32_1.0.200.202301161003/tools/bin/../lib/gcc/arm-none-eabi/10.3.1/thumb/v7e-m+fp/hard\libgcc.a(_aeabi_uldivmod.o)
                0x00000000080002b0                __aeabi_uldivmod
 .text          0x00000000080002e0      0x2d0 c:/st/stm32cubeide_1.12.0/stm32cubeide/plugins/com.st.stm32cube.ide.mcu.externaltools.gnu-tools-for-stm32.10.3-2021.10.win32_1.0.200.202301161003/tools/bin/../lib/gcc/arm-none-eabi/10.3.1/thumb/v7e-m+fp/hard\libgcc.a(_udivmoddi4.o)
                0x00000000080002e0                __udivmoddi4
 .text          0x00000000080005b0        0x4 c:/st/stm32cubeide_1.12.0/stm32cubeide/plugins/com.st.stm32cube.ide.mcu.externaltools.gnu-tools-for-stm32.10.3-2021.10.win32_1.0.200.202301161003/tools/bin/../lib/gcc/arm-none-eabi/10.3.1/thumb/v7e-m+fp/hard\libgcc.a(_dvmd_tls.o)
                0x00000000080005b0                __aeabi_idiv0
                0x00000000080005b0                __aeabi_ldiv0
 *(.text*)
 .text.debu_main
                0x00000000080005b4       0x70 ./Core/Src/Src/usr_debug_tool.o
                0x00000000080005b4                debu_main
 .text.DispMenue
                0x0000000008000624       0x68 ./Core/Src/Src/usr_debug_tool.o
                0x0000000008000624                DispMenue
 .text.DBmanue_prompt
                0x000000000800068c       0x4c ./Core/Src/Src/usr_debug_tool.o
                0x000000000800068c                DBmanue_prompt
 .text.DBmanue_log
                0x00000000080006d8       0xe4 ./Core/Src/Src/usr_debug_tool.o
                0x00000000080006d8                DBmanue_log
 .text.DBmanue_rs485
                0x00000000080007bc       0xc4 ./Core/Src/Src/usr_debug_tool.o
                0x00000000080007bc                DBmanue_rs485
 .text.DBmanue_memdump
                0x0000000008000880      0x1f0 ./Core/Src/Src/usr_debug_tool.o
                0x0000000008000880                DBmanue_memdump
 .text.DBmanue_mem_input
                0x0000000008000a70       0xc0 ./Core/Src/Src/usr_debug_tool.o
                0x0000000008000a70                DBmanue_mem_input
 .text.hex_dmp  0x0000000008000b30      0x1a8 ./Core/Src/Src/usr_debug_tool.o
                0x0000000008000b30                hex_dmp
 .text.input2menu
                0x0000000008000cd8       0x74 ./Core/Src/Src/usr_debug_tool.o
                0x0000000008000cd8                input2menu
 .text.command_split
                0x0000000008000d4c      0x194 ./Core/Src/Src/usr_debug_tool.o
                0x0000000008000d4c                command_split
 .text.read_line_streem
                0x0000000008000ee0       0xe0 ./Core/Src/Src/usr_debug_tool.o
                0x0000000008000ee0                read_line_streem
 .text.HAL_RTCEx_WakeUpTimerEventCallback
                0x0000000008000fc0       0xbc ./Core/Src/Src/usr_isr_callback.o
                0x0000000008000fc0                HAL_RTCEx_WakeUpTimerEventCallback
 .text.usr_isr_tim1_up
                0x000000000800107c       0x1c ./Core/Src/Src/usr_isr_callback.o
                0x000000000800107c                usr_isr_tim1_up
 .text.Set_logflg
                0x0000000008001098       0x34 ./Core/Src/Src/usr_log.o
                0x0000000008001098                Set_logflg
 .text.LogInfo_display
                0x00000000080010cc      0x150 ./Core/Src/Src/usr_log.o
                0x00000000080010cc                LogInfo_display
 .text.LogInfo_clear
                0x000000000800121c       0x28 ./Core/Src/Src/usr_log.o
                0x000000000800121c                LogInfo_clear
 .text.task_chk_init
                0x0000000008001244      0x1cc ./Core/Src/Src/usr_main.o
                0x0000000008001244                task_chk_init
 .text.task_stack_chk
                0x0000000008001410       0xdc ./Core/Src/Src/usr_main.o
                0x0000000008001410                task_stack_chk
 .text.Disp_task_info
                0x00000000080014ec      0x13c ./Core/Src/Src/usr_main.o
                0x00000000080014ec                Disp_task_info
 .text.Get_task_stackptr
                0x0000000008001628       0xa8 ./Core/Src/Src/usr_main.o
                0x0000000008001628                Get_task_stackptr
 .text.user_init
                0x00000000080016d0       0x7c ./Core/Src/Src/usr_main.o
                0x00000000080016d0                user_init
 .text.rtc_display
                0x000000000800174c       0x80 ./Core/Src/Src/usr_main.o
                0x000000000800174c                rtc_display
 .text.my_putint
                0x00000000080017cc       0xb0 ./Core/Src/Src/usr_rs485_main.o
                0x00000000080017cc                my_putint
 .text.my_putfloat
                0x000000000800187c       0xca ./Core/Src/Src/usr_rs485_main.o
                0x000000000800187c                my_putfloat
 *fill*         0x0000000008001946        0x2 
 .text.tasuk3_init
                0x0000000008001948      0x134 ./Core/Src/Src/usr_rs485_main.o
                0x0000000008001948                tasuk3_init
 .text.Recive_rs485_prepaer
                0x0000000008001a7c       0x3c ./Core/Src/Src/usr_rs485_main.o
                0x0000000008001a7c                Recive_rs485_prepaer
 .text.Set_rcv_data
                0x0000000008001ab8       0x54 ./Core/Src/Src/usr_rs485_main.o
                0x0000000008001ab8                Set_rcv_data
 .text.HAL_UART_RxCpltCallback
                0x0000000008001b0c       0x18 ./Core/Src/Src/usr_rs485_main.o
                0x0000000008001b0c                HAL_UART_RxCpltCallback
 .text.Get_rcv_data
                0x0000000008001b24       0x54 ./Core/Src/Src/usr_rs485_main.o
                0x0000000008001b24                Get_rcv_data
 .text.rs485_com_task
                0x0000000008001b78      0x294 ./Core/Src/Src/usr_rs485_main.o
                0x0000000008001b78                rs485_com_task
 .text.Get_end_test_pt
                0x0000000008001e0c       0xac ./Core/Src/Src/usr_rs485_main.o
                0x0000000008001e0c                Get_end_test_pt
 .text.Set_Res_Message
                0x0000000008001eb8      0x294 ./Core/Src/Src/usr_rs485_main.o
                0x0000000008001eb8                Set_Res_Message
 .text.Get_command_chksum
                0x000000000800214c       0x44 ./Core/Src/Src/usr_rs485_main.o
                0x000000000800214c                Get_command_chksum
 .text.Send_rx485_cmd_message
                0x0000000008002190      0x1ec ./Core/Src/Src/usr_rs485_main.o
                0x0000000008002190                Send_rx485_cmd_message
 .text.Get_huart
                0x000000000800237c       0x14 ./Core/Src/Src/usr_uart.o
                0x000000000800237c                Get_huart
 .text.Send_rs485
                0x0000000008002390       0x5c ./Core/Src/Src/usr_uart.o
                0x0000000008002390                Send_rs485
 .text.uart_Rcv_init
                0x00000000080023ec       0x78 ./Core/Src/Src/usr_uart.o
                0x00000000080023ec                uart_Rcv_init
 .text.SKprintf_uart1
                0x0000000008002464       0x90 ./Core/Src/Src/usr_uart.o
                0x0000000008002464                SKprintf_uart1
 .text.SKprintf
                0x00000000080024f4       0x90 ./Core/Src/Src/usr_uart.o
                0x00000000080024f4                SKprintf
 .text.getch    0x0000000008002584       0x68 ./Core/Src/Src/usr_uart.o
                0x0000000008002584                getch
 .text.main     0x00000000080025ec       0xd8 ./Core/Src/main.o
                0x00000000080025ec                main
 .text.SystemClock_Config
                0x00000000080026c4       0xdc ./Core/Src/main.o
                0x00000000080026c4                SystemClock_Config
 .text.MX_RTC_Init
                0x00000000080027a0      0x144 ./Core/Src/main.o
 .text.MX_TIM1_Init
                0x00000000080028e4       0xa8 ./Core/Src/main.o
 .text.MX_TIM2_Init
                0x000000000800298c       0x9c ./Core/Src/main.o
 .text.MX_USART1_UART_Init
                0x0000000008002a28       0x54 ./Core/Src/main.o
 .text.MX_USART2_UART_Init
                0x0000000008002a7c       0x54 ./Core/Src/main.o
 .text.MX_GPIO_Init
                0x0000000008002ad0      0x104 ./Core/Src/main.o
 .text.StartDefaultTask
                0x0000000008002bd4       0x10 ./Core/Src/main.o
                0x0000000008002bd4                StartDefaultTask
 .text.StartTask02
                0x0000000008002be4       0x38 ./Core/Src/main.o
                0x0000000008002be4                StartTask02
 .text.StartTask03
                0x0000000008002c1c       0x24 ./Core/Src/main.o
                0x0000000008002c1c                StartTask03
 .text.HAL_TIM_PeriodElapsedCallback
                0x0000000008002c40       0x24 ./Core/Src/main.o
                0x0000000008002c40                HAL_TIM_PeriodElapsedCallback
 .text.Error_Handler
                0x0000000008002c64        0xa ./Core/Src/main.o
                0x0000000008002c64                Error_Handler
 *fill*         0x0000000008002c6e        0x2 
 .text.HAL_MspInit
                0x0000000008002c70       0x58 ./Core/Src/stm32f4xx_hal_msp.o
                0x0000000008002c70                HAL_MspInit
 .text.HAL_RTC_MspInit
                0x0000000008002cc8       0x68 ./Core/Src/stm32f4xx_hal_msp.o
                0x0000000008002cc8                HAL_RTC_MspInit
 .text.HAL_TIM_Base_MspInit
                0x0000000008002d30       0x88 ./Core/Src/stm32f4xx_hal_msp.o
                0x0000000008002d30                HAL_TIM_Base_MspInit
 .text.HAL_UART_MspInit
                0x0000000008002db8      0x118 ./Core/Src/stm32f4xx_hal_msp.o
                0x0000000008002db8                HAL_UART_MspInit
 .text.HAL_InitTick
                0x0000000008002ed0       0xe4 ./Core/Src/stm32f4xx_hal_timebase_tim.o
                0x0000000008002ed0                HAL_InitTick
 .text.NMI_Handler
                0x0000000008002fb4        0x6 ./Core/Src/stm32f4xx_it.o
                0x0000000008002fb4                NMI_Handler
 .text.HardFault_Handler
                0x0000000008002fba        0x6 ./Core/Src/stm32f4xx_it.o
                0x0000000008002fba                HardFault_Handler
 .text.MemManage_Handler
                0x0000000008002fc0        0x6 ./Core/Src/stm32f4xx_it.o
                0x0000000008002fc0                MemManage_Handler
 .text.BusFault_Handler
                0x0000000008002fc6        0x6 ./Core/Src/stm32f4xx_it.o
                0x0000000008002fc6                BusFault_Handler
 .text.UsageFault_Handler
                0x0000000008002fcc        0x6 ./Core/Src/stm32f4xx_it.o
                0x0000000008002fcc                UsageFault_Handler
 .text.DebugMon_Handler
                0x0000000008002fd2        0xe ./Core/Src/stm32f4xx_it.o
                0x0000000008002fd2                DebugMon_Handler
 .text.RTC_WKUP_IRQHandler
                0x0000000008002fe0       0x14 ./Core/Src/stm32f4xx_it.o
                0x0000000008002fe0                RTC_WKUP_IRQHandler
 .text.TIM1_UP_TIM10_IRQHandler
                0x0000000008002ff4       0x1c ./Core/Src/stm32f4xx_it.o
                0x0000000008002ff4                TIM1_UP_TIM10_IRQHandler
 .text.TIM2_IRQHandler
                0x0000000008003010       0x18 ./Core/Src/stm32f4xx_it.o
                0x0000000008003010                TIM2_IRQHandler
 .text.USART1_IRQHandler
                0x0000000008003028       0x14 ./Core/Src/stm32f4xx_it.o
                0x0000000008003028                USART1_IRQHandler
 .text.USART2_IRQHandler
                0x000000000800303c       0x14 ./Core/Src/stm32f4xx_it.o
                0x000000000800303c                USART2_IRQHandler
 .text._sbrk    0x0000000008003050       0x6c ./Core/Src/sysmem.o
                0x0000000008003050                _sbrk
 .text.SystemInit
                0x00000000080030bc       0x24 ./Core/Src/system_stm32f4xx.o
                0x00000000080030bc                SystemInit
 .text.Reset_Handler
                0x00000000080030e0       0x50 ./Core/Startup/startup_stm32f401retx.o
                0x00000000080030e0                Reset_Handler
 .text.Default_Handler
                0x0000000008003130        0x2 ./Core/Startup/startup_stm32f401retx.o
                0x0000000008003130                RTC_Alarm_IRQHandler
                0x0000000008003130                EXTI2_IRQHandler
                0x0000000008003130                SPI4_IRQHandler
                0x0000000008003130                TIM1_CC_IRQHandler
                0x0000000008003130                DMA2_Stream5_IRQHandler
                0x0000000008003130                DMA1_Stream5_IRQHandler
                0x0000000008003130                PVD_IRQHandler
                0x0000000008003130                SDIO_IRQHandler
                0x0000000008003130                TAMP_STAMP_IRQHandler
                0x0000000008003130                EXTI3_IRQHandler
                0x0000000008003130                I2C3_ER_IRQHandler
                0x0000000008003130                EXTI0_IRQHandler
                0x0000000008003130                I2C2_EV_IRQHandler
                0x0000000008003130                DMA1_Stream2_IRQHandler
                0x0000000008003130                FPU_IRQHandler
                0x0000000008003130                DMA2_Stream2_IRQHandler
                0x0000000008003130                SPI1_IRQHandler
                0x0000000008003130                TIM1_BRK_TIM9_IRQHandler
                0x0000000008003130                DMA2_Stream3_IRQHandler
                0x0000000008003130                USART6_IRQHandler
                0x0000000008003130                DMA2_Stream0_IRQHandler
                0x0000000008003130                TIM4_IRQHandler
                0x0000000008003130                I2C1_EV_IRQHandler
                0x0000000008003130                DMA1_Stream6_IRQHandler
                0x0000000008003130                DMA1_Stream1_IRQHandler
                0x0000000008003130                TIM3_IRQHandler
                0x0000000008003130                RCC_IRQHandler
                0x0000000008003130                Default_Handler
                0x0000000008003130                EXTI15_10_IRQHandler
                0x0000000008003130                ADC_IRQHandler
                0x0000000008003130                DMA1_Stream7_IRQHandler
                0x0000000008003130                TIM5_IRQHandler
                0x0000000008003130                DMA2_Stream7_IRQHandler
                0x0000000008003130                I2C3_EV_IRQHandler
                0x0000000008003130                EXTI9_5_IRQHandler
                0x0000000008003130                SPI2_IRQHandler
                0x0000000008003130                DMA1_Stream0_IRQHandler
                0x0000000008003130                EXTI4_IRQHandler
                0x0000000008003130                WWDG_IRQHandler
                0x0000000008003130                OTG_FS_WKUP_IRQHandler
                0x0000000008003130                TIM1_TRG_COM_TIM11_IRQHandler
                0x0000000008003130                EXTI1_IRQHandler
                0x0000000008003130                I2C2_ER_IRQHandler
                0x0000000008003130                DMA2_Stream1_IRQHandler
                0x0000000008003130                FLASH_IRQHandler
                0x0000000008003130                DMA2_Stream4_IRQHandler
                0x0000000008003130                OTG_FS_IRQHandler
                0x0000000008003130                SPI3_IRQHandler
                0x0000000008003130                DMA1_Stream4_IRQHandler
                0x0000000008003130                I2C1_ER_IRQHandler
                0x0000000008003130                DMA2_Stream6_IRQHandler
                0x0000000008003130                DMA1_Stream3_IRQHandler
 *fill*         0x0000000008003132        0x2 
 .text.HAL_Init
                0x0000000008003134       0x44 ./Drivers/STM32F4xx_HAL_Driver/Src/stm32f4xx_hal.o
                0x0000000008003134                HAL_Init
 .text.HAL_IncTick
                0x0000000008003178       0x28 ./Drivers/STM32F4xx_HAL_Driver/Src/stm32f4xx_hal.o
                0x0000000008003178                HAL_IncTick
 .text.HAL_GetTick
                0x00000000080031a0       0x18 ./Drivers/STM32F4xx_HAL_Driver/Src/stm32f4xx_hal.o
                0x00000000080031a0                HAL_GetTick
 .text.__NVIC_SetPriorityGrouping
                0x00000000080031b8       0x48 ./Drivers/STM32F4xx_HAL_Driver/Src/stm32f4xx_hal_cortex.o
 .text.__NVIC_GetPriorityGrouping
                0x0000000008003200       0x1c ./Drivers/STM32F4xx_HAL_Driver/Src/stm32f4xx_hal_cortex.o
 .text.__NVIC_EnableIRQ
                0x000000000800321c       0x3c ./Drivers/STM32F4xx_HAL_Driver/Src/stm32f4xx_hal_cortex.o
 .text.__NVIC_SetPriority
                0x0000000008003258       0x54 ./Drivers/STM32F4xx_HAL_Driver/Src/stm32f4xx_hal_cortex.o
 .text.NVIC_EncodePriority
                0x00000000080032ac       0x66 ./Drivers/STM32F4xx_HAL_Driver/Src/stm32f4xx_hal_cortex.o
 .text.HAL_NVIC_SetPriorityGrouping
                0x0000000008003312       0x16 ./Drivers/STM32F4xx_HAL_Driver/Src/stm32f4xx_hal_cortex.o
                0x0000000008003312                HAL_NVIC_SetPriorityGrouping
 .text.HAL_NVIC_SetPriority
                0x0000000008003328       0x38 ./Drivers/STM32F4xx_HAL_Driver/Src/stm32f4xx_hal_cortex.o
                0x0000000008003328                HAL_NVIC_SetPriority
 .text.HAL_NVIC_EnableIRQ
                0x0000000008003360       0x1c ./Drivers/STM32F4xx_HAL_Driver/Src/stm32f4xx_hal_cortex.o
                0x0000000008003360                HAL_NVIC_EnableIRQ
 .text.HAL_DMA_Abort
                0x000000000800337c       0xe0 ./Drivers/STM32F4xx_HAL_Driver/Src/stm32f4xx_hal_dma.o
                0x000000000800337c                HAL_DMA_Abort
 .text.HAL_DMA_Abort_IT
                0x000000000800345c       0x44 ./Drivers/STM32F4xx_HAL_Driver/Src/stm32f4xx_hal_dma.o
                0x000000000800345c                HAL_DMA_Abort_IT
 .text.HAL_GPIO_Init
                0x00000000080034a0      0x308 ./Drivers/STM32F4xx_HAL_Driver/Src/stm32f4xx_hal_gpio.o
                0x00000000080034a0                HAL_GPIO_Init
 .text.HAL_GPIO_WritePin
                0x00000000080037a8       0x32 ./Drivers/STM32F4xx_HAL_Driver/Src/stm32f4xx_hal_gpio.o
                0x00000000080037a8                HAL_GPIO_WritePin
 *fill*         0x00000000080037da        0x2 
 .text.HAL_RCC_OscConfig
                0x00000000080037dc      0x4f0 ./Drivers/STM32F4xx_HAL_Driver/Src/stm32f4xx_hal_rcc.o
                0x00000000080037dc                HAL_RCC_OscConfig
 .text.HAL_RCC_ClockConfig
                0x0000000008003ccc      0x1cc ./Drivers/STM32F4xx_HAL_Driver/Src/stm32f4xx_hal_rcc.o
                0x0000000008003ccc                HAL_RCC_ClockConfig
 .text.HAL_RCC_GetSysClockFreq
                0x0000000008003e98      0x20c ./Drivers/STM32F4xx_HAL_Driver/Src/stm32f4xx_hal_rcc.o
                0x0000000008003e98                HAL_RCC_GetSysClockFreq
 .text.HAL_RCC_GetHCLKFreq
                0x00000000080040a4       0x18 ./Drivers/STM32F4xx_HAL_Driver/Src/stm32f4xx_hal_rcc.o
                0x00000000080040a4                HAL_RCC_GetHCLKFreq
 .text.HAL_RCC_GetPCLK1Freq
                0x00000000080040bc       0x28 ./Drivers/STM32F4xx_HAL_Driver/Src/stm32f4xx_hal_rcc.o
                0x00000000080040bc                HAL_RCC_GetPCLK1Freq
 .text.HAL_RCC_GetPCLK2Freq
                0x00000000080040e4       0x28 ./Drivers/STM32F4xx_HAL_Driver/Src/stm32f4xx_hal_rcc.o
                0x00000000080040e4                HAL_RCC_GetPCLK2Freq
 .text.HAL_RCC_GetClockConfig
                0x000000000800410c       0x64 ./Drivers/STM32F4xx_HAL_Driver/Src/stm32f4xx_hal_rcc.o
                0x000000000800410c                HAL_RCC_GetClockConfig
 .text.HAL_RCCEx_PeriphCLKConfig
                0x0000000008004170      0x1dc ./Drivers/STM32F4xx_HAL_Driver/Src/stm32f4xx_hal_rcc_ex.o
                0x0000000008004170                HAL_RCCEx_PeriphCLKConfig
 .text.HAL_RTC_Init
                0x000000000800434c       0xec ./Drivers/STM32F4xx_HAL_Driver/Src/stm32f4xx_hal_rtc.o
                0x000000000800434c                HAL_RTC_Init
 .text.HAL_RTC_SetTime
                0x0000000008004438      0x134 ./Drivers/STM32F4xx_HAL_Driver/Src/stm32f4xx_hal_rtc.o
                0x0000000008004438                HAL_RTC_SetTime
 .text.HAL_RTC_GetTime
                0x000000000800456c       0xbc ./Drivers/STM32F4xx_HAL_Driver/Src/stm32f4xx_hal_rtc.o
                0x000000000800456c                HAL_RTC_GetTime
 .text.HAL_RTC_SetDate
                0x0000000008004628      0x108 ./Drivers/STM32F4xx_HAL_Driver/Src/stm32f4xx_hal_rtc.o
                0x0000000008004628                HAL_RTC_SetDate
 .text.HAL_RTC_GetDate
                0x0000000008004730       0x9e ./Drivers/STM32F4xx_HAL_Driver/Src/stm32f4xx_hal_rtc.o
                0x0000000008004730                HAL_RTC_GetDate
 .text.HAL_RTC_WaitForSynchro
                0x00000000080047ce       0x50 ./Drivers/STM32F4xx_HAL_Driver/Src/stm32f4xx_hal_rtc.o
                0x00000000080047ce                HAL_RTC_WaitForSynchro
 .text.RTC_EnterInitMode
                0x000000000800481e       0x6e ./Drivers/STM32F4xx_HAL_Driver/Src/stm32f4xx_hal_rtc.o
                0x000000000800481e                RTC_EnterInitMode
 .text.RTC_ExitInitMode
                0x000000000800488c       0x4a ./Drivers/STM32F4xx_HAL_Driver/Src/stm32f4xx_hal_rtc.o
                0x000000000800488c                RTC_ExitInitMode
 .text.RTC_ByteToBcd2
                0x00000000080048d6       0x3a ./Drivers/STM32F4xx_HAL_Driver/Src/stm32f4xx_hal_rtc.o
                0x00000000080048d6                RTC_ByteToBcd2
 .text.RTC_Bcd2ToByte
                0x0000000008004910       0x38 ./Drivers/STM32F4xx_HAL_Driver/Src/stm32f4xx_hal_rtc.o
                0x0000000008004910                RTC_Bcd2ToByte
 .text.HAL_RTCEx_SetWakeUpTimer_IT
                0x0000000008004948      0x180 ./Drivers/STM32F4xx_HAL_Driver/Src/stm32f4xx_hal_rtc_ex.o
                0x0000000008004948                HAL_RTCEx_SetWakeUpTimer_IT
 .text.HAL_RTCEx_WakeUpTimerIRQHandler
                0x0000000008004ac8       0x48 ./Drivers/STM32F4xx_HAL_Driver/Src/stm32f4xx_hal_rtc_ex.o
                0x0000000008004ac8                HAL_RTCEx_WakeUpTimerIRQHandler
 .text.HAL_RTCEx_BKUPWrite
                0x0000000008004b10       0x34 ./Drivers/STM32F4xx_HAL_Driver/Src/stm32f4xx_hal_rtc_ex.o
                0x0000000008004b10                HAL_RTCEx_BKUPWrite
 .text.HAL_RTCEx_BKUPRead
                0x0000000008004b44       0x30 ./Drivers/STM32F4xx_HAL_Driver/Src/stm32f4xx_hal_rtc_ex.o
                0x0000000008004b44                HAL_RTCEx_BKUPRead
 .text.HAL_TIM_Base_Init
                0x0000000008004b74       0x9e ./Drivers/STM32F4xx_HAL_Driver/Src/stm32f4xx_hal_tim.o
                0x0000000008004b74                HAL_TIM_Base_Init
 *fill*         0x0000000008004c12        0x2 
 .text.HAL_TIM_Base_Start_IT
                0x0000000008004c14       0xc4 ./Drivers/STM32F4xx_HAL_Driver/Src/stm32f4xx_hal_tim.o
                0x0000000008004c14                HAL_TIM_Base_Start_IT
 .text.HAL_TIM_IRQHandler
                0x0000000008004cd8      0x210 ./Drivers/STM32F4xx_HAL_Driver/Src/stm32f4xx_hal_tim.o
                0x0000000008004cd8                HAL_TIM_IRQHandler
 .text.HAL_TIM_ConfigClockSource
                0x0000000008004ee8      0x18e ./Drivers/STM32F4xx_HAL_Driver/Src/stm32f4xx_hal_tim.o
                0x0000000008004ee8                HAL_TIM_ConfigClockSource
 .text.HAL_TIM_OC_DelayElapsedCallback
                0x0000000008005076       0x14 ./Drivers/STM32F4xx_HAL_Driver/Src/stm32f4xx_hal_tim.o
                0x0000000008005076                HAL_TIM_OC_DelayElapsedCallback
 .text.HAL_TIM_IC_CaptureCallback
                0x000000000800508a       0x14 ./Drivers/STM32F4xx_HAL_Driver/Src/stm32f4xx_hal_tim.o
                0x000000000800508a                HAL_TIM_IC_CaptureCallback
 .text.HAL_TIM_PWM_PulseFinishedCallback
                0x000000000800509e       0x14 ./Drivers/STM32F4xx_HAL_Driver/Src/stm32f4xx_hal_tim.o
                0x000000000800509e                HAL_TIM_PWM_PulseFinishedCallback
 .text.HAL_TIM_TriggerCallback
                0x00000000080050b2       0x14 ./Drivers/STM32F4xx_HAL_Driver/Src/stm32f4xx_hal_tim.o
                0x00000000080050b2                HAL_TIM_TriggerCallback
 *fill*         0x00000000080050c6        0x2 
 .text.TIM_Base_SetConfig
                0x00000000080050c8      0x100 ./Drivers/STM32F4xx_HAL_Driver/Src/stm32f4xx_hal_tim.o
                0x00000000080050c8                TIM_Base_SetConfig
 .text.TIM_TI1_ConfigInputStage
                0x00000000080051c8       0x5e ./Drivers/STM32F4xx_HAL_Driver/Src/stm32f4xx_hal_tim.o
 .text.TIM_TI2_ConfigInputStage
                0x0000000008005226       0x60 ./Drivers/STM32F4xx_HAL_Driver/Src/stm32f4xx_hal_tim.o
 .text.TIM_ITRx_SetConfig
                0x0000000008005286       0x36 ./Drivers/STM32F4xx_HAL_Driver/Src/stm32f4xx_hal_tim.o
 .text.TIM_ETR_SetConfig
                0x00000000080052bc       0x40 ./Drivers/STM32F4xx_HAL_Driver/Src/stm32f4xx_hal_tim.o
                0x00000000080052bc                TIM_ETR_SetConfig
 .text.HAL_TIMEx_MasterConfigSynchronization
                0x00000000080052fc       0xdc ./Drivers/STM32F4xx_HAL_Driver/Src/stm32f4xx_hal_tim_ex.o
                0x00000000080052fc                HAL_TIMEx_MasterConfigSynchronization
 .text.HAL_TIMEx_CommutCallback
                0x00000000080053d8       0x14 ./Drivers/STM32F4xx_HAL_Driver/Src/stm32f4xx_hal_tim_ex.o
                0x00000000080053d8                HAL_TIMEx_CommutCallback
 .text.HAL_TIMEx_BreakCallback
                0x00000000080053ec       0x14 ./Drivers/STM32F4xx_HAL_Driver/Src/stm32f4xx_hal_tim_ex.o
                0x00000000080053ec                HAL_TIMEx_BreakCallback
 .text.HAL_UART_Init
                0x0000000008005400       0x9a ./Drivers/STM32F4xx_HAL_Driver/Src/stm32f4xx_hal_uart.o
                0x0000000008005400                HAL_UART_Init
 .text.HAL_UART_Transmit
                0x000000000800549a      0x124 ./Drivers/STM32F4xx_HAL_Driver/Src/stm32f4xx_hal_uart.o
                0x000000000800549a                HAL_UART_Transmit
 .text.HAL_UART_Receive_IT
                0x00000000080055be       0x60 ./Drivers/STM32F4xx_HAL_Driver/Src/stm32f4xx_hal_uart.o
                0x00000000080055be                HAL_UART_Receive_IT
 *fill*         0x000000000800561e        0x2 
 .text.HAL_UART_IRQHandler
                0x0000000008005620      0x51c ./Drivers/STM32F4xx_HAL_Driver/Src/stm32f4xx_hal_uart.o
                0x0000000008005620                HAL_UART_IRQHandler
 .text.HAL_UART_TxCpltCallback
                0x0000000008005b3c       0x14 ./Drivers/STM32F4xx_HAL_Driver/Src/stm32f4xx_hal_uart.o
                0x0000000008005b3c                HAL_UART_TxCpltCallback
 .text.HAL_UART_ErrorCallback
                0x0000000008005b50       0x14 ./Drivers/STM32F4xx_HAL_Driver/Src/stm32f4xx_hal_uart.o
                0x0000000008005b50                HAL_UART_ErrorCallback
 .text.HAL_UARTEx_RxEventCallback
                0x0000000008005b64       0x18 ./Drivers/STM32F4xx_HAL_Driver/Src/stm32f4xx_hal_uart.o
                0x0000000008005b64                HAL_UARTEx_RxEventCallback
 .text.UART_WaitOnFlagUntilTimeout
                0x0000000008005b7c       0xdc ./Drivers/STM32F4xx_HAL_Driver/Src/stm32f4xx_hal_uart.o
 .text.UART_Start_Receive_IT
                0x0000000008005c58       0x7c ./Drivers/STM32F4xx_HAL_Driver/Src/stm32f4xx_hal_uart.o
                0x0000000008005c58                UART_Start_Receive_IT
 .text.UART_EndRxTransfer
                0x0000000008005cd4       0xc6 ./Drivers/STM32F4xx_HAL_Driver/Src/stm32f4xx_hal_uart.o
 .text.UART_DMAAbortOnError
                0x0000000008005d9a       0x28 ./Drivers/STM32F4xx_HAL_Driver/Src/stm32f4xx_hal_uart.o
 .text.UART_Transmit_IT
                0x0000000008005dc2       0xa0 ./Drivers/STM32F4xx_HAL_Driver/Src/stm32f4xx_hal_uart.o
 .text.UART_EndTransmit_IT
                0x0000000008005e62       0x30 ./Drivers/STM32F4xx_HAL_Driver/Src/stm32f4xx_hal_uart.o
 .text.UART_Receive_IT
                0x0000000008005e92      0x176 ./Drivers/STM32F4xx_HAL_Driver/Src/stm32f4xx_hal_uart.o
 .text.UART_SetConfig
                0x0000000008006008      0x4e8 ./Drivers/STM32F4xx_HAL_Driver/Src/stm32f4xx_hal_uart.o
 .text.__NVIC_SetPriority
                0x00000000080064f0       0x54 ./Middlewares/Third_Party/FreeRTOS/Source/CMSIS_RTOS_V2/cmsis_os2.o
 .text.SysTick_Handler
                0x0000000008006544       0x20 ./Middlewares/Third_Party/FreeRTOS/Source/CMSIS_RTOS_V2/cmsis_os2.o
                0x0000000008006544                SysTick_Handler
 .text.SVC_Setup
                0x0000000008006564       0x12 ./Middlewares/Third_Party/FreeRTOS/Source/CMSIS_RTOS_V2/cmsis_os2.o
 *fill*         0x0000000008006576        0x2 
 .text.osKernelInitialize
                0x0000000008006578       0x48 ./Middlewares/Third_Party/FreeRTOS/Source/CMSIS_RTOS_V2/cmsis_os2.o
                0x0000000008006578                osKernelInitialize
 .text.osKernelStart
                0x00000000080065c0       0x4c ./Middlewares/Third_Party/FreeRTOS/Source/CMSIS_RTOS_V2/cmsis_os2.o
                0x00000000080065c0                osKernelStart
 .text.osThreadNew
                0x000000000800660c      0x124 ./Middlewares/Third_Party/FreeRTOS/Source/CMSIS_RTOS_V2/cmsis_os2.o
                0x000000000800660c                osThreadNew
 .text.osDelay  0x0000000008006730       0x36 ./Middlewares/Third_Party/FreeRTOS/Source/CMSIS_RTOS_V2/cmsis_os2.o
                0x0000000008006730                osDelay
 .text.osMessageQueueNew
                0x0000000008006766       0xe6 ./Middlewares/Third_Party/FreeRTOS/Source/CMSIS_RTOS_V2/cmsis_os2.o
                0x0000000008006766                osMessageQueueNew
 .text.vApplicationGetIdleTaskMemory
                0x000000000800684c       0x34 ./Middlewares/Third_Party/FreeRTOS/Source/CMSIS_RTOS_V2/cmsis_os2.o
                0x000000000800684c                vApplicationGetIdleTaskMemory
 .text.vApplicationGetTimerTaskMemory
                0x0000000008006880       0x34 ./Middlewares/Third_Party/FreeRTOS/Source/CMSIS_RTOS_V2/cmsis_os2.o
                0x0000000008006880                vApplicationGetTimerTaskMemory
 .text.vListInitialise
                0x00000000080068b4       0x40 ./Middlewares/Third_Party/FreeRTOS/Source/list.o
                0x00000000080068b4                vListInitialise
 .text.vListInitialiseItem
                0x00000000080068f4       0x1a ./Middlewares/Third_Party/FreeRTOS/Source/list.o
                0x00000000080068f4                vListInitialiseItem
 .text.vListInsertEnd
                0x000000000800690e       0x48 ./Middlewares/Third_Party/FreeRTOS/Source/list.o
                0x000000000800690e                vListInsertEnd
 .text.vListInsert
                0x0000000008006956       0x72 ./Middlewares/Third_Party/FreeRTOS/Source/list.o
                0x0000000008006956                vListInsert
 .text.uxListRemove
                0x00000000080069c8       0x54 ./Middlewares/Third_Party/FreeRTOS/Source/list.o
                0x00000000080069c8                uxListRemove
 .text.xQueueGenericReset
                0x0000000008006a1c       0xd0 ./Middlewares/Third_Party/FreeRTOS/Source/queue.o
                0x0000000008006a1c                xQueueGenericReset
 .text.xQueueGenericCreateStatic
                0x0000000008006aec       0xf0 ./Middlewares/Third_Party/FreeRTOS/Source/queue.o
                0x0000000008006aec                xQueueGenericCreateStatic
 .text.xQueueGenericCreate
                0x0000000008006bdc       0x74 ./Middlewares/Third_Party/FreeRTOS/Source/queue.o
                0x0000000008006bdc                xQueueGenericCreate
 .text.prvInitialiseNewQueue
                0x0000000008006c50       0x46 ./Middlewares/Third_Party/FreeRTOS/Source/queue.o
 *fill*         0x0000000008006c96        0x2 
 .text.xQueueGenericSend
                0x0000000008006c98      0x1fc ./Middlewares/Third_Party/FreeRTOS/Source/queue.o
                0x0000000008006c98                xQueueGenericSend
 .text.xQueueGenericSendFromISR
                0x0000000008006e94      0x136 ./Middlewares/Third_Party/FreeRTOS/Source/queue.o
                0x0000000008006e94                xQueueGenericSendFromISR
 *fill*         0x0000000008006fca        0x2 
 .text.xQueueReceive
                0x0000000008006fcc      0x1c0 ./Middlewares/Third_Party/FreeRTOS/Source/queue.o
                0x0000000008006fcc                xQueueReceive
 .text.prvCopyDataToQueue
                0x000000000800718c       0xd4 ./Middlewares/Third_Party/FreeRTOS/Source/queue.o
 .text.prvCopyDataFromQueue
                0x0000000008007260       0x4c ./Middlewares/Third_Party/FreeRTOS/Source/queue.o
 .text.prvUnlockQueue
                0x00000000080072ac       0xa4 ./Middlewares/Third_Party/FreeRTOS/Source/queue.o
 .text.prvIsQueueEmpty
                0x0000000008007350       0x2c ./Middlewares/Third_Party/FreeRTOS/Source/queue.o
 .text.prvIsQueueFull
                0x000000000800737c       0x30 ./Middlewares/Third_Party/FreeRTOS/Source/queue.o
 .text.vQueueAddToRegistry
                0x00000000080073ac       0x54 ./Middlewares/Third_Party/FreeRTOS/Source/queue.o
                0x00000000080073ac                vQueueAddToRegistry
 .text.vQueueWaitForMessageRestricted
                0x0000000008007400       0x68 ./Middlewares/Third_Party/FreeRTOS/Source/queue.o
                0x0000000008007400                vQueueWaitForMessageRestricted
 .text.xTaskCreateStatic
                0x0000000008007468       0xba ./Middlewares/Third_Party/FreeRTOS/Source/tasks.o
                0x0000000008007468                xTaskCreateStatic
 .text.xTaskCreate
                0x0000000008007522       0x8a ./Middlewares/Third_Party/FreeRTOS/Source/tasks.o
                0x0000000008007522                xTaskCreate
 .text.prvInitialiseNewTask
                0x00000000080075ac      0x11e ./Middlewares/Third_Party/FreeRTOS/Source/tasks.o
 *fill*         0x00000000080076ca        0x2 
 .text.prvAddNewTaskToReadyList
                0x00000000080076cc       0xe0 ./Middlewares/Third_Party/FreeRTOS/Source/tasks.o
 .text.vTaskDelay
                0x00000000080077ac       0x68 ./Middlewares/Third_Party/FreeRTOS/Source/tasks.o
                0x00000000080077ac                vTaskDelay
 .text.vTaskStartScheduler
                0x0000000008007814       0xcc ./Middlewares/Third_Party/FreeRTOS/Source/tasks.o
                0x0000000008007814                vTaskStartScheduler
 .text.vTaskSuspendAll
                0x00000000080078e0       0x1c ./Middlewares/Third_Party/FreeRTOS/Source/tasks.o
                0x00000000080078e0                vTaskSuspendAll
 .text.xTaskResumeAll
                0x00000000080078fc      0x13c ./Middlewares/Third_Party/FreeRTOS/Source/tasks.o
                0x00000000080078fc                xTaskResumeAll
 .text.xTaskGetTickCount
                0x0000000008007a38       0x20 ./Middlewares/Third_Party/FreeRTOS/Source/tasks.o
                0x0000000008007a38                xTaskGetTickCount
 .text.xTaskIncrementTick
                0x0000000008007a58      0x174 ./Middlewares/Third_Party/FreeRTOS/Source/tasks.o
                0x0000000008007a58                xTaskIncrementTick
 .text.vTaskSwitchContext
                0x0000000008007bcc       0xbc ./Middlewares/Third_Party/FreeRTOS/Source/tasks.o
                0x0000000008007bcc                vTaskSwitchContext
 .text.vTaskPlaceOnEventList
                0x0000000008007c88       0x48 ./Middlewares/Third_Party/FreeRTOS/Source/tasks.o
                0x0000000008007c88                vTaskPlaceOnEventList
 .text.vTaskPlaceOnEventListRestricted
                0x0000000008007cd0       0x58 ./Middlewares/Third_Party/FreeRTOS/Source/tasks.o
                0x0000000008007cd0                vTaskPlaceOnEventListRestricted
 .text.xTaskRemoveFromEventList
                0x0000000008007d28       0xc8 ./Middlewares/Third_Party/FreeRTOS/Source/tasks.o
                0x0000000008007d28                xTaskRemoveFromEventList
 .text.vTaskInternalSetTimeOutState
                0x0000000008007df0       0x2c ./Middlewares/Third_Party/FreeRTOS/Source/tasks.o
                0x0000000008007df0                vTaskInternalSetTimeOutState
 .text.xTaskCheckForTimeOut
                0x0000000008007e1c       0xc4 ./Middlewares/Third_Party/FreeRTOS/Source/tasks.o
                0x0000000008007e1c                xTaskCheckForTimeOut
 .text.vTaskMissedYield
                0x0000000008007ee0       0x18 ./Middlewares/Third_Party/FreeRTOS/Source/tasks.o
                0x0000000008007ee0                vTaskMissedYield
 .text.prvIdleTask
                0x0000000008007ef8       0x30 ./Middlewares/Third_Party/FreeRTOS/Source/tasks.o
 .text.prvInitialiseTaskLists
                0x0000000008007f28       0x80 ./Middlewares/Third_Party/FreeRTOS/Source/tasks.o
 .text.prvCheckTasksWaitingTermination
                0x0000000008007fa8       0x5c ./Middlewares/Third_Party/FreeRTOS/Source/tasks.o
 .text.prvDeleteTCB
                0x0000000008008004       0x5e ./Middlewares/Third_Party/FreeRTOS/Source/tasks.o
 *fill*         0x0000000008008062        0x2 
 .text.prvResetNextTaskUnblockTime
                0x0000000008008064       0x40 ./Middlewares/Third_Party/FreeRTOS/Source/tasks.o
 .text.xTaskGetSchedulerState
                0x00000000080080a4       0x3c ./Middlewares/Third_Party/FreeRTOS/Source/tasks.o
                0x00000000080080a4                xTaskGetSchedulerState
 .text.xTaskPriorityDisinherit
                0x00000000080080e0       0xdc ./Middlewares/Third_Party/FreeRTOS/Source/tasks.o
                0x00000000080080e0                xTaskPriorityDisinherit
 .text.prvAddCurrentTaskToDelayedList
                0x00000000080081bc       0xa8 ./Middlewares/Third_Party/FreeRTOS/Source/tasks.o
 .text.xTimerCreateTimerTask
                0x0000000008008264       0x90 ./Middlewares/Third_Party/FreeRTOS/Source/timers.o
                0x0000000008008264                xTimerCreateTimerTask
 .text.xTimerGenericCommand
                0x00000000080082f4       0x9c ./Middlewares/Third_Party/FreeRTOS/Source/timers.o
                0x00000000080082f4                xTimerGenericCommand
 .text.prvProcessExpiredTimer
                0x0000000008008390       0x98 ./Middlewares/Third_Party/FreeRTOS/Source/timers.o
 .text.prvTimerTask
                0x0000000008008428       0x24 ./Middlewares/Third_Party/FreeRTOS/Source/timers.o
 .text.prvProcessTimerOrBlockTask
                0x000000000800844c       0x9c ./Middlewares/Third_Party/FreeRTOS/Source/timers.o
 .text.prvGetNextExpireTime
                0x00000000080084e8       0x48 ./Middlewares/Third_Party/FreeRTOS/Source/timers.o
 .text.prvSampleTimeNow
                0x0000000008008530       0x40 ./Middlewares/Third_Party/FreeRTOS/Source/timers.o
 .text.prvInsertTimerInActiveList
                0x0000000008008570       0x84 ./Middlewares/Third_Party/FreeRTOS/Source/timers.o
 .text.prvProcessReceivedCommands
                0x00000000080085f4      0x1c4 ./Middlewares/Third_Party/FreeRTOS/Source/timers.o
 .text.prvSwitchTimerLists
                0x00000000080087b8       0xc8 ./Middlewares/Third_Party/FreeRTOS/Source/timers.o
 .text.prvCheckForValidListAndQueue
                0x0000000008008880       0x80 ./Middlewares/Third_Party/FreeRTOS/Source/timers.o
 .text.pxPortInitialiseStack
                0x0000000008008900       0x68 ./Middlewares/Third_Party/FreeRTOS/Source/portable/GCC/ARM_CM4F/port.o
                0x0000000008008900                pxPortInitialiseStack
 .text.prvTaskExitError
                0x0000000008008968       0x58 ./Middlewares/Third_Party/FreeRTOS/Source/portable/GCC/ARM_CM4F/port.o
 .text.SVC_Handler
                0x00000000080089c0       0x28 ./Middlewares/Third_Party/FreeRTOS/Source/portable/GCC/ARM_CM4F/port.o
                0x00000000080089c0                SVC_Handler
 .text.prvPortStartFirstTask
                0x00000000080089e8       0x28 ./Middlewares/Third_Party/FreeRTOS/Source/portable/GCC/ARM_CM4F/port.o
 .text.xPortStartScheduler
                0x0000000008008a10      0x144 ./Middlewares/Third_Party/FreeRTOS/Source/portable/GCC/ARM_CM4F/port.o
                0x0000000008008a10                xPortStartScheduler
 .text.vPortEnterCritical
                0x0000000008008b54       0x60 ./Middlewares/Third_Party/FreeRTOS/Source/portable/GCC/ARM_CM4F/port.o
                0x0000000008008b54                vPortEnterCritical
 .text.vPortExitCritical
                0x0000000008008bb4       0x54 ./Middlewares/Third_Party/FreeRTOS/Source/portable/GCC/ARM_CM4F/port.o
                0x0000000008008bb4                vPortExitCritical
 *fill*         0x0000000008008c08        0x8 
 .text.PendSV_Handler
                0x0000000008008c10       0x68 ./Middlewares/Third_Party/FreeRTOS/Source/portable/GCC/ARM_CM4F/port.o
                0x0000000008008c10                PendSV_Handler
 .text.xPortSysTickHandler
                0x0000000008008c78       0x44 ./Middlewares/Third_Party/FreeRTOS/Source/portable/GCC/ARM_CM4F/port.o
                0x0000000008008c78                xPortSysTickHandler
 .text.vPortSetupTimerInterrupt
                0x0000000008008cbc       0x48 ./Middlewares/Third_Party/FreeRTOS/Source/portable/GCC/ARM_CM4F/port.o
                0x0000000008008cbc                vPortSetupTimerInterrupt
 .text.vPortEnableVFP
                0x0000000008008d04       0x14 ./Middlewares/Third_Party/FreeRTOS/Source/portable/GCC/ARM_CM4F/port.o
 .text.vPortValidateInterruptPriority
                0x0000000008008d18       0x80 ./Middlewares/Third_Party/FreeRTOS/Source/portable/GCC/ARM_CM4F/port.o
                0x0000000008008d18                vPortValidateInterruptPriority
 .text.pvPortMalloc
                0x0000000008008d98      0x198 ./Middlewares/Third_Party/FreeRTOS/Source/portable/MemMang/heap_4.o
                0x0000000008008d98                pvPortMalloc
 .text.vPortFree
                0x0000000008008f30       0xc4 ./Middlewares/Third_Party/FreeRTOS/Source/portable/MemMang/heap_4.o
                0x0000000008008f30                vPortFree
 .text.prvHeapInit
                0x0000000008008ff4       0xc4 ./Middlewares/Third_Party/FreeRTOS/Source/portable/MemMang/heap_4.o
 .text.prvInsertBlockIntoFreeList
                0x00000000080090b8       0xb4 ./Middlewares/Third_Party/FreeRTOS/Source/portable/MemMang/heap_4.o
 .text.__errno  0x000000000800916c        0xc c:/st/stm32cubeide_1.12.0/stm32cubeide/plugins/com.st.stm32cube.ide.mcu.externaltools.gnu-tools-for-stm32.10.3-2021.10.win32_1.0.200.202301161003/tools/bin/../lib/gcc/arm-none-eabi/10.3.1/../../../../arm-none-eabi/lib/thumb/v7e-m+fp/hard\libc_nano.a(lib_a-errno.o)
                0x000000000800916c                __errno
 .text.__libc_init_array
                0x0000000008009178       0x48 c:/st/stm32cubeide_1.12.0/stm32cubeide/plugins/com.st.stm32cube.ide.mcu.externaltools.gnu-tools-for-stm32.10.3-2021.10.win32_1.0.200.202301161003/tools/bin/../lib/gcc/arm-none-eabi/10.3.1/../../../../arm-none-eabi/lib/thumb/v7e-m+fp/hard\libc_nano.a(lib_a-init.o)
                0x0000000008009178                __libc_init_array
 .text.isprint  0x00000000080091c0       0x10 c:/st/stm32cubeide_1.12.0/stm32cubeide/plugins/com.st.stm32cube.ide.mcu.externaltools.gnu-tools-for-stm32.10.3-2021.10.win32_1.0.200.202301161003/tools/bin/../lib/gcc/arm-none-eabi/10.3.1/../../../../arm-none-eabi/lib/thumb/v7e-m+fp/hard\libc_nano.a(lib_a-isprint.o)
                0x00000000080091c0                isprint
 .text.memcpy   0x00000000080091d0       0x1c c:/st/stm32cubeide_1.12.0/stm32cubeide/plugins/com.st.stm32cube.ide.mcu.externaltools.gnu-tools-for-stm32.10.3-2021.10.win32_1.0.200.202301161003/tools/bin/../lib/gcc/arm-none-eabi/10.3.1/../../../../arm-none-eabi/lib/thumb/v7e-m+fp/hard\libc_nano.a(lib_a-memcpy-stub.o)
                0x00000000080091d0                memcpy
 .text.memset   0x00000000080091ec       0x10 c:/st/stm32cubeide_1.12.0/stm32cubeide/plugins/com.st.stm32cube.ide.mcu.externaltools.gnu-tools-for-stm32.10.3-2021.10.win32_1.0.200.202301161003/tools/bin/../lib/gcc/arm-none-eabi/10.3.1/../../../../arm-none-eabi/lib/thumb/v7e-m+fp/hard\libc_nano.a(lib_a-memset.o)
                0x00000000080091ec                memset
 .text.sscanf   0x00000000080091fc       0x58 c:/st/stm32cubeide_1.12.0/stm32cubeide/plugins/com.st.stm32cube.ide.mcu.externaltools.gnu-tools-for-stm32.10.3-2021.10.win32_1.0.200.202301161003/tools/bin/../lib/gcc/arm-none-eabi/10.3.1/../../../../arm-none-eabi/lib/thumb/v7e-m+fp/hard\libc_nano.a(lib_a-sscanf.o)
                0x00000000080091fc                siscanf
                0x00000000080091fc                sscanf
 .text.__seofread
                0x0000000008009254        0x4 c:/st/stm32cubeide_1.12.0/stm32cubeide/plugins/com.st.stm32cube.ide.mcu.externaltools.gnu-tools-for-stm32.10.3-2021.10.win32_1.0.200.202301161003/tools/bin/../lib/gcc/arm-none-eabi/10.3.1/../../../../arm-none-eabi/lib/thumb/v7e-m+fp/hard\libc_nano.a(lib_a-stdio.o)
                0x0000000008009254                __seofread
 .text._vsprintf_r
                0x0000000008009258       0x2c c:/st/stm32cubeide_1.12.0/stm32cubeide/plugins/com.st.stm32cube.ide.mcu.externaltools.gnu-tools-for-stm32.10.3-2021.10.win32_1.0.200.202301161003/tools/bin/../lib/gcc/arm-none-eabi/10.3.1/../../../../arm-none-eabi/lib/thumb/v7e-m+fp/hard\libc_nano.a(lib_a-vsprintf.o)
                0x0000000008009258                _vsprintf_r
                0x0000000008009258                _vsiprintf_r
 .text.vsprintf
                0x0000000008009284       0x14 c:/st/stm32cubeide_1.12.0/stm32cubeide/plugins/com.st.stm32cube.ide.mcu.externaltools.gnu-tools-for-stm32.10.3-2021.10.win32_1.0.200.202301161003/tools/bin/../lib/gcc/arm-none-eabi/10.3.1/../../../../arm-none-eabi/lib/thumb/v7e-m+fp/hard\libc_nano.a(lib_a-vsprintf.o)
                0x0000000008009284                vsiprintf
                0x0000000008009284                vsprintf
 .text.__ssputs_r
                0x0000000008009298       0xb6 c:/st/stm32cubeide_1.12.0/stm32cubeide/plugins/com.st.stm32cube.ide.mcu.externaltools.gnu-tools-for-stm32.10.3-2021.10.win32_1.0.200.202301161003/tools/bin/../lib/gcc/arm-none-eabi/10.3.1/../../../../arm-none-eabi/lib/thumb/v7e-m+fp/hard\libc_nano.a(lib_a-nano-svfprintf.o)
                0x0000000008009298                __ssputs_r
 *fill*         0x000000000800934e        0x2 
 .text._svfprintf_r
                0x0000000008009350      0x200 c:/st/stm32cubeide_1.12.0/stm32cubeide/plugins/com.st.stm32cube.ide.mcu.externaltools.gnu-tools-for-stm32.10.3-2021.10.win32_1.0.200.202301161003/tools/bin/../lib/gcc/arm-none-eabi/10.3.1/../../../../arm-none-eabi/lib/thumb/v7e-m+fp/hard\libc_nano.a(lib_a-nano-svfprintf.o)
                0x0000000008009350                _svfiprintf_r
                0x0000000008009350                _svfprintf_r
 .text._sungetc_r
                0x0000000008009550       0x7a c:/st/stm32cubeide_1.12.0/stm32cubeide/plugins/com.st.stm32cube.ide.mcu.externaltools.gnu-tools-for-stm32.10.3-2021.10.win32_1.0.200.202301161003/tools/bin/../lib/gcc/arm-none-eabi/10.3.1/../../../../arm-none-eabi/lib/thumb/v7e-m+fp/hard\libc_nano.a(lib_a-nano-svfscanf.o)
                0x0000000008009550                _sungetc_r
 .text.__ssrefill_r
                0x00000000080095ca       0x3a c:/st/stm32cubeide_1.12.0/stm32cubeide/plugins/com.st.stm32cube.ide.mcu.externaltools.gnu-tools-for-stm32.10.3-2021.10.win32_1.0.200.202301161003/tools/bin/../lib/gcc/arm-none-eabi/10.3.1/../../../../arm-none-eabi/lib/thumb/v7e-m+fp/hard\libc_nano.a(lib_a-nano-svfscanf.o)
                0x00000000080095ca                __ssrefill_r
 .text.__ssvfscanf_r
                0x0000000008009604      0x2f0 c:/st/stm32cubeide_1.12.0/stm32cubeide/plugins/com.st.stm32cube.ide.mcu.externaltools.gnu-tools-for-stm32.10.3-2021.10.win32_1.0.200.202301161003/tools/bin/../lib/gcc/arm-none-eabi/10.3.1/../../../../arm-none-eabi/lib/thumb/v7e-m+fp/hard\libc_nano.a(lib_a-nano-svfscanf.o)
                0x0000000008009604                __ssvfiscanf_r
                0x0000000008009604                __ssvfscanf_r
 .text._printf_common
                0x00000000080098f4       0xda c:/st/stm32cubeide_1.12.0/stm32cubeide/plugins/com.st.stm32cube.ide.mcu.externaltools.gnu-tools-for-stm32.10.3-2021.10.win32_1.0.200.202301161003/tools/bin/../lib/gcc/arm-none-eabi/10.3.1/../../../../arm-none-eabi/lib/thumb/v7e-m+fp/hard\libc_nano.a(lib_a-nano-vfprintf_i.o)
                0x00000000080098f4                _printf_common
 *fill*         0x00000000080099ce        0x2 
 .text._printf_i
                0x00000000080099d0      0x24c c:/st/stm32cubeide_1.12.0/stm32cubeide/plugins/com.st.stm32cube.ide.mcu.externaltools.gnu-tools-for-stm32.10.3-2021.10.win32_1.0.200.202301161003/tools/bin/../lib/gcc/arm-none-eabi/10.3.1/../../../../arm-none-eabi/lib/thumb/v7e-m+fp/hard\libc_nano.a(lib_a-nano-vfprintf_i.o)
                0x00000000080099d0                _printf_i
 .text._scanf_chars
                0x0000000008009c1c       0xb4 c:/st/stm32cubeide_1.12.0/stm32cubeide/plugins/com.st.stm32cube.ide.mcu.externaltools.gnu-tools-for-stm32.10.3-2021.10.win32_1.0.200.202301161003/tools/bin/../lib/gcc/arm-none-eabi/10.3.1/../../../../arm-none-eabi/lib/thumb/v7e-m+fp/hard\libc_nano.a(lib_a-nano-vfscanf_i.o)
                0x0000000008009c1c                _scanf_chars
 .text._scanf_i
                0x0000000008009cd0      0x1f0 c:/st/stm32cubeide_1.12.0/stm32cubeide/plugins/com.st.stm32cube.ide.mcu.externaltools.gnu-tools-for-stm32.10.3-2021.10.win32_1.0.200.202301161003/tools/bin/../lib/gcc/arm-none-eabi/10.3.1/../../../../arm-none-eabi/lib/thumb/v7e-m+fp/hard\libc_nano.a(lib_a-nano-vfscanf_i.o)
                0x0000000008009cd0                _scanf_i
 .text.__sccl   0x0000000008009ec0       0x70 c:/st/stm32cubeide_1.12.0/stm32cubeide/plugins/com.st.stm32cube.ide.mcu.externaltools.gnu-tools-for-stm32.10.3-2021.10.win32_1.0.200.202301161003/tools/bin/../lib/gcc/arm-none-eabi/10.3.1/../../../../arm-none-eabi/lib/thumb/v7e-m+fp/hard\libc_nano.a(lib_a-sccl.o)
                0x0000000008009ec0                __sccl
 .text._strtol_l.constprop.0
                0x0000000008009f30      0x104 c:/st/stm32cubeide_1.12.0/stm32cubeide/plugins/com.st.stm32cube.ide.mcu.externaltools.gnu-tools-for-stm32.10.3-2021.10.win32_1.0.200.202301161003/tools/bin/../lib/gcc/arm-none-eabi/10.3.1/../../../../arm-none-eabi/lib/thumb/v7e-m+fp/hard\libc_nano.a(lib_a-strtol.o)
 .text._strtol_r
                0x000000000800a034        0x4 c:/st/stm32cubeide_1.12.0/stm32cubeide/plugins/com.st.stm32cube.ide.mcu.externaltools.gnu-tools-for-stm32.10.3-2021.10.win32_1.0.200.202301161003/tools/bin/../lib/gcc/arm-none-eabi/10.3.1/../../../../arm-none-eabi/lib/thumb/v7e-m+fp/hard\libc_nano.a(lib_a-strtol.o)
                0x000000000800a034                _strtol_r
 .text._strtoul_l.constprop.0
                0x000000000800a038       0xe4 c:/st/stm32cubeide_1.12.0/stm32cubeide/plugins/com.st.stm32cube.ide.mcu.externaltools.gnu-tools-for-stm32.10.3-2021.10.win32_1.0.200.202301161003/tools/bin/../lib/gcc/arm-none-eabi/10.3.1/../../../../arm-none-eabi/lib/thumb/v7e-m+fp/hard\libc_nano.a(lib_a-strtoul.o)
 .text._strtoul_r
                0x000000000800a11c        0x4 c:/st/stm32cubeide_1.12.0/stm32cubeide/plugins/com.st.stm32cube.ide.mcu.externaltools.gnu-tools-for-stm32.10.3-2021.10.win32_1.0.200.202301161003/tools/bin/../lib/gcc/arm-none-eabi/10.3.1/../../../../arm-none-eabi/lib/thumb/v7e-m+fp/hard\libc_nano.a(lib_a-strtoul.o)
                0x000000000800a11c                _strtoul_r
 .text.__submore
                0x000000000800a120       0x74 c:/st/stm32cubeide_1.12.0/stm32cubeide/plugins/com.st.stm32cube.ide.mcu.externaltools.gnu-tools-for-stm32.10.3-2021.10.win32_1.0.200.202301161003/tools/bin/../lib/gcc/arm-none-eabi/10.3.1/../../../../arm-none-eabi/lib/thumb/v7e-m+fp/hard\libc_nano.a(lib_a-ungetc.o)
                0x000000000800a120                __submore
 .text.__retarget_lock_acquire_recursive
                0x000000000800a194        0x2 c:/st/stm32cubeide_1.12.0/stm32cubeide/plugins/com.st.stm32cube.ide.mcu.externaltools.gnu-tools-for-stm32.10.3-2021.10.win32_1.0.200.202301161003/tools/bin/../lib/gcc/arm-none-eabi/10.3.1/../../../../arm-none-eabi/lib/thumb/v7e-m+fp/hard\libc_nano.a(lib_a-lock.o)
                0x000000000800a194                __retarget_lock_acquire_recursive
 .text.__retarget_lock_release_recursive
                0x000000000800a196        0x2 c:/st/stm32cubeide_1.12.0/stm32cubeide/plugins/com.st.stm32cube.ide.mcu.externaltools.gnu-tools-for-stm32.10.3-2021.10.win32_1.0.200.202301161003/tools/bin/../lib/gcc/arm-none-eabi/10.3.1/../../../../arm-none-eabi/lib/thumb/v7e-m+fp/hard\libc_nano.a(lib_a-lock.o)
                0x000000000800a196                __retarget_lock_release_recursive
 .text.memmove  0x000000000800a198       0x34 c:/st/stm32cubeide_1.12.0/stm32cubeide/plugins/com.st.stm32cube.ide.mcu.externaltools.gnu-tools-for-stm32.10.3-2021.10.win32_1.0.200.202301161003/tools/bin/../lib/gcc/arm-none-eabi/10.3.1/../../../../arm-none-eabi/lib/thumb/v7e-m+fp/hard\libc_nano.a(lib_a-memmove.o)
                0x000000000800a198                memmove
 .text._free_r  0x000000000800a1cc       0x98 c:/st/stm32cubeide_1.12.0/stm32cubeide/plugins/com.st.stm32cube.ide.mcu.externaltools.gnu-tools-for-stm32.10.3-2021.10.win32_1.0.200.202301161003/tools/bin/../lib/gcc/arm-none-eabi/10.3.1/../../../../arm-none-eabi/lib/thumb/v7e-m+fp/hard\libc_nano.a(lib_a-nano-freer.o)
                0x000000000800a1cc                _free_r
 .text.sbrk_aligned
                0x000000000800a264       0x40 c:/st/stm32cubeide_1.12.0/stm32cubeide/plugins/com.st.stm32cube.ide.mcu.externaltools.gnu-tools-for-stm32.10.3-2021.10.win32_1.0.200.202301161003/tools/bin/../lib/gcc/arm-none-eabi/10.3.1/../../../../arm-none-eabi/lib/thumb/v7e-m+fp/hard\libc_nano.a(lib_a-nano-mallocr.o)
 .text._malloc_r
                0x000000000800a2a4       0xe8 c:/st/stm32cubeide_1.12.0/stm32cubeide/plugins/com.st.stm32cube.ide.mcu.externaltools.gnu-tools-for-stm32.10.3-2021.10.win32_1.0.200.202301161003/tools/bin/../lib/gcc/arm-none-eabi/10.3.1/../../../../arm-none-eabi/lib/thumb/v7e-m+fp/hard\libc_nano.a(lib_a-nano-mallocr.o)
                0x000000000800a2a4                _malloc_r
 .text._realloc_r
                0x000000000800a38c       0x5e c:/st/stm32cubeide_1.12.0/stm32cubeide/plugins/com.st.stm32cube.ide.mcu.externaltools.gnu-tools-for-stm32.10.3-2021.10.win32_1.0.200.202301161003/tools/bin/../lib/gcc/arm-none-eabi/10.3.1/../../../../arm-none-eabi/lib/thumb/v7e-m+fp/hard\libc_nano.a(lib_a-nano-reallocr.o)
                0x000000000800a38c                _realloc_r
 *fill*         0x000000000800a3ea        0x2 
 .text._sbrk_r  0x000000000800a3ec       0x20 c:/st/stm32cubeide_1.12.0/stm32cubeide/plugins/com.st.stm32cube.ide.mcu.externaltools.gnu-tools-for-stm32.10.3-2021.10.win32_1.0.200.202301161003/tools/bin/../lib/gcc/arm-none-eabi/10.3.1/../../../../arm-none-eabi/lib/thumb/v7e-m+fp/hard\libc_nano.a(lib_a-sbrkr.o)
                0x000000000800a3ec                _sbrk_r
 .text.__malloc_lock
                0x000000000800a40c        0xc c:/st/stm32cubeide_1.12.0/stm32cubeide/plugins/com.st.stm32cube.ide.mcu.externaltools.gnu-tools-for-stm32.10.3-2021.10.win32_1.0.200.202301161003/tools/bin/../lib/gcc/arm-none-eabi/10.3.1/../../../../arm-none-eabi/lib/thumb/v7e-m+fp/hard\libc_nano.a(lib_a-mlock.o)
                0x000000000800a40c                __malloc_lock
 .text.__malloc_unlock
                0x000000000800a418        0xc c:/st/stm32cubeide_1.12.0/stm32cubeide/plugins/com.st.stm32cube.ide.mcu.externaltools.gnu-tools-for-stm32.10.3-2021.10.win32_1.0.200.202301161003/tools/bin/../lib/gcc/arm-none-eabi/10.3.1/../../../../arm-none-eabi/lib/thumb/v7e-m+fp/hard\libc_nano.a(lib_a-mlock.o)
                0x000000000800a418                __malloc_unlock
 .text._malloc_usable_size_r
                0x000000000800a424       0x10 c:/st/stm32cubeide_1.12.0/stm32cubeide/plugins/com.st.stm32cube.ide.mcu.externaltools.gnu-tools-for-stm32.10.3-2021.10.win32_1.0.200.202301161003/tools/bin/../lib/gcc/arm-none-eabi/10.3.1/../../../../arm-none-eabi/lib/thumb/v7e-m+fp/hard\libc_nano.a(lib_a-nano-msizer.o)
                0x000000000800a424                _malloc_usable_size_r
 *(.glue_7)
 .glue_7        0x000000000800a434        0x0 linker stubs
 *(.glue_7t)
 .glue_7t       0x000000000800a434        0x0 linker stubs
 *(.eh_frame)
 .eh_frame      0x000000000800a434        0x0 c:/st/stm32cubeide_1.12.0/stm32cubeide/plugins/com.st.stm32cube.ide.mcu.externaltools.gnu-tools-for-stm32.10.3-2021.10.win32_1.0.200.202301161003/tools/bin/../lib/gcc/arm-none-eabi/10.3.1/thumb/v7e-m+fp/hard/crtbegin.o
 *(.init)
 .init          0x000000000800a434        0x4 c:/st/stm32cubeide_1.12.0/stm32cubeide/plugins/com.st.stm32cube.ide.mcu.externaltools.gnu-tools-for-stm32.10.3-2021.10.win32_1.0.200.202301161003/tools/bin/../lib/gcc/arm-none-eabi/10.3.1/thumb/v7e-m+fp/hard/crti.o
                0x000000000800a434                _init
 .init          0x000000000800a438        0x8 c:/st/stm32cubeide_1.12.0/stm32cubeide/plugins/com.st.stm32cube.ide.mcu.externaltools.gnu-tools-for-stm32.10.3-2021.10.win32_1.0.200.202301161003/tools/bin/../lib/gcc/arm-none-eabi/10.3.1/thumb/v7e-m+fp/hard/crtn.o
 *(.fini)
 .fini          0x000000000800a440        0x4 c:/st/stm32cubeide_1.12.0/stm32cubeide/plugins/com.st.stm32cube.ide.mcu.externaltools.gnu-tools-for-stm32.10.3-2021.10.win32_1.0.200.202301161003/tools/bin/../lib/gcc/arm-none-eabi/10.3.1/thumb/v7e-m+fp/hard/crti.o
                0x000000000800a440                _fini
 .fini          0x000000000800a444        0x8 c:/st/stm32cubeide_1.12.0/stm32cubeide/plugins/com.st.stm32cube.ide.mcu.externaltools.gnu-tools-for-stm32.10.3-2021.10.win32_1.0.200.202301161003/tools/bin/../lib/gcc/arm-none-eabi/10.3.1/thumb/v7e-m+fp/hard/crtn.o
                0x000000000800a44c                . = ALIGN (0x4)
                0x000000000800a44c                _etext = .

.vfp11_veneer   0x000000000800a44c        0x0
 .vfp11_veneer  0x000000000800a44c        0x0 linker stubs

.v4_bx          0x000000000800a44c        0x0
 .v4_bx         0x000000000800a44c        0x0 linker stubs

.iplt           0x000000000800a44c        0x0
 .iplt          0x000000000800a44c        0x0 c:/st/stm32cubeide_1.12.0/stm32cubeide/plugins/com.st.stm32cube.ide.mcu.externaltools.gnu-tools-for-stm32.10.3-2021.10.win32_1.0.200.202301161003/tools/bin/../lib/gcc/arm-none-eabi/10.3.1/thumb/v7e-m+fp/hard/crtbegin.o

.rodata         0x000000000800a44c      0xd30
                0x000000000800a44c                . = ALIGN (0x4)
 *(.rodata)
 .rodata        0x000000000800a44c      0x10b ./Core/Src/Src/usr_debug_tool.o
 *fill*         0x000000000800a557        0x1 
 .rodata        0x000000000800a558       0x4d ./Core/Src/Src/usr_log.o
 *fill*         0x000000000800a5a5        0x3 
 .rodata        0x000000000800a5a8      0x2e0 ./Core/Src/Src/usr_main.o
 .rodata        0x000000000800a888      0x254 ./Core/Src/Src/usr_rs485_main.o
 .rodata        0x000000000800aadc       0x37 ./Core/Src/Src/usr_uart.o
 *fill*         0x000000000800ab13        0x1 
 .rodata        0x000000000800ab14       0x92 ./Core/Src/main.o
 *fill*         0x000000000800aba6        0x2 
 .rodata        0x000000000800aba8        0x5 ./Middlewares/Third_Party/FreeRTOS/Source/tasks.o
 *fill*         0x000000000800abad        0x3 
 .rodata        0x000000000800abb0        0xd ./Middlewares/Third_Party/FreeRTOS/Source/timers.o
 *fill*         0x000000000800abbd        0x3 
 .rodata        0x000000000800abc0        0xc c:/st/stm32cubeide_1.12.0/stm32cubeide/plugins/com.st.stm32cube.ide.mcu.externaltools.gnu-tools-for-stm32.10.3-2021.10.win32_1.0.200.202301161003/tools/bin/../lib/gcc/arm-none-eabi/10.3.1/../../../../arm-none-eabi/lib/thumb/v7e-m+fp/hard\libc_nano.a(lib_a-nano-vfscanf_i.o)
 *(.rodata*)
 .rodata.com_list
                0x000000000800abcc       0x37 ./Core/Src/Src/usr_debug_tool.o
                0x000000000800abcc                com_list
 *fill*         0x000000000800ac03        0x1 
 .rodata.Deb_menue00
                0x000000000800ac04       0xd2 ./Core/Src/Src/usr_debug_tool.o
                0x000000000800ac04                Deb_menue00
 *fill*         0x000000000800acd6        0x2 
 .rodata.Deb_menue01
                0x000000000800acd8       0x78 ./Core/Src/Src/usr_debug_tool.o
                0x000000000800acd8                Deb_menue01
 .rodata.Deb_menue02
                0x000000000800ad50       0xf0 ./Core/Src/Src/usr_debug_tool.o
                0x000000000800ad50                Deb_menue02
 .rodata.Deb_menue03
                0x000000000800ae40       0x3c ./Core/Src/Src/usr_debug_tool.o
                0x000000000800ae40                Deb_menue03
 .rodata.MenueList
                0x000000000800ae7c       0x20 ./Core/Src/Src/usr_debug_tool.o
                0x000000000800ae7c                MenueList
 .rodata.com_start_text
                0x000000000800ae9c        0x8 ./Core/Src/Src/usr_rs485_main.o
                0x000000000800ae9c                com_start_text
 .rodata.message_end_text
                0x000000000800aea4        0x8 ./Core/Src/Src/usr_rs485_main.o
                0x000000000800aea4                message_end_text
 .rodata.com    0x000000000800aeac       0x21 ./Core/Src/Src/usr_rs485_main.o
                0x000000000800aeac                com
 *fill*         0x000000000800aecd        0x3 
 .rodata.UartList
                0x000000000800aed0       0x30 ./Core/Src/Src/usr_uart.o
                0x000000000800aed0                UartList
 .rodata.Task_main_attributes
                0x000000000800af00       0x24 ./Core/Src/main.o
                0x000000000800af00                Task_main_attributes
 .rodata.Task_sub1_attributes
                0x000000000800af24       0x24 ./Core/Src/main.o
                0x000000000800af24                Task_sub1_attributes
 .rodata.Task_sub2_attributes
                0x000000000800af48       0x24 ./Core/Src/main.o
                0x000000000800af48                Task_sub2_attributes
 .rodata.myQueue01_attributes
                0x000000000800af6c       0x18 ./Core/Src/main.o
                0x000000000800af6c                myQueue01_attributes
 .rodata.myQueue02_attributes
                0x000000000800af84       0x18 ./Core/Src/main.o
                0x000000000800af84                myQueue02_attributes
 .rodata.myQueue03_attributes
                0x000000000800af9c       0x18 ./Core/Src/main.o
                0x000000000800af9c                myQueue03_attributes
 .rodata.AHBPrescTable
                0x000000000800afb4       0x10 ./Core/Src/system_stm32f4xx.o
                0x000000000800afb4                AHBPrescTable
 .rodata.APBPrescTable
                0x000000000800afc4        0x8 ./Core/Src/system_stm32f4xx.o
                0x000000000800afc4                APBPrescTable
 .rodata._ctype_
                0x000000000800afcc      0x101 c:/st/stm32cubeide_1.12.0/stm32cubeide/plugins/com.st.stm32cube.ide.mcu.externaltools.gnu-tools-for-stm32.10.3-2021.10.win32_1.0.200.202301161003/tools/bin/../lib/gcc/arm-none-eabi/10.3.1/../../../../arm-none-eabi/lib/thumb/v7e-m+fp/hard\libc_nano.a(lib_a-ctype_.o)
                0x000000000800afcc                _ctype_
 .rodata._svfprintf_r.str1.1
                0x000000000800b0cd       0x11 c:/st/stm32cubeide_1.12.0/stm32cubeide/plugins/com.st.stm32cube.ide.mcu.externaltools.gnu-tools-for-stm32.10.3-2021.10.win32_1.0.200.202301161003/tools/bin/../lib/gcc/arm-none-eabi/10.3.1/../../../../arm-none-eabi/lib/thumb/v7e-m+fp/hard\libc_nano.a(lib_a-nano-svfprintf.o)
 .rodata.__ssvfscanf_r.str1.1
                0x000000000800b0de        0x4 c:/st/stm32cubeide_1.12.0/stm32cubeide/plugins/com.st.stm32cube.ide.mcu.externaltools.gnu-tools-for-stm32.10.3-2021.10.win32_1.0.200.202301161003/tools/bin/../lib/gcc/arm-none-eabi/10.3.1/../../../../arm-none-eabi/lib/thumb/v7e-m+fp/hard\libc_nano.a(lib_a-nano-svfscanf.o)
 .rodata._printf_i.str1.1
                0x000000000800b0de       0x22 c:/st/stm32cubeide_1.12.0/stm32cubeide/plugins/com.st.stm32cube.ide.mcu.externaltools.gnu-tools-for-stm32.10.3-2021.10.win32_1.0.200.202301161003/tools/bin/../lib/gcc/arm-none-eabi/10.3.1/../../../../arm-none-eabi/lib/thumb/v7e-m+fp/hard\libc_nano.a(lib_a-nano-vfprintf_i.o)
 .rodata.str1.1
                0x000000000800b100        0x9 c:/st/stm32cubeide_1.12.0/stm32cubeide/plugins/com.st.stm32cube.ide.mcu.externaltools.gnu-tools-for-stm32.10.3-2021.10.win32_1.0.200.202301161003/tools/bin/../lib/gcc/arm-none-eabi/10.3.1/../../../../arm-none-eabi/lib/thumb/v7e-m+fp/hard\libc_nano.a(lib_a-nano-vfscanf_i.o)
 .rodata._scanf_i.str1.1
                0x000000000800b109       0x12 c:/st/stm32cubeide_1.12.0/stm32cubeide/plugins/com.st.stm32cube.ide.mcu.externaltools.gnu-tools-for-stm32.10.3-2021.10.win32_1.0.200.202301161003/tools/bin/../lib/gcc/arm-none-eabi/10.3.1/../../../../arm-none-eabi/lib/thumb/v7e-m+fp/hard\libc_nano.a(lib_a-nano-vfscanf_i.o)
 *fill*         0x000000000800b11b        0x1 
 .rodata.__sf_fake_stderr
                0x000000000800b11c       0x20 c:/st/stm32cubeide_1.12.0/stm32cubeide/plugins/com.st.stm32cube.ide.mcu.externaltools.gnu-tools-for-stm32.10.3-2021.10.win32_1.0.200.202301161003/tools/bin/../lib/gcc/arm-none-eabi/10.3.1/../../../../arm-none-eabi/lib/thumb/v7e-m+fp/hard\libc_nano.a(lib_a-findfp.o)
                0x000000000800b11c                __sf_fake_stderr
 .rodata.__sf_fake_stdin
                0x000000000800b13c       0x20 c:/st/stm32cubeide_1.12.0/stm32cubeide/plugins/com.st.stm32cube.ide.mcu.externaltools.gnu-tools-for-stm32.10.3-2021.10.win32_1.0.200.202301161003/tools/bin/../lib/gcc/arm-none-eabi/10.3.1/../../../../arm-none-eabi/lib/thumb/v7e-m+fp/hard\libc_nano.a(lib_a-findfp.o)
                0x000000000800b13c                __sf_fake_stdin
 .rodata.__sf_fake_stdout
                0x000000000800b15c       0x20 c:/st/stm32cubeide_1.12.0/stm32cubeide/plugins/com.st.stm32cube.ide.mcu.externaltools.gnu-tools-for-stm32.10.3-2021.10.win32_1.0.200.202301161003/tools/bin/../lib/gcc/arm-none-eabi/10.3.1/../../../../arm-none-eabi/lib/thumb/v7e-m+fp/hard\libc_nano.a(lib_a-findfp.o)
                0x000000000800b15c                __sf_fake_stdout
                0x000000000800b17c                . = ALIGN (0x4)

.ARM.extab      0x000000000800b17c        0x0
                0x000000000800b17c                . = ALIGN (0x4)
 *(.ARM.extab* .gnu.linkonce.armextab.*)
                0x000000000800b17c                . = ALIGN (0x4)

.ARM            0x000000000800b17c        0x8
                0x000000000800b17c                . = ALIGN (0x4)
                0x000000000800b17c                __exidx_start = .
 *(.ARM.exidx*)
 .ARM.exidx     0x000000000800b17c        0x8 c:/st/stm32cubeide_1.12.0/stm32cubeide/plugins/com.st.stm32cube.ide.mcu.externaltools.gnu-tools-for-stm32.10.3-2021.10.win32_1.0.200.202301161003/tools/bin/../lib/gcc/arm-none-eabi/10.3.1/thumb/v7e-m+fp/hard\libgcc.a(_udivmoddi4.o)
                0x000000000800b184                __exidx_end = .
                0x000000000800b184                . = ALIGN (0x4)

.rel.dyn        0x000000000800b184        0x0
 .rel.iplt      0x000000000800b184        0x0 c:/st/stm32cubeide_1.12.0/stm32cubeide/plugins/com.st.stm32cube.ide.mcu.externaltools.gnu-tools-for-stm32.10.3-2021.10.win32_1.0.200.202301161003/tools/bin/../lib/gcc/arm-none-eabi/10.3.1/thumb/v7e-m+fp/hard/crtbegin.o

.preinit_array  0x000000000800b184        0x0
                0x000000000800b184                . = ALIGN (0x4)
                0x000000000800b184                PROVIDE (__preinit_array_start = .)
 *(.preinit_array*)
                0x000000000800b184                PROVIDE (__preinit_array_end = .)
                0x000000000800b184                . = ALIGN (0x4)

.init_array     0x000000000800b184        0x4
                0x000000000800b184                . = ALIGN (0x4)
                0x000000000800b184                PROVIDE (__init_array_start = .)
 *(SORT_BY_NAME(.init_array.*))
 *(.init_array*)
 .init_array    0x000000000800b184        0x4 c:/st/stm32cubeide_1.12.0/stm32cubeide/plugins/com.st.stm32cube.ide.mcu.externaltools.gnu-tools-for-stm32.10.3-2021.10.win32_1.0.200.202301161003/tools/bin/../lib/gcc/arm-none-eabi/10.3.1/thumb/v7e-m+fp/hard/crtbegin.o
                0x000000000800b188                PROVIDE (__init_array_end = .)
                0x000000000800b188                . = ALIGN (0x4)

.fini_array     0x000000000800b188        0x4
                0x000000000800b188                . = ALIGN (0x4)
                [!provide]                        PROVIDE (__fini_array_start = .)
 *(SORT_BY_NAME(.fini_array.*))
 *(.fini_array*)
 .fini_array    0x000000000800b188        0x4 c:/st/stm32cubeide_1.12.0/stm32cubeide/plugins/com.st.stm32cube.ide.mcu.externaltools.gnu-tools-for-stm32.10.3-2021.10.win32_1.0.200.202301161003/tools/bin/../lib/gcc/arm-none-eabi/10.3.1/thumb/v7e-m+fp/hard/crtbegin.o
                [!provide]                        PROVIDE (__fini_array_end = .)
                0x000000000800b18c                . = ALIGN (0x4)
                0x000000000800b18c                _sidata = LOADADDR (.data)

.data           0x0000000020000000       0x74 load address 0x000000000800b18c
                0x0000000020000000                . = ALIGN (0x4)
                0x0000000020000000                _sdata = .
 *(.data)
 *(.data*)
 .data.SystemCoreClock
                0x0000000020000000        0x4 ./Core/Src/system_stm32f4xx.o
                0x0000000020000000                SystemCoreClock
 .data.uwTickPrio
                0x0000000020000004        0x4 ./Drivers/STM32F4xx_HAL_Driver/Src/stm32f4xx_hal.o
                0x0000000020000004                uwTickPrio
 .data.uwTickFreq
                0x0000000020000008        0x1 ./Drivers/STM32F4xx_HAL_Driver/Src/stm32f4xx_hal.o
                0x0000000020000008                uwTickFreq
 *fill*         0x0000000020000009        0x3 
 .data.uxCriticalNesting
                0x000000002000000c        0x4 ./Middlewares/Third_Party/FreeRTOS/Source/portable/GCC/ARM_CM4F/port.o
 .data._impure_ptr
                0x0000000020000010        0x4 c:/st/stm32cubeide_1.12.0/stm32cubeide/plugins/com.st.stm32cube.ide.mcu.externaltools.gnu-tools-for-stm32.10.3-2021.10.win32_1.0.200.202301161003/tools/bin/../lib/gcc/arm-none-eabi/10.3.1/../../../../arm-none-eabi/lib/thumb/v7e-m+fp/hard\libc_nano.a(lib_a-impure.o)
                0x0000000020000010                _impure_ptr
 .data.impure_data
                0x0000000020000014       0x60 c:/st/stm32cubeide_1.12.0/stm32cubeide/plugins/com.st.stm32cube.ide.mcu.externaltools.gnu-tools-for-stm32.10.3-2021.10.win32_1.0.200.202301161003/tools/bin/../lib/gcc/arm-none-eabi/10.3.1/../../../../arm-none-eabi/lib/thumb/v7e-m+fp/hard\libc_nano.a(lib_a-impure.o)
 *(.RamFunc)
 *(.RamFunc*)
                0x0000000020000074                . = ALIGN (0x4)
                0x0000000020000074                _edata = .

.igot.plt       0x0000000020000074        0x0 load address 0x000000000800b200
 .igot.plt      0x0000000020000074        0x0 c:/st/stm32cubeide_1.12.0/stm32cubeide/plugins/com.st.stm32cube.ide.mcu.externaltools.gnu-tools-for-stm32.10.3-2021.10.win32_1.0.200.202301161003/tools/bin/../lib/gcc/arm-none-eabi/10.3.1/thumb/v7e-m+fp/hard/crtbegin.o
                0x0000000020000074                . = ALIGN (0x4)

.bss            0x0000000020000074     0x66ac load address 0x000000000800b200
                0x0000000020000074                _sbss = .
                0x0000000020000074                __bss_start__ = _sbss
 *(.bss)
 .bss           0x0000000020000074       0x1c c:/st/stm32cubeide_1.12.0/stm32cubeide/plugins/com.st.stm32cube.ide.mcu.externaltools.gnu-tools-for-stm32.10.3-2021.10.win32_1.0.200.202301161003/tools/bin/../lib/gcc/arm-none-eabi/10.3.1/thumb/v7e-m+fp/hard/crtbegin.o
 *(.bss*)
 .bss.input_pos
                0x0000000020000090        0x4 ./Core/Src/Src/usr_debug_tool.o
                0x0000000020000090                input_pos
 .bss.sk_mem_dump
                0x0000000020000094        0x4 ./Core/Src/Src/usr_debug_tool.o
                0x0000000020000094                sk_mem_dump
 .bss.input_char_step
                0x0000000020000098        0x1 ./Core/Src/Src/usr_debug_tool.o
                0x0000000020000098                input_char_step
 *fill*         0x0000000020000099        0x3 
 .bss.input_string
                0x000000002000009c       0x80 ./Core/Src/Src/usr_debug_tool.o
                0x000000002000009c                input_string
 .bss.dev_menue_type
                0x000000002000011c        0x1 ./Core/Src/Src/usr_debug_tool.o
                0x000000002000011c                dev_menue_type
 *fill*         0x000000002000011d        0x3 
 .bss.timer     0x0000000020000120       0x24 ./Core/Src/Src/usr_isr_callback.o
                0x0000000020000120                timer
 .bss.log       0x0000000020000144     0x1908 ./Core/Src/Src/usr_log.o
                0x0000000020000144                log
 .bss.task_chk_table
                0x0000000020001a4c       0x48 ./Core/Src/Src/usr_main.o
                0x0000000020001a4c                task_chk_table
 .bss.rcv_dt    0x0000000020001a94        0x2 ./Core/Src/Src/usr_rs485_main.o
                0x0000000020001a94                rcv_dt
 *fill*         0x0000000020001a96        0x2 
 .bss.rcvbuf    0x0000000020001a98       0x80 ./Core/Src/Src/usr_rs485_main.o
                0x0000000020001a98                rcvbuf
 .bss.work_buf  0x0000000020001b18       0x80 ./Core/Src/Src/usr_rs485_main.o
                0x0000000020001b18                work_buf
 .bss.rcvnum    0x0000000020001b98        0x1 ./Core/Src/Src/usr_rs485_main.o
                0x0000000020001b98                rcvnum
 .bss.rcv_wpt   0x0000000020001b99        0x1 ./Core/Src/Src/usr_rs485_main.o
                0x0000000020001b99                rcv_wpt
 .bss.rcv_rpt   0x0000000020001b9a        0x1 ./Core/Src/Src/usr_rs485_main.o
                0x0000000020001b9a                rcv_rpt
 *fill*         0x0000000020001b9b        0x1 
 .bss.Cmd_mesg  0x0000000020001b9c       0x22 ./Core/Src/Src/usr_rs485_main.o
                0x0000000020001b9c                Cmd_mesg
 *fill*         0x0000000020001bbe        0x2 
 .bss.Res_mesg  0x0000000020001bc0       0x22 ./Core/Src/Src/usr_rs485_main.o
                0x0000000020001bc0                Res_mesg
 *fill*         0x0000000020001be2        0x2 
 .bss.cmd_char  0x0000000020001be4       0x22 ./Core/Src/Src/usr_rs485_main.o
                0x0000000020001be4                cmd_char
 .bss.cmd_ptr   0x0000000020001c06        0x1 ./Core/Src/Src/usr_rs485_main.o
                0x0000000020001c06                cmd_ptr
 .bss.res_ptr   0x0000000020001c07        0x1 ./Core/Src/Src/usr_rs485_main.o
                0x0000000020001c07                res_ptr
 .bss.com_counter
                0x0000000020001c08        0x2 ./Core/Src/Src/usr_rs485_main.o
                0x0000000020001c08                com_counter
 .bss.com_step_flg
                0x0000000020001c0a        0x1 ./Core/Src/Src/usr_rs485_main.o
                0x0000000020001c0a                com_step_flg
 *fill*         0x0000000020001c0b        0x1 
 .bss.Sem_Printf
                0x0000000020001c0c        0x4 ./Core/Src/Src/usr_uart.o
                0x0000000020001c0c                Sem_Printf
 .bss.uart1_rcvbuf
                0x0000000020001c10        0x2 ./Core/Src/Src/usr_uart.o
                0x0000000020001c10                uart1_rcvbuf
 *fill*         0x0000000020001c12        0x2 
 .bss.uart2_rcvbuf
                0x0000000020001c14        0x2 ./Core/Src/Src/usr_uart.o
                0x0000000020001c14                uart2_rcvbuf
 *fill*         0x0000000020001c16        0x2 
 .bss.uart1_rcvflg
                0x0000000020001c18        0x4 ./Core/Src/Src/usr_uart.o
                0x0000000020001c18                uart1_rcvflg
 .bss.uart2_rcvflg
                0x0000000020001c1c        0x4 ./Core/Src/Src/usr_uart.o
                0x0000000020001c1c                uart2_rcvflg
 .bss.hrtc      0x0000000020001c20       0x20 ./Core/Src/main.o
                0x0000000020001c20                hrtc
 .bss.htim1     0x0000000020001c40       0x48 ./Core/Src/main.o
                0x0000000020001c40                htim1
 .bss.htim2     0x0000000020001c88       0x48 ./Core/Src/main.o
                0x0000000020001c88                htim2
 .bss.huart1    0x0000000020001cd0       0x44 ./Core/Src/main.o
                0x0000000020001cd0                huart1
 .bss.huart2    0x0000000020001d14       0x44 ./Core/Src/main.o
                0x0000000020001d14                huart2
 .bss.Task_mainHandle
                0x0000000020001d58        0x4 ./Core/Src/main.o
                0x0000000020001d58                Task_mainHandle
 .bss.Task_sub1Handle
                0x0000000020001d5c        0x4 ./Core/Src/main.o
                0x0000000020001d5c                Task_sub1Handle
 .bss.Task_sub2Handle
                0x0000000020001d60        0x4 ./Core/Src/main.o
                0x0000000020001d60                Task_sub2Handle
 .bss.myQueue01Handle
                0x0000000020001d64        0x4 ./Core/Src/main.o
                0x0000000020001d64                myQueue01Handle
 .bss.myQueue02Handle
                0x0000000020001d68        0x4 ./Core/Src/main.o
                0x0000000020001d68                myQueue02Handle
 .bss.myQueue03Handle
                0x0000000020001d6c        0x4 ./Core/Src/main.o
                0x0000000020001d6c                myQueue03Handle
 .bss.htim10    0x0000000020001d70       0x48 ./Core/Src/stm32f4xx_hal_timebase_tim.o
                0x0000000020001d70                htim10
 .bss.__sbrk_heap_end
                0x0000000020001db8        0x4 ./Core/Src/sysmem.o
 .bss.uwTick    0x0000000020001dbc        0x4 ./Drivers/STM32F4xx_HAL_Driver/Src/stm32f4xx_hal.o
                0x0000000020001dbc                uwTick
 .bss.KernelState
                0x0000000020001dc0        0x4 ./Middlewares/Third_Party/FreeRTOS/Source/CMSIS_RTOS_V2/cmsis_os2.o
 .bss.Idle_TCB.3
                0x0000000020001dc4       0x5c ./Middlewares/Third_Party/FreeRTOS/Source/CMSIS_RTOS_V2/cmsis_os2.o
 .bss.Idle_Stack.2
                0x0000000020001e20      0x200 ./Middlewares/Third_Party/FreeRTOS/Source/CMSIS_RTOS_V2/cmsis_os2.o
 .bss.Timer_TCB.1
                0x0000000020002020       0x5c ./Middlewares/Third_Party/FreeRTOS/Source/CMSIS_RTOS_V2/cmsis_os2.o
 .bss.Timer_Stack.0
                0x000000002000207c      0x400 ./Middlewares/Third_Party/FreeRTOS/Source/CMSIS_RTOS_V2/cmsis_os2.o
 .bss.xQueueRegistry
                0x000000002000247c       0x40 ./Middlewares/Third_Party/FreeRTOS/Source/queue.o
                0x000000002000247c                xQueueRegistry
 .bss.pxCurrentTCB
                0x00000000200024bc        0x4 ./Middlewares/Third_Party/FreeRTOS/Source/tasks.o
                0x00000000200024bc                pxCurrentTCB
 .bss.pxReadyTasksLists
                0x00000000200024c0      0x460 ./Middlewares/Third_Party/FreeRTOS/Source/tasks.o
 .bss.xDelayedTaskList1
                0x0000000020002920       0x14 ./Middlewares/Third_Party/FreeRTOS/Source/tasks.o
 .bss.xDelayedTaskList2
                0x0000000020002934       0x14 ./Middlewares/Third_Party/FreeRTOS/Source/tasks.o
 .bss.pxDelayedTaskList
                0x0000000020002948        0x4 ./Middlewares/Third_Party/FreeRTOS/Source/tasks.o
 .bss.pxOverflowDelayedTaskList
                0x000000002000294c        0x4 ./Middlewares/Third_Party/FreeRTOS/Source/tasks.o
 .bss.xPendingReadyList
                0x0000000020002950       0x14 ./Middlewares/Third_Party/FreeRTOS/Source/tasks.o
 .bss.xTasksWaitingTermination
                0x0000000020002964       0x14 ./Middlewares/Third_Party/FreeRTOS/Source/tasks.o
 .bss.uxDeletedTasksWaitingCleanUp
                0x0000000020002978        0x4 ./Middlewares/Third_Party/FreeRTOS/Source/tasks.o
 .bss.xSuspendedTaskList
                0x000000002000297c       0x14 ./Middlewares/Third_Party/FreeRTOS/Source/tasks.o
 .bss.uxCurrentNumberOfTasks
                0x0000000020002990        0x4 ./Middlewares/Third_Party/FreeRTOS/Source/tasks.o
 .bss.xTickCount
                0x0000000020002994        0x4 ./Middlewares/Third_Party/FreeRTOS/Source/tasks.o
 .bss.uxTopReadyPriority
                0x0000000020002998        0x4 ./Middlewares/Third_Party/FreeRTOS/Source/tasks.o
 .bss.xSchedulerRunning
                0x000000002000299c        0x4 ./Middlewares/Third_Party/FreeRTOS/Source/tasks.o
 .bss.xPendedTicks
                0x00000000200029a0        0x4 ./Middlewares/Third_Party/FreeRTOS/Source/tasks.o
 .bss.xYieldPending
                0x00000000200029a4        0x4 ./Middlewares/Third_Party/FreeRTOS/Source/tasks.o
 .bss.xNumOfOverflows
                0x00000000200029a8        0x4 ./Middlewares/Third_Party/FreeRTOS/Source/tasks.o
 .bss.uxTaskNumber
                0x00000000200029ac        0x4 ./Middlewares/Third_Party/FreeRTOS/Source/tasks.o
 .bss.xNextTaskUnblockTime
                0x00000000200029b0        0x4 ./Middlewares/Third_Party/FreeRTOS/Source/tasks.o
 .bss.xIdleTaskHandle
                0x00000000200029b4        0x4 ./Middlewares/Third_Party/FreeRTOS/Source/tasks.o
 .bss.uxSchedulerSuspended
                0x00000000200029b8        0x4 ./Middlewares/Third_Party/FreeRTOS/Source/tasks.o
 .bss.xActiveTimerList1
                0x00000000200029bc       0x14 ./Middlewares/Third_Party/FreeRTOS/Source/timers.o
 .bss.xActiveTimerList2
                0x00000000200029d0       0x14 ./Middlewares/Third_Party/FreeRTOS/Source/timers.o
 .bss.pxCurrentTimerList
                0x00000000200029e4        0x4 ./Middlewares/Third_Party/FreeRTOS/Source/timers.o
 .bss.pxOverflowTimerList
                0x00000000200029e8        0x4 ./Middlewares/Third_Party/FreeRTOS/Source/timers.o
 .bss.xTimerQueue
                0x00000000200029ec        0x4 ./Middlewares/Third_Party/FreeRTOS/Source/timers.o
 .bss.xTimerTaskHandle
                0x00000000200029f0        0x4 ./Middlewares/Third_Party/FreeRTOS/Source/timers.o
 .bss.xLastTime.2
                0x00000000200029f4        0x4 ./Middlewares/Third_Party/FreeRTOS/Source/timers.o
 .bss.ucStaticTimerQueueStorage.1
                0x00000000200029f8       0xa0 ./Middlewares/Third_Party/FreeRTOS/Source/timers.o
 .bss.xStaticTimerQueue.0
                0x0000000020002a98       0x50 ./Middlewares/Third_Party/FreeRTOS/Source/timers.o
 .bss.ucMaxSysCallPriority
                0x0000000020002ae8        0x1 ./Middlewares/Third_Party/FreeRTOS/Source/portable/GCC/ARM_CM4F/port.o
 *fill*         0x0000000020002ae9        0x3 
 .bss.ulMaxPRIGROUPValue
                0x0000000020002aec        0x4 ./Middlewares/Third_Party/FreeRTOS/Source/portable/GCC/ARM_CM4F/port.o
 .bss.ucHeap    0x0000000020002af0     0x3c00 ./Middlewares/Third_Party/FreeRTOS/Source/portable/MemMang/heap_4.o
 .bss.xStart    0x00000000200066f0        0x8 ./Middlewares/Third_Party/FreeRTOS/Source/portable/MemMang/heap_4.o
 .bss.pxEnd     0x00000000200066f8        0x4 ./Middlewares/Third_Party/FreeRTOS/Source/portable/MemMang/heap_4.o
 .bss.xFreeBytesRemaining
                0x00000000200066fc        0x4 ./Middlewares/Third_Party/FreeRTOS/Source/portable/MemMang/heap_4.o
 .bss.xMinimumEverFreeBytesRemaining
                0x0000000020006700        0x4 ./Middlewares/Third_Party/FreeRTOS/Source/portable/MemMang/heap_4.o
 .bss.xNumberOfSuccessfulAllocations
                0x0000000020006704        0x4 ./Middlewares/Third_Party/FreeRTOS/Source/portable/MemMang/heap_4.o
 .bss.xNumberOfSuccessfulFrees
                0x0000000020006708        0x4 ./Middlewares/Third_Party/FreeRTOS/Source/portable/MemMang/heap_4.o
 .bss.xBlockAllocatedBit
                0x000000002000670c        0x4 ./Middlewares/Third_Party/FreeRTOS/Source/portable/MemMang/heap_4.o
 .bss.errno     0x0000000020006710        0x4 c:/st/stm32cubeide_1.12.0/stm32cubeide/plugins/com.st.stm32cube.ide.mcu.externaltools.gnu-tools-for-stm32.10.3-2021.10.win32_1.0.200.202301161003/tools/bin/../lib/gcc/arm-none-eabi/10.3.1/../../../../arm-none-eabi/lib/thumb/v7e-m+fp/hard\libc_nano.a(lib_a-reent.o)
                0x0000000020006710                errno
 .bss.__lock___malloc_recursive_mutex