Archive member included to satisfy reference by file (symbol)

c:/st/stm32cubeide_1.12.0/stm32cubeide/plugins/com.st.stm32cube.ide.mcu.externaltools.gnu-tools-for-stm32.10.3-2021.10.win32_1.0.200.202301161003/tools/bin/../lib/gcc/arm-none-eabi/10.3.1/../../../../arm-none-eabi/lib/thumb/v7e-m+fp/hard\libc_nano.a(lib_a-errno.o)
                              ./Core/Src/syscalls.o (__errno)
c:/st/stm32cubeide_1.12.0/stm32cubeide/plugins/com.st.stm32cube.ide.mcu.externaltools.gnu-tools-for-stm32.10.3-2021.10.win32_1.0.200.202301161003/tools/bin/../lib/gcc/arm-none-eabi/10.3.1/../../../../arm-none-eabi/lib/thumb/v7e-m+fp/hard\libc_nano.a(lib_a-exit.o)
                              c:/st/stm32cubeide_1.12.0/stm32cubeide/plugins/com.st.stm32cube.ide.mcu.externaltools.gnu-tools-for-stm32.10.3-2021.10.win32_1.0.200.202301161003/tools/bin/../lib/gcc/arm-none-eabi/10.3.1/../../../../arm-none-eabi/lib/thumb/v7e-m+fp/hard/crt0.o (exit)
c:/st/stm32cubeide_1.12.0/stm32cubeide/plugins/com.st.stm32cube.ide.mcu.externaltools.gnu-tools-for-stm32.10.3-2021.10.win32_1.0.200.202301161003/tools/bin/../lib/gcc/arm-none-eabi/10.3.1/../../../../arm-none-eabi/lib/thumb/v7e-m+fp/hard\libc_nano.a(lib_a-impure.o)
                              c:/st/stm32cubeide_1.12.0/stm32cubeide/plugins/com.st.stm32cube.ide.mcu.externaltools.gnu-tools-for-stm32.10.3-2021.10.win32_1.0.200.202301161003/tools/bin/../lib/gcc/arm-none-eabi/10.3.1/../../../../arm-none-eabi/lib/thumb/v7e-m+fp/hard\libc_nano.a(lib_a-exit.o) (_global_impure_ptr)
c:/st/stm32cubeide_1.12.0/stm32cubeide/plugins/com.st.stm32cube.ide.mcu.externaltools.gnu-tools-for-stm32.10.3-2021.10.win32_1.0.200.202301161003/tools/bin/../lib/gcc/arm-none-eabi/10.3.1/../../../../arm-none-eabi/lib/thumb/v7e-m+fp/hard\libc_nano.a(lib_a-init.o)
                              c:/st/stm32cubeide_1.12.0/stm32cubeide/plugins/com.st.stm32cube.ide.mcu.externaltools.gnu-tools-for-stm32.10.3-2021.10.win32_1.0.200.202301161003/tools/bin/../lib/gcc/arm-none-eabi/10.3.1/../../../../arm-none-eabi/lib/thumb/v7e-m+fp/hard/crt0.o (__libc_init_array)
c:/st/stm32cubeide_1.12.0/stm32cubeide/plugins/com.st.stm32cube.ide.mcu.externaltools.gnu-tools-for-stm32.10.3-2021.10.win32_1.0.200.202301161003/tools/bin/../lib/gcc/arm-none-eabi/10.3.1/../../../../arm-none-eabi/lib/thumb/v7e-m+fp/hard\libc_nano.a(lib_a-isprint.o)
                              ./Core/Src/Src/usr_debug_tool.o (isprint)
c:/st/stm32cubeide_1.12.0/stm32cubeide/plugins/com.st.stm32cube.ide.mcu.externaltools.gnu-tools-for-stm32.10.3-2021.10.win32_1.0.200.202301161003/tools/bin/../lib/gcc/arm-none-eabi/10.3.1/../../../../arm-none-eabi/lib/thumb/v7e-m+fp/hard\libc_nano.a(lib_a-memcpy-stub.o)
                              ./Middlewares/Third_Party/FreeRTOS/Source/CMSIS_RTOS_V2/cmsis_os2.o (memcpy)
c:/st/stm32cubeide_1.12.0/stm32cubeide/plugins/com.st.stm32cube.ide.mcu.externaltools.gnu-tools-for-stm32.10.3-2021.10.win32_1.0.200.202301161003/tools/bin/../lib/gcc/arm-none-eabi/10.3.1/../../../../arm-none-eabi/lib/thumb/v7e-m+fp/hard\libc_nano.a(lib_a-memset.o)
                              c:/st/stm32cubeide_1.12.0/stm32cubeide/plugins/com.st.stm32cube.ide.mcu.externaltools.gnu-tools-for-stm32.10.3-2021.10.win32_1.0.200.202301161003/tools/bin/../lib/gcc/arm-none-eabi/10.3.1/../../../../arm-none-eabi/lib/thumb/v7e-m+fp/hard/crt0.o (memset)
c:/st/stm32cubeide_1.12.0/stm32cubeide/plugins/com.st.stm32cube.ide.mcu.externaltools.gnu-tools-for-stm32.10.3-2021.10.win32_1.0.200.202301161003/tools/bin/../lib/gcc/arm-none-eabi/10.3.1/../../../../arm-none-eabi/lib/thumb/v7e-m+fp/hard\libc_nano.a(lib_a-sscanf.o)
                              ./Core/Src/Src/usr_debug_tool.o (sscanf)
c:/st/stm32cubeide_1.12.0/stm32cubeide/plugins/com.st.stm32cube.ide.mcu.externaltools.gnu-tools-for-stm32.10.3-2021.10.win32_1.0.200.202301161003/tools/bin/../lib/gcc/arm-none-eabi/10.3.1/../../../../arm-none-eabi/lib/thumb/v7e-m+fp/hard\libc_nano.a(lib_a-stdio.o)
                              c:/st/stm32cubeide_1.12.0/stm32cubeide/plugins/com.st.stm32cube.ide.mcu.externaltools.gnu-tools-for-stm32.10.3-2021.10.win32_1.0.200.202301161003/tools/bin/../lib/gcc/arm-none-eabi/10.3.1/../../../../arm-none-eabi/lib/thumb/v7e-m+fp/hard\libc_nano.a(lib_a-sscanf.o) (__seofread)
c:/st/stm32cubeide_1.12.0/stm32cubeide/plugins/com.st.stm32cube.ide.mcu.externaltools.gnu-tools-for-stm32.10.3-2021.10.win32_1.0.200.202301161003/tools/bin/../lib/gcc/arm-none-eabi/10.3.1/../../../../arm-none-eabi/lib/thumb/v7e-m+fp/hard\libc_nano.a(lib_a-strcmp.o)
                              ./Core/Src/Src/usr_debug_tool.o (strcmp)
c:/st/stm32cubeide_1.12.0/stm32cubeide/plugins/com.st.stm32cube.ide.mcu.externaltools.gnu-tools-for-stm32.10.3-2021.10.win32_1.0.200.202301161003/tools/bin/../lib/gcc/arm-none-eabi/10.3.1/../../../../arm-none-eabi/lib/thumb/v7e-m+fp/hard\libc_nano.a(lib_a-strlen.o)
[...]
Memory Configuration

Name             Origin             Length             Attributes
RAM              0x0000000020000000 0x0000000000018000 xrw
FLASH            0x0000000008000000 0x0000000000080000 xr
*default*        0x0000000000000000 0xffffffffffffffff

Linker script and memory map

LOAD c:/st/stm32cubeide_1.12.0/stm32cubeide/plugins/com.st.stm32cube.ide.mcu.externaltools.gnu-tools-for-stm32.10.3-2021.10.win32_1.0.200.202301161003/tools/bin/../lib/gcc/arm-none-eabi/10.3.1/thumb/v7e-m+fp/hard/crti.o
LOAD c:/st/stm32cubeide_1.12.0/stm32cubeide/plugins/com.st.stm32cube.ide.mcu.externaltools.gnu-tools-for-stm32.10.3-2021.10.win32_1.0.200.202301161003/tools/bin/../lib/gcc/arm-none-eabi/10.3.1/thumb/v7e-m+fp/hard/crtbegin.o
LOAD c:/st/stm32cubeide_1.12.0/stm32cubeide/plugins/com.st.stm32cube.ide.mcu.externaltools.gnu-tools-for-stm32.10.3-2021.10.win32_1.0.200.202301161003/tools/bin/../lib/gcc/arm-none-eabi/10.3.1/../../../../arm-none-eabi/lib/thumb/v7e-m+fp/hard/crt0.o
LOAD ./Core/Src/Src/usr_debug_tool.o
LOAD ./Core/Src/Src/usr_isr_callback.o
LOAD ./Core/Src/Src/usr_log.o
LOAD ./Core/Src/Src/usr_main.o
LOAD ./Core/Src/Src/usr_rs485_main.o
LOAD ./Core/Src/Src/usr_uart.o
LOAD ./Core/Src/freertos.o
LOAD ./Core/Src/main.o
LOAD ./Core/Src/stm32f4xx_hal_msp.o
LOAD ./Core/Src/stm32f4xx_hal_timebase_tim.o
LOAD ./Core/Src/stm32f4xx_it.o
LOAD ./Core/Src/syscalls.o
LOAD ./Core/Src/sysmem.o
LOAD ./Core/Src/system_stm32f4xx.o
LOAD ./Core/Startup/startup_stm32f401retx.o
LOAD ./Drivers/STM32F4xx_HAL_Driver/Src/stm32f4xx_hal.o
LOAD ./Drivers/STM32F4xx_HAL_Driver/Src/stm32f4xx_hal_cortex.o
LOAD ./Drivers/STM32F4xx_HAL_Driver/Src/stm32f4xx_hal_dma.o
LOAD ./Drivers/STM32F4xx_HAL_Driver/Src/stm32f4xx_hal_dma_ex.o
LOAD ./Drivers/STM32F4xx_HAL_Driver/Src/stm32f4xx_hal_exti.o
LOAD ./Drivers/STM32F4xx_HAL_Driver/Src/stm32f4xx_hal_flash.o
LOAD ./Drivers/STM32F4xx_HAL_Driver/Src/stm32f4xx_hal_flash_ex.o
LOAD ./Drivers/STM32F4xx_HAL_Driver/Src/stm32f4xx_hal_flash_ramfunc.o
LOAD ./Drivers/STM32F4xx_HAL_Driver/Src/stm32f4xx_hal_gpio.o
LOAD ./Drivers/STM32F4xx_HAL_Driver/Src/stm32f4xx_hal_pwr.o
LOAD ./Drivers/STM32F4xx_HAL_Driver/Src/stm32f4xx_hal_pwr_ex.o
LOAD ./Drivers/STM32F4xx_HAL_Driver/Src/stm32f4xx_hal_rcc.o
LOAD ./Drivers/STM32F4xx_HAL_Driver/Src/stm32f4xx_hal_rcc_ex.o
LOAD ./Drivers/STM32F4xx_HAL_Driver/Src/stm32f4xx_hal_rtc.o
LOAD ./Drivers/STM32F4xx_HAL_Driver/Src/stm32f4xx_hal_rtc_ex.o
LOAD ./Drivers/STM32F4xx_HAL_Driver/Src/stm32f4xx_hal_tim.o
LOAD ./Drivers/STM32F4xx_HAL_Driver/Src/stm32f4xx_hal_tim_ex.o
LOAD ./Drivers/STM32F4xx_HAL_Driver/Src/stm32f4xx_hal_uart.o
LOAD ./Middlewares/Third_Party/FreeRTOS/Source/CMSIS_RTOS_V2/cmsis_os2.o
LOAD ./Middlewares/Third_Party/FreeRTOS/Source/croutine.o
LOAD ./Middlewares/Third_Party/FreeRTOS/Source/event_groups.o
LOAD ./Middlewares/Third_Party/FreeRTOS/Source/list.o
LOAD ./Middlewares/Third_Party/FreeRTOS/Source/queue.o
LOAD ./Middlewares/Third_Party/FreeRTOS/Source/stream_buffer.o
LOAD ./Middlewares/Third_Party/FreeRTOS/Source/tasks.o
LOAD ./Middlewares/Third_Party/FreeRTOS/Source/timers.o
LOAD ./Middlewares/Third_Party/FreeRTOS/Source/portable/GCC/ARM_CM4F/port.o
LOAD ./Middlewares/Third_Party/FreeRTOS/Source/portable/MemMang/heap_4.o
START GROUP
LOAD c:/st/stm32cubeide_1.12.0/stm32cubeide/plugins/com.st.stm32cube.ide.mcu.externaltools.gnu-tools-for-stm32.10.3-2021.10.win32_1.0.200.202301161003/tools/bin/../lib/gcc/arm-none-eabi/10.3.1/../../../../arm-none-eabi/lib/thumb/v7e-m+fp/hard\libc_nano.a
LOAD c:/st/stm32cubeide_1.12.0/stm32cubeide/plugins/com.st.stm32cube.ide.mcu.externaltools.gnu-tools-for-stm32.10.3-2021.10.win32_1.0.200.202301161003/tools/bin/../lib/gcc/arm-none-eabi/10.3.1/../../../../arm-none-eabi/lib/thumb/v7e-m+fp/hard\libm.a
END GROUP
START GROUP
LOAD c:/st/stm32cubeide_1.12.0/stm32cubeide/plugins/com.st.stm32cube.ide.mcu.externaltools.gnu-tools-for-stm32.10.3-2021.10.win32_1.0.200.202301161003/tools/bin/../lib/gcc/arm-none-eabi/10.3.1/thumb/v7e-m+fp/hard\libgcc.a
LOAD c:/st/stm32cubeide_1.12.0/stm32cubeide/plugins/com.st.stm32cube.ide.mcu.externaltools.gnu-tools-for-stm32.10.3-2021.10.win32_1.0.200.202301161003/tools/bin/../lib/gcc/arm-none-eabi/10.3.1/../../../../arm-none-eabi/lib/thumb/v7e-m+fp/hard\libc_nano.a
END GROUP
START GROUP
LOAD c:/st/stm32cubeide_1.12.0/stm32cubeide/plugins/com.st.stm32cube.ide.mcu.externaltools.gnu-tools-for-stm32.10.3-2021.10.win32_1.0.200.202301161003/tools/bin/../lib/gcc/arm-none-eabi/10.3.1/thumb/v7e-m+fp/hard\libgcc.a
LOAD c:/st/stm32cubeide_1.12.0/stm32cubeide/plugins/com.st.stm32cube.ide.mcu.externaltools.gnu-tools-for-stm32.10.3-2021.10.win32_1.0.200.202301161003/tools/bin/../lib/gcc/arm-none-eabi/10.3.1/../../../../arm-none-eabi/lib/thumb/v7e-m+fp/hard\libc_nano.a
LOAD c:/st/stm32cubeide_1.12.0/stm32cubeide/plugins/com.st.stm32cube.ide.mcu.externaltools.gnu-tools-for-stm32.10.3-2021.10.win32_1.0.200.202301161003/tools/bin/../lib/gcc/arm-none-eabi/10.3.1/../../../../arm-none-eabi/lib/thumb/v7e-m+fp/hard\libnosys.a
END GROUP
START GROUP
LOAD c:/st/stm32cubeide_1.12.0/stm32cubeide/plugins/com.st.stm32cube.ide.mcu.externaltools.gnu-tools-for-stm32.10.3-2021.10.win32_1.0.200.202301161003/tools/bin/../lib/gcc/arm-none-eabi/10.3.1/thumb/v7e-m+fp/hard\libgcc.a
LOAD c:/st/stm32cubeide_1.12.0/stm32cubeide/plugins/com.st.stm32cube.ide.mcu.externaltools.gnu-tools-for-stm32.10.3-2021.10.win32_1.0.200.202301161003/tools/bin/../lib/gcc/arm-none-eabi/10.3.1/../../../../arm-none-eabi/lib/thumb/v7e-m+fp/hard\libc_nano.a
LOAD c:/st/stm32cubeide_1.12.0/stm32cubeide/plugins/com.st.stm32cube.ide.mcu.externaltools.gnu-tools-for-stm32.10.3-2021.10.win32_1.0.200.202301161003/tools/bin/../lib/gcc/arm-none-eabi/10.3.1/../../../../arm-none-eabi/lib/thumb/v7e-m+fp/hard\libnosys.a
END GROUP
LOAD c:/st/stm32cubeide_1.12.0/stm32cubeide/plugins/com.st.stm32cube.ide.mcu.externaltools.gnu-tools-for-stm32.10.3-2021.10.win32_1.0.200.202301161003/tools/bin/../lib/gcc/arm-none-eabi/10.3.1/thumb/v7e-m+fp/hard/crtend.o
LOAD c:/st/stm32cubeide_1.12.0/stm32cubeide/plugins/com.st.stm32cube.ide.mcu.externaltools.gnu-tools-for-stm32.10.3-2021.10.win32_1.0.200.202301161003/tools/bin/../lib/gcc/arm-none-eabi/10.3.1/thumb/v7e-m+fp/hard/crtn.o
                0x0000000020018000                _estack = (ORIGIN (RAM) + LENGTH (RAM))
                0x0000000000000200                _Min_Heap_Size = 0x200
                0x0000000000000400                _Min_Stack_Size = 0x400

.isr_vector     0x0000000008000000      0x194
                0x0000000008000000                . = ALIGN (0x4)
 *(.isr_vector)
 .isr_vector    0x0000000008000000      0x194 ./Core/Startup/startup_stm32f401retx.o
                0x0000000008000000                g_pfnVectors
                0x0000000008000194                . = ALIGN (0x4)

.text           0x00000000080001a0     0x9d3c
                0x00000000080001a0                . = ALIGN (0x4)
 *(.text)
 .text          0x00000000080001a0       0x40 c:/st/stm32cubeide_1.12.0/stm32cubeide/plugins/com.st.stm32cube.ide.mcu.externaltools.gnu-tools-for-stm32.10.3-2021.10.win32_1.0.200.202301161003/tools/bin/../lib/gcc/arm-none-eabi/10.3.1/thumb/v7e-m+fp/hard/crtbegin.o
 .text          0x00000000080001e0       0x14 c:/st/stm32cubeide_1.12.0/stm32cubeide/plugins/com.st.stm32cube.ide.mcu.externaltools.gnu-tools-for-stm32.10.3-2021.10.win32_1.0.200.202301161003/tools/bin/../lib/gcc/arm-none-eabi/10.3.1/../../../../arm-none-eabi/lib/thumb/v7e-m+fp/hard\libc_nano.a(lib_a-strcmp.o)
                0x00000000080001e0                strcmp
 .text          0x00000000080001f4       0x10 c:/st/stm32cubeide_1.12.0/stm32cubeide/plugins/com.st.stm32cube.ide.mcu.externaltools.gnu-tools-for-stm32.10.3-2021.10.win32_1.0.200.202301161003/tools/bin/../lib/gcc/arm-none-eabi/10.3.1/../../../../arm-none-eabi/lib/thumb/v7e-m+fp/hard\libc_nano.a(lib_a-strlen.o)
                0x00000000080001f4                strlen
 *fill*         0x0000000008000204        0xc 
 .text          0x0000000008000210       0xa0 c:/st/stm32cubeide_1.12.0/stm32cubeide/plugins/com.st.stm32cube.ide.mcu.externaltools.gnu-tools-for-stm32.10.3-2021.10.win32_1.0.200.202301161003/tools/bin/../lib/gcc/arm-none-eabi/10.3.1/../../../../arm-none-eabi/lib/thumb/v7e-m+fp/hard\libc_nano.a(lib_a-memchr.o)
                0x0000000008000210                memchr
 .text          0x00000000080002b0       0x30 c:/st/stm32cubeide_1.12.0/stm32cubeide/plugins/com.st.stm32cube.ide.mcu.externaltools.gnu-tools-for-stm32.10.3-2021.10.win32_1.0.200.202301161003/tools/bin/../lib/gcc/arm-none-eabi/10.3.1/thumb/v7e-m+fp/hard\libgcc.a(_aeabi_uldivmod.o)
                0x00000000080002b0                __aeabi_uldivmod
 .text          0x00000000080002e0      0x2d0 c:/st/stm32cubeide_1.12.0/stm32cubeide/plugins/com.st.stm32cube.ide.mcu.externaltools.gnu-tools-for-stm32.10.3-2021.10.win32_1.0.200.202301161003/tools/bin/../lib/gcc/arm-none-eabi/10.3.1/thumb/v7e-m+fp/hard\libgcc.a(_udivmoddi4.o)
                0x00000000080002e0                __udivmoddi4
 .text          0x00000000080005b0        0x4 c:/st/stm32cubeide_1.12.0/stm32cubeide/plugins/com.st.stm32cube.ide.mcu.externaltools.gnu-tools-for-stm32.10.3-2021.10.win32_1.0.200.202301161003/tools/bin/../lib/gcc/arm-none-eabi/10.3.1/thumb/v7e-m+fp/hard\libgcc.a(_dvmd_tls.o)
                0x00000000080005b0                __aeabi_idiv0
                0x00000000080005b0                __aeabi_ldiv0
 *(.text*)
 .text.debu_main
                0x00000000080005b4       0x70 ./Core/Src/Src/usr_debug_tool.o
                0x00000000080005b4                debu_main
 .text.DispMenue
                0x0000000008000624       0x68 ./Core/Src/Src/usr_debug_tool.o
                0x0000000008000624                DispMenue
 .text.DBmanue_prompt
                0x000000000800068c       0x4c ./Core/Src/Src/usr_debug_tool.o
                0x000000000800068c                DBmanue_prompt
 .text.DBmanue_log
                0x00000000080006d8       0xe4 ./Core/Src/Src/usr_debug_tool.o
                0x00000000080006d8                DBmanue_log
 .text.DBmanue_rs485
                0x00000000080007bc       0xc4 ./Core/Src/Src/usr_debug_tool.o
                0x00000000080007bc                DBmanue_rs485
 .text.DBmanue_memdump
                0x0000000008000880      0x1f0 ./Core/Src/Src/usr_debug_tool.o
                0x0000000008000880                DBmanue_memdump
 .text.DBmanue_mem_input
                0x0000000008000a70       0xc0 ./Core/Src/Src/usr_debug_tool.o
                0x0000000008000a70                DBmanue_mem_input
 .text.hex_dmp  0x0000000008000b30      0x1a8 ./Core/Src/Src/usr_debug_tool.o
                0x0000000008000b30                hex_dmp
 .text.input2menu
                0x0000000008000cd8       0x74 ./Core/Src/Src/usr_debug_tool.o
                0x0000000008000cd8                input2menu
 .text.command_split
                0x0000000008000d4c      0x194 ./Core/Src/Src/usr_debug_tool.o
                0x0000000008000d4c                command_split
 .text.read_line_streem
                0x0000000008000ee0       0xe0 ./Core/Src/Src/usr_debug_tool.o
                0x0000000008000ee0                read_line_streem
 .text.HAL_RTCEx_WakeUpTimerEventCallback
                0x0000000008000fc0       0xbc ./Core/Src/Src/usr_isr_callback.o
                0x0000000008000fc0                HAL_RTCEx_WakeUpTimerEventCallback
 .text.usr_isr_tim1_up
                0x000000000800107c       0x1c ./Core/Src/Src/usr_isr_callback.o
                0x000000000800107c                usr_isr_tim1_up
 .text.Set_logflg
                0x0000000008001098       0x34 ./Core/Src/Src/usr_log.o
                0x0000000008001098                Set_logflg
 .text.LogInfo_display
                0x00000000080010cc      0x150 ./Core/Src/Src/usr_log.o
                0x00000000080010cc                LogInfo_display
 .text.LogInfo_clear
                0x000000000800121c       0x28 ./Core/Src/Src/usr_log.o
                0x000000000800121c                LogInfo_clear
 .text.task_chk_init
                0x0000000008001244      0x1cc ./Core/Src/Src/usr_main.o
                0x0000000008001244                task_chk_init
 .text.task_stack_chk
                0x0000000008001410       0xdc ./Core/Src/Src/usr_main.o
                0x0000000008001410                task_stack_chk
 .text.Disp_task_info
                0x00000000080014ec      0x13c ./Core/Src/Src/usr_main.o
                0x00000000080014ec                Disp_task_info
 .text.Get_task_stackptr
                0x0000000008001628       0xa8 ./Core/Src/Src/usr_main.o
                0x0000000008001628                Get_task_stackptr
 .text.user_init
                0x00000000080016d0       0x6c ./Core/Src/Src/usr_main.o
                0x00000000080016d0                user_init
 .text.rtc_display
                0x000000000800173c       0x80 ./Core/Src/Src/usr_main.o
                0x000000000800173c                rtc_display
 .text.rs485_com_task
                0x00000000080017bc      0x114 ./Core/Src/Src/usr_rs485_main.o
                0x00000000080017bc                rs485_com_task
 .text.Rcv_rx485_message
                0x00000000080018d0      0x270 ./Core/Src/Src/usr_rs485_main.o
                0x00000000080018d0                Rcv_rx485_message
 .text.Send_rx485_cmd_message
                0x0000000008001b40      0x208 ./Core/Src/Src/usr_rs485_main.o
                0x0000000008001b40                Send_rx485_cmd_message
 .text.Send_rs485
                0x0000000008001d48       0x6c ./Core/Src/Src/usr_uart.o
                0x0000000008001d48                Send_rs485
 .text.Recive_rs485
                0x0000000008001db4       0x5c ./Core/Src/Src/usr_uart.o
                0x0000000008001db4                Recive_rs485
 .text.Get_rs485_rcvflg
                0x0000000008001e10       0x18 ./Core/Src/Src/usr_uart.o
                0x0000000008001e10                Get_rs485_rcvflg
 .text.Set_rs485_rcvflg
                0x0000000008001e28       0x20 ./Core/Src/Src/usr_uart.o
                0x0000000008001e28                Set_rs485_rcvflg
 .text.HAL_UART_RxCpltCallback
                0x0000000008001e48       0x38 ./Core/Src/Src/usr_uart.o
                0x0000000008001e48                HAL_UART_RxCpltCallback
 .text.uart_Rcv_init
                0x0000000008001e80       0x78 ./Core/Src/Src/usr_uart.o
                0x0000000008001e80                uart_Rcv_init
 .text.SKprintf_uart1
                0x0000000008001ef8       0x90 ./Core/Src/Src/usr_uart.o
                0x0000000008001ef8                SKprintf_uart1
 .text.SKprintf
                0x0000000008001f88       0x90 ./Core/Src/Src/usr_uart.o
                0x0000000008001f88                SKprintf
 .text.getch    0x0000000008002018       0x68 ./Core/Src/Src/usr_uart.o
                0x0000000008002018                getch
 .text.main     0x0000000008002080       0xd8 ./Core/Src/main.o
                0x0000000008002080                main
 .text.SystemClock_Config
                0x0000000008002158       0xdc ./Core/Src/main.o
                0x0000000008002158                SystemClock_Config
 .text.MX_RTC_Init
                0x0000000008002234      0x144 ./Core/Src/main.o
 .text.MX_TIM1_Init
                0x0000000008002378       0xa8 ./Core/Src/main.o
 .text.MX_TIM2_Init
                0x0000000008002420       0x9c ./Core/Src/main.o
 .text.MX_USART1_UART_Init
                0x00000000080024bc       0x54 ./Core/Src/main.o
 .text.MX_USART2_UART_Init
                0x0000000008002510       0x54 ./Core/Src/main.o
 .text.MX_GPIO_Init
                0x0000000008002564      0x104 ./Core/Src/main.o
 .text.StartDefaultTask
                0x0000000008002668       0x10 ./Core/Src/main.o
                0x0000000008002668                StartDefaultTask
 .text.StartTask02
                0x0000000008002678       0x38 ./Core/Src/main.o
                0x0000000008002678                StartTask02
 .text.StartTask03
                0x00000000080026b0       0x18 ./Core/Src/main.o
                0x00000000080026b0                StartTask03
 .text.HAL_TIM_PeriodElapsedCallback
                0x00000000080026c8       0x24 ./Core/Src/main.o
                0x00000000080026c8                HAL_TIM_PeriodElapsedCallback
 .text.Error_Handler
                0x00000000080026ec        0xa ./Core/Src/main.o
                0x00000000080026ec                Error_Handler
 *fill*         0x00000000080026f6        0x2 
 .text.HAL_MspInit
                0x00000000080026f8       0x58 ./Core/Src/stm32f4xx_hal_msp.o
                0x00000000080026f8                HAL_MspInit
 .text.HAL_RTC_MspInit
                0x0000000008002750       0x68 ./Core/Src/stm32f4xx_hal_msp.o
                0x0000000008002750                HAL_RTC_MspInit
 .text.HAL_TIM_Base_MspInit
                0x00000000080027b8       0x88 ./Core/Src/stm32f4xx_hal_msp.o
                0x00000000080027b8                HAL_TIM_Base_MspInit
 .text.HAL_UART_MspInit
                0x0000000008002840      0x118 ./Core/Src/stm32f4xx_hal_msp.o
                0x0000000008002840                HAL_UART_MspInit
 .text.HAL_InitTick
                0x0000000008002958       0xe4 ./Core/Src/stm32f4xx_hal_timebase_tim.o
                0x0000000008002958                HAL_InitTick
 .text.NMI_Handler
                0x0000000008002a3c        0x6 ./Core/Src/stm32f4xx_it.o
                0x0000000008002a3c                NMI_Handler
 .text.HardFault_Handler
                0x0000000008002a42        0x6 ./Core/Src/stm32f4xx_it.o
                0x0000000008002a42                HardFault_Handler
 .text.MemManage_Handler
                0x0000000008002a48        0x6 ./Core/Src/stm32f4xx_it.o
                0x0000000008002a48                MemManage_Handler
 .text.BusFault_Handler
                0x0000000008002a4e        0x6 ./Core/Src/stm32f4xx_it.o
                0x0000000008002a4e                BusFault_Handler
 .text.UsageFault_Handler
                0x0000000008002a54        0x6 ./Core/Src/stm32f4xx_it.o
                0x0000000008002a54                UsageFault_Handler
 .text.DebugMon_Handler
                0x0000000008002a5a        0xe ./Core/Src/stm32f4xx_it.o
                0x0000000008002a5a                DebugMon_Handler
 .text.RTC_WKUP_IRQHandler
                0x0000000008002a68       0x14 ./Core/Src/stm32f4xx_it.o
                0x0000000008002a68                RTC_WKUP_IRQHandler
 .text.TIM1_UP_TIM10_IRQHandler
                0x0000000008002a7c       0x1c ./Core/Src/stm32f4xx_it.o
                0x0000000008002a7c                TIM1_UP_TIM10_IRQHandler
 .text.TIM2_IRQHandler
                0x0000000008002a98       0x18 ./Core/Src/stm32f4xx_it.o
                0x0000000008002a98                TIM2_IRQHandler
 .text.USART1_IRQHandler
                0x0000000008002ab0       0x14 ./Core/Src/stm32f4xx_it.o
                0x0000000008002ab0                USART1_IRQHandler
 .text.USART2_IRQHandler
                0x0000000008002ac4       0x14 ./Core/Src/stm32f4xx_it.o
                0x0000000008002ac4                USART2_IRQHandler
 .text._sbrk    0x0000000008002ad8       0x6c ./Core/Src/sysmem.o
                0x0000000008002ad8                _sbrk
 .text.SystemInit
                0x0000000008002b44       0x24 ./Core/Src/system_stm32f4xx.o
                0x0000000008002b44                SystemInit
 .text.Reset_Handler
                0x0000000008002b68       0x50 ./Core/Startup/startup_stm32f401retx.o
                0x0000000008002b68                Reset_Handler
 .text.Default_Handler
                0x0000000008002bb8        0x2 ./Core/Startup/startup_stm32f401retx.o
                0x0000000008002bb8                RTC_Alarm_IRQHandler
                0x0000000008002bb8                EXTI2_IRQHandler
                0x0000000008002bb8                SPI4_IRQHandler
                0x0000000008002bb8                TIM1_CC_IRQHandler
                0x0000000008002bb8                DMA2_Stream5_IRQHandler
                0x0000000008002bb8                DMA1_Stream5_IRQHandler
                0x0000000008002bb8                PVD_IRQHandler
                0x0000000008002bb8                SDIO_IRQHandler
                0x0000000008002bb8                TAMP_STAMP_IRQHandler
                0x0000000008002bb8                EXTI3_IRQHandler
                0x0000000008002bb8                I2C3_ER_IRQHandler
                0x0000000008002bb8                EXTI0_IRQHandler
                0x0000000008002bb8                I2C2_EV_IRQHandler
                0x0000000008002bb8                DMA1_Stream2_IRQHandler
                0x0000000008002bb8                FPU_IRQHandler
                0x0000000008002bb8                DMA2_Stream2_IRQHandler
                0x0000000008002bb8                SPI1_IRQHandler
                0x0000000008002bb8                TIM1_BRK_TIM9_IRQHandler
                0x0000000008002bb8                DMA2_Stream3_IRQHandler
                0x0000000008002bb8                USART6_IRQHandler
                0x0000000008002bb8                DMA2_Stream0_IRQHandler
                0x0000000008002bb8                TIM4_IRQHandler
                0x0000000008002bb8                I2C1_EV_IRQHandler
                0x0000000008002bb8                DMA1_Stream6_IRQHandler
                0x0000000008002bb8                DMA1_Stream1_IRQHandler
                0x0000000008002bb8                TIM3_IRQHandler
                0x0000000008002bb8                RCC_IRQHandler
                0x0000000008002bb8                Default_Handler
                0x0000000008002bb8                EXTI15_10_IRQHandler
                0x0000000008002bb8                ADC_IRQHandler
                0x0000000008002bb8                DMA1_Stream7_IRQHandler
                0x0000000008002bb8                TIM5_IRQHandler
                0x0000000008002bb8                DMA2_Stream7_IRQHandler
                0x0000000008002bb8                I2C3_EV_IRQHandler
                0x0000000008002bb8                EXTI9_5_IRQHandler
                0x0000000008002bb8                SPI2_IRQHandler
                0x0000000008002bb8                DMA1_Stream0_IRQHandler
                0x0000000008002bb8                EXTI4_IRQHandler
                0x0000000008002bb8                WWDG_IRQHandler
                0x0000000008002bb8                OTG_FS_WKUP_IRQHandler
                0x0000000008002bb8                TIM1_TRG_COM_TIM11_IRQHandler
                0x0000000008002bb8                EXTI1_IRQHandler
                0x0000000008002bb8                I2C2_ER_IRQHandler
                0x0000000008002bb8                DMA2_Stream1_IRQHandler
                0x0000000008002bb8                FLASH_IRQHandler
                0x0000000008002bb8                DMA2_Stream4_IRQHandler
                0x0000000008002bb8                OTG_FS_IRQHandler
                0x0000000008002bb8                SPI3_IRQHandler
                0x0000000008002bb8                DMA1_Stream4_IRQHandler
                0x0000000008002bb8                I2C1_ER_IRQHandler
                0x0000000008002bb8                DMA2_Stream6_IRQHandler
                0x0000000008002bb8                DMA1_Stream3_IRQHandler
 *fill*         0x0000000008002bba        0x2 
 .text.HAL_Init
                0x0000000008002bbc       0x44 ./Drivers/STM32F4xx_HAL_Driver/Src/stm32f4xx_hal.o
                0x0000000008002bbc                HAL_Init
 .text.HAL_IncTick
                0x0000000008002c00       0x28 ./Drivers/STM32F4xx_HAL_Driver/Src/stm32f4xx_hal.o
                0x0000000008002c00                HAL_IncTick
 .text.HAL_GetTick
                0x0000000008002c28       0x18 ./Drivers/STM32F4xx_HAL_Driver/Src/stm32f4xx_hal.o
                0x0000000008002c28                HAL_GetTick
 .text.__NVIC_SetPriorityGrouping
                0x0000000008002c40       0x48 ./Drivers/STM32F4xx_HAL_Driver/Src/stm32f4xx_hal_cortex.o
 .text.__NVIC_GetPriorityGrouping
                0x0000000008002c88       0x1c ./Drivers/STM32F4xx_HAL_Driver/Src/stm32f4xx_hal_cortex.o
 .text.__NVIC_EnableIRQ
                0x0000000008002ca4       0x3c ./Drivers/STM32F4xx_HAL_Driver/Src/stm32f4xx_hal_cortex.o
 .text.__NVIC_SetPriority
                0x0000000008002ce0       0x54 ./Drivers/STM32F4xx_HAL_Driver/Src/stm32f4xx_hal_cortex.o
 .text.NVIC_EncodePriority
                0x0000000008002d34       0x66 ./Drivers/STM32F4xx_HAL_Driver/Src/stm32f4xx_hal_cortex.o
 .text.HAL_NVIC_SetPriorityGrouping
                0x0000000008002d9a       0x16 ./Drivers/STM32F4xx_HAL_Driver/Src/stm32f4xx_hal_cortex.o
                0x0000000008002d9a                HAL_NVIC_SetPriorityGrouping
 .text.HAL_NVIC_SetPriority
                0x0000000008002db0       0x38 ./Drivers/STM32F4xx_HAL_Driver/Src/stm32f4xx_hal_cortex.o
                0x0000000008002db0                HAL_NVIC_SetPriority
 .text.HAL_NVIC_EnableIRQ
                0x0000000008002de8       0x1c ./Drivers/STM32F4xx_HAL_Driver/Src/stm32f4xx_hal_cortex.o
                0x0000000008002de8                HAL_NVIC_EnableIRQ
 .text.HAL_DMA_Abort
                0x0000000008002e04       0xe0 ./Drivers/STM32F4xx_HAL_Driver/Src/stm32f4xx_hal_dma.o
                0x0000000008002e04                HAL_DMA_Abort
 .text.HAL_DMA_Abort_IT
                0x0000000008002ee4       0x44 ./Drivers/STM32F4xx_HAL_Driver/Src/stm32f4xx_hal_dma.o
                0x0000000008002ee4                HAL_DMA_Abort_IT
 .text.HAL_GPIO_Init
                0x0000000008002f28      0x308 ./Drivers/STM32F4xx_HAL_Driver/Src/stm32f4xx_hal_gpio.o
                0x0000000008002f28                HAL_GPIO_Init
 .text.HAL_GPIO_WritePin
                0x0000000008003230       0x32 ./Drivers/STM32F4xx_HAL_Driver/Src/stm32f4xx_hal_gpio.o
                0x0000000008003230                HAL_GPIO_WritePin
 *fill*         0x0000000008003262        0x2 
 .text.HAL_RCC_OscConfig
                0x0000000008003264      0x4f0 ./Drivers/STM32F4xx_HAL_Driver/Src/stm32f4xx_hal_rcc.o
                0x0000000008003264                HAL_RCC_OscConfig
 .text.HAL_RCC_ClockConfig
                0x0000000008003754      0x1cc ./Drivers/STM32F4xx_HAL_Driver/Src/stm32f4xx_hal_rcc.o
                0x0000000008003754                HAL_RCC_ClockConfig
 .text.HAL_RCC_GetSysClockFreq
                0x0000000008003920      0x20c ./Drivers/STM32F4xx_HAL_Driver/Src/stm32f4xx_hal_rcc.o
                0x0000000008003920                HAL_RCC_GetSysClockFreq
 .text.HAL_RCC_GetHCLKFreq
                0x0000000008003b2c       0x18 ./Drivers/STM32F4xx_HAL_Driver/Src/stm32f4xx_hal_rcc.o
                0x0000000008003b2c                HAL_RCC_GetHCLKFreq
 .text.HAL_RCC_GetPCLK1Freq
                0x0000000008003b44       0x28 ./Drivers/STM32F4xx_HAL_Driver/Src/stm32f4xx_hal_rcc.o
                0x0000000008003b44                HAL_RCC_GetPCLK1Freq
 .text.HAL_RCC_GetPCLK2Freq
                0x0000000008003b6c       0x28 ./Drivers/STM32F4xx_HAL_Driver/Src/stm32f4xx_hal_rcc.o
                0x0000000008003b6c                HAL_RCC_GetPCLK2Freq
 .text.HAL_RCC_GetClockConfig
                0x0000000008003b94       0x64 ./Drivers/STM32F4xx_HAL_Driver/Src/stm32f4xx_hal_rcc.o
                0x0000000008003b94                HAL_RCC_GetClockConfig
 .text.HAL_RCCEx_PeriphCLKConfig
                0x0000000008003bf8      0x1dc ./Drivers/STM32F4xx_HAL_Driver/Src/stm32f4xx_hal_rcc_ex.o
                0x0000000008003bf8                HAL_RCCEx_PeriphCLKConfig
 .text.HAL_RTC_Init
                0x0000000008003dd4       0xec ./Drivers/STM32F4xx_HAL_Driver/Src/stm32f4xx_hal_rtc.o
                0x0000000008003dd4                HAL_RTC_Init
 .text.HAL_RTC_SetTime
                0x0000000008003ec0      0x134 ./Drivers/STM32F4xx_HAL_Driver/Src/stm32f4xx_hal_rtc.o
                0x0000000008003ec0                HAL_RTC_SetTime
 .text.HAL_RTC_GetTime
                0x0000000008003ff4       0xbc ./Drivers/STM32F4xx_HAL_Driver/Src/stm32f4xx_hal_rtc.o
                0x0000000008003ff4                HAL_RTC_GetTime
 .text.HAL_RTC_SetDate
                0x00000000080040b0      0x108 ./Drivers/STM32F4xx_HAL_Driver/Src/stm32f4xx_hal_rtc.o
                0x00000000080040b0                HAL_RTC_SetDate
 .text.HAL_RTC_GetDate
                0x00000000080041b8       0x9e ./Drivers/STM32F4xx_HAL_Driver/Src/stm32f4xx_hal_rtc.o
                0x00000000080041b8                HAL_RTC_GetDate
 .text.HAL_RTC_WaitForSynchro
                0x0000000008004256       0x50 ./Drivers/STM32F4xx_HAL_Driver/Src/stm32f4xx_hal_rtc.o
                0x0000000008004256                HAL_RTC_WaitForSynchro
 .text.RTC_EnterInitMode
                0x00000000080042a6       0x6e ./Drivers/STM32F4xx_HAL_Driver/Src/stm32f4xx_hal_rtc.o
                0x00000000080042a6                RTC_EnterInitMode
 .text.RTC_ExitInitMode
                0x0000000008004314       0x4a ./Drivers/STM32F4xx_HAL_Driver/Src/stm32f4xx_hal_rtc.o
                0x0000000008004314                RTC_ExitInitMode
 .text.RTC_ByteToBcd2
                0x000000000800435e       0x3a ./Drivers/STM32F4xx_HAL_Driver/Src/stm32f4xx_hal_rtc.o
                0x000000000800435e                RTC_ByteToBcd2
 .text.RTC_Bcd2ToByte
                0x0000000008004398       0x38 ./Drivers/STM32F4xx_HAL_Driver/Src/stm32f4xx_hal_rtc.o
                0x0000000008004398                RTC_Bcd2ToByte
 .text.HAL_RTCEx_SetWakeUpTimer_IT
                0x00000000080043d0      0x180 ./Drivers/STM32F4xx_HAL_Driver/Src/stm32f4xx_hal_rtc_ex.o
                0x00000000080043d0                HAL_RTCEx_SetWakeUpTimer_IT
 .text.HAL_RTCEx_WakeUpTimerIRQHandler
                0x0000000008004550       0x48 ./Drivers/STM32F4xx_HAL_Driver/Src/stm32f4xx_hal_rtc_ex.o
                0x0000000008004550                HAL_RTCEx_WakeUpTimerIRQHandler
 .text.HAL_RTCEx_BKUPWrite
                0x0000000008004598       0x34 ./Drivers/STM32F4xx_HAL_Driver/Src/stm32f4xx_hal_rtc_ex.o
                0x0000000008004598                HAL_RTCEx_BKUPWrite
 .text.HAL_RTCEx_BKUPRead
                0x00000000080045cc       0x30 ./Drivers/STM32F4xx_HAL_Driver/Src/stm32f4xx_hal_rtc_ex.o
                0x00000000080045cc                HAL_RTCEx_BKUPRead
 .text.HAL_TIM_Base_Init
                0x00000000080045fc       0x9e ./Drivers/STM32F4xx_HAL_Driver/Src/stm32f4xx_hal_tim.o
                0x00000000080045fc                HAL_TIM_Base_Init
 *fill*         0x000000000800469a        0x2 
 .text.HAL_TIM_Base_Start_IT
                0x000000000800469c       0xc4 ./Drivers/STM32F4xx_HAL_Driver/Src/stm32f4xx_hal_tim.o
                0x000000000800469c                HAL_TIM_Base_Start_IT
 .text.HAL_TIM_IRQHandler
                0x0000000008004760      0x210 ./Drivers/STM32F4xx_HAL_Driver/Src/stm32f4xx_hal_tim.o
                0x0000000008004760                HAL_TIM_IRQHandler
 .text.HAL_TIM_ConfigClockSource
                0x0000000008004970      0x18e ./Drivers/STM32F4xx_HAL_Driver/Src/stm32f4xx_hal_tim.o
                0x0000000008004970                HAL_TIM_ConfigClockSource
 .text.HAL_TIM_OC_DelayElapsedCallback
                0x0000000008004afe       0x14 ./Drivers/STM32F4xx_HAL_Driver/Src/stm32f4xx_hal_tim.o
                0x0000000008004afe                HAL_TIM_OC_DelayElapsedCallback
 .text.HAL_TIM_IC_CaptureCallback
                0x0000000008004b12       0x14 ./Drivers/STM32F4xx_HAL_Driver/Src/stm32f4xx_hal_tim.o
                0x0000000008004b12                HAL_TIM_IC_CaptureCallback
 .text.HAL_TIM_PWM_PulseFinishedCallback
                0x0000000008004b26       0x14 ./Drivers/STM32F4xx_HAL_Driver/Src/stm32f4xx_hal_tim.o
                0x0000000008004b26                HAL_TIM_PWM_PulseFinishedCallback
 .text.HAL_TIM_TriggerCallback
                0x0000000008004b3a       0x14 ./Drivers/STM32F4xx_HAL_Driver/Src/stm32f4xx_hal_tim.o
                0x0000000008004b3a                HAL_TIM_TriggerCallback
 *fill*         0x0000000008004b4e        0x2 
 .text.TIM_Base_SetConfig
                0x0000000008004b50      0x100 ./Drivers/STM32F4xx_HAL_Driver/Src/stm32f4xx_hal_tim.o
                0x0000000008004b50                TIM_Base_SetConfig
 .text.TIM_TI1_ConfigInputStage
                0x0000000008004c50       0x5e ./Drivers/STM32F4xx_HAL_Driver/Src/stm32f4xx_hal_tim.o
 .text.TIM_TI2_ConfigInputStage
                0x0000000008004cae       0x60 ./Drivers/STM32F4xx_HAL_Driver/Src/stm32f4xx_hal_tim.o
 .text.TIM_ITRx_SetConfig
                0x0000000008004d0e       0x36 ./Drivers/STM32F4xx_HAL_Driver/Src/stm32f4xx_hal_tim.o
 .text.TIM_ETR_SetConfig
                0x0000000008004d44       0x40 ./Drivers/STM32F4xx_HAL_Driver/Src/stm32f4xx_hal_tim.o
                0x0000000008004d44                TIM_ETR_SetConfig
 .text.HAL_TIMEx_MasterConfigSynchronization
                0x0000000008004d84       0xdc ./Drivers/STM32F4xx_HAL_Driver/Src/stm32f4xx_hal_tim_ex.o
                0x0000000008004d84                HAL_TIMEx_MasterConfigSynchronization
 .text.HAL_TIMEx_CommutCallback
                0x0000000008004e60       0x14 ./Drivers/STM32F4xx_HAL_Driver/Src/stm32f4xx_hal_tim_ex.o
                0x0000000008004e60                HAL_TIMEx_CommutCallback
 .text.HAL_TIMEx_BreakCallback
                0x0000000008004e74       0x14 ./Drivers/STM32F4xx_HAL_Driver/Src/stm32f4xx_hal_tim_ex.o
                0x0000000008004e74                HAL_TIMEx_BreakCallback
 .text.HAL_UART_Init
                0x0000000008004e88       0x9a ./Drivers/STM32F4xx_HAL_Driver/Src/stm32f4xx_hal_uart.o
                0x0000000008004e88                HAL_UART_Init
 .text.HAL_UART_Transmit
                0x0000000008004f22      0x124 ./Drivers/STM32F4xx_HAL_Driver/Src/stm32f4xx_hal_uart.o
                0x0000000008004f22                HAL_UART_Transmit
 .text.HAL_UART_Receive_IT
                0x0000000008005046       0x60 ./Drivers/STM32F4xx_HAL_Driver/Src/stm32f4xx_hal_uart.o
                0x0000000008005046                HAL_UART_Receive_IT
 *fill*         0x00000000080050a6        0x2 
 .text.HAL_UART_IRQHandler
                0x00000000080050a8      0x51c ./Drivers/STM32F4xx_HAL_Driver/Src/stm32f4xx_hal_uart.o
                0x00000000080050a8                HAL_UART_IRQHandler
 .text.HAL_UART_TxCpltCallback
                0x00000000080055c4       0x14 ./Drivers/STM32F4xx_HAL_Driver/Src/stm32f4xx_hal_uart.o
                0x00000000080055c4                HAL_UART_TxCpltCallback
 .text.HAL_UART_ErrorCallback
                0x00000000080055d8       0x14 ./Drivers/STM32F4xx_HAL_Driver/Src/stm32f4xx_hal_uart.o
                0x00000000080055d8                HAL_UART_ErrorCallback
 .text.HAL_UARTEx_RxEventCallback
                0x00000000080055ec       0x18 ./Drivers/STM32F4xx_HAL_Driver/Src/stm32f4xx_hal_uart.o
                0x00000000080055ec                HAL_UARTEx_RxEventCallback
 .text.UART_WaitOnFlagUntilTimeout
                0x0000000008005604       0xdc ./Drivers/STM32F4xx_HAL_Driver/Src/stm32f4xx_hal_uart.o
 .text.UART_Start_Receive_IT
                0x00000000080056e0       0x7c ./Drivers/STM32F4xx_HAL_Driver/Src/stm32f4xx_hal_uart.o
                0x00000000080056e0                UART_Start_Receive_IT
 .text.UART_EndRxTransfer
                0x000000000800575c       0xc6 ./Drivers/STM32F4xx_HAL_Driver/Src/stm32f4xx_hal_uart.o
 .text.UART_DMAAbortOnError
                0x0000000008005822       0x28 ./Drivers/STM32F4xx_HAL_Driver/Src/stm32f4xx_hal_uart.o
 .text.UART_Transmit_IT
                0x000000000800584a       0xa0 ./Drivers/STM32F4xx_HAL_Driver/Src/stm32f4xx_hal_uart.o
 .text.UART_EndTransmit_IT
                0x00000000080058ea       0x30 ./Drivers/STM32F4xx_HAL_Driver/Src/stm32f4xx_hal_uart.o
 .text.UART_Receive_IT
                0x000000000800591a      0x176 ./Drivers/STM32F4xx_HAL_Driver/Src/stm32f4xx_hal_uart.o
 .text.UART_SetConfig
                0x0000000008005a90      0x4e8 ./Drivers/STM32F4xx_HAL_Driver/Src/stm32f4xx_hal_uart.o
 .text.__NVIC_SetPriority
                0x0000000008005f78       0x54 ./Middlewares/Third_Party/FreeRTOS/Source/CMSIS_RTOS_V2/cmsis_os2.o
 .text.SysTick_Handler
                0x0000000008005fcc       0x20 ./Middlewares/Third_Party/FreeRTOS/Source/CMSIS_RTOS_V2/cmsis_os2.o
                0x0000000008005fcc                SysTick_Handler
 .text.SVC_Setup
                0x0000000008005fec       0x12 ./Middlewares/Third_Party/FreeRTOS/Source/CMSIS_RTOS_V2/cmsis_os2.o
 *fill*         0x0000000008005ffe        0x2 
 .text.osKernelInitialize
                0x0000000008006000       0x48 ./Middlewares/Third_Party/FreeRTOS/Source/CMSIS_RTOS_V2/cmsis_os2.o
                0x0000000008006000                osKernelInitialize
 .text.osKernelStart
                0x0000000008006048       0x4c ./Middlewares/Third_Party/FreeRTOS/Source/CMSIS_RTOS_V2/cmsis_os2.o
                0x0000000008006048                osKernelStart
 .text.osThreadNew
                0x0000000008006094      0x124 ./Middlewares/Third_Party/FreeRTOS/Source/CMSIS_RTOS_V2/cmsis_os2.o
                0x0000000008006094                osThreadNew
 .text.osDelay  0x00000000080061b8       0x36 ./Middlewares/Third_Party/FreeRTOS/Source/CMSIS_RTOS_V2/cmsis_os2.o
                0x00000000080061b8                osDelay
 .text.osMessageQueueNew
                0x00000000080061ee       0xe6 ./Middlewares/Third_Party/FreeRTOS/Source/CMSIS_RTOS_V2/cmsis_os2.o
                0x00000000080061ee                osMessageQueueNew
 .text.vApplicationGetIdleTaskMemory
                0x00000000080062d4       0x34 ./Middlewares/Third_Party/FreeRTOS/Source/CMSIS_RTOS_V2/cmsis_os2.o
                0x00000000080062d4                vApplicationGetIdleTaskMemory
 .text.vApplicationGetTimerTaskMemory
                0x0000000008006308       0x34 ./Middlewares/Third_Party/FreeRTOS/Source/CMSIS_RTOS_V2/cmsis_os2.o
                0x0000000008006308                vApplicationGetTimerTaskMemory
 .text.vListInitialise
                0x000000000800633c       0x40 ./Middlewares/Third_Party/FreeRTOS/Source/list.o
                0x000000000800633c                vListInitialise
 .text.vListInitialiseItem
                0x000000000800637c       0x1a ./Middlewares/Third_Party/FreeRTOS/Source/list.o
                0x000000000800637c                vListInitialiseItem
 .text.vListInsertEnd
                0x0000000008006396       0x48 ./Middlewares/Third_Party/FreeRTOS/Source/list.o
                0x0000000008006396                vListInsertEnd
 .text.vListInsert
                0x00000000080063de       0x72 ./Middlewares/Third_Party/FreeRTOS/Source/list.o
                0x00000000080063de                vListInsert
 .text.uxListRemove
                0x0000000008006450       0x54 ./Middlewares/Third_Party/FreeRTOS/Source/list.o
                0x0000000008006450                uxListRemove
 .text.xQueueGenericReset
                0x00000000080064a4       0xd0 ./Middlewares/Third_Party/FreeRTOS/Source/queue.o
                0x00000000080064a4                xQueueGenericReset
 .text.xQueueGenericCreateStatic
                0x0000000008006574       0xf0 ./Middlewares/Third_Party/FreeRTOS/Source/queue.o
                0x0000000008006574                xQueueGenericCreateStatic
 .text.xQueueGenericCreate
                0x0000000008006664       0x74 ./Middlewares/Third_Party/FreeRTOS/Source/queue.o
                0x0000000008006664                xQueueGenericCreate
 .text.prvInitialiseNewQueue
                0x00000000080066d8       0x46 ./Middlewares/Third_Party/FreeRTOS/Source/queue.o
 *fill*         0x000000000800671e        0x2 
 .text.xQueueGenericSend
                0x0000000008006720      0x1fc ./Middlewares/Third_Party/FreeRTOS/Source/queue.o
                0x0000000008006720                xQueueGenericSend
 .text.xQueueGenericSendFromISR
                0x000000000800691c      0x136 ./Middlewares/Third_Party/FreeRTOS/Source/queue.o
                0x000000000800691c                xQueueGenericSendFromISR
 *fill*         0x0000000008006a52        0x2 
 .text.xQueueReceive
                0x0000000008006a54      0x1c0 ./Middlewares/Third_Party/FreeRTOS/Source/queue.o
                0x0000000008006a54                xQueueReceive
 .text.prvCopyDataToQueue
                0x0000000008006c14       0xd4 ./Middlewares/Third_Party/FreeRTOS/Source/queue.o
 .text.prvCopyDataFromQueue
                0x0000000008006ce8       0x4c ./Middlewares/Third_Party/FreeRTOS/Source/queue.o
 .text.prvUnlockQueue
                0x0000000008006d34       0xa4 ./Middlewares/Third_Party/FreeRTOS/Source/queue.o
 .text.prvIsQueueEmpty
                0x0000000008006dd8       0x2c ./Middlewares/Third_Party/FreeRTOS/Source/queue.o
 .text.prvIsQueueFull
                0x0000000008006e04       0x30 ./Middlewares/Third_Party/FreeRTOS/Source/queue.o
 .text.vQueueAddToRegistry
                0x0000000008006e34       0x54 ./Middlewares/Third_Party/FreeRTOS/Source/queue.o
                0x0000000008006e34                vQueueAddToRegistry
 .text.vQueueWaitForMessageRestricted
                0x0000000008006e88       0x68 ./Middlewares/Third_Party/FreeRTOS/Source/queue.o
                0x0000000008006e88                vQueueWaitForMessageRestricted
 .text.xTaskCreateStatic
                0x0000000008006ef0       0xba ./Middlewares/Third_Party/FreeRTOS/Source/tasks.o
                0x0000000008006ef0                xTaskCreateStatic
 .text.xTaskCreate
                0x0000000008006faa       0x8a ./Middlewares/Third_Party/FreeRTOS/Source/tasks.o
                0x0000000008006faa                xTaskCreate
 .text.prvInitialiseNewTask
                0x0000000008007034      0x11e ./Middlewares/Third_Party/FreeRTOS/Source/tasks.o
 *fill*         0x0000000008007152        0x2 
 .text.prvAddNewTaskToReadyList
                0x0000000008007154       0xe0 ./Middlewares/Third_Party/FreeRTOS/Source/tasks.o
 .text.vTaskDelay
                0x0000000008007234       0x68 ./Middlewares/Third_Party/FreeRTOS/Source/tasks.o
                0x0000000008007234                vTaskDelay
 .text.vTaskStartScheduler
                0x000000000800729c       0xcc ./Middlewares/Third_Party/FreeRTOS/Source/tasks.o
                0x000000000800729c                vTaskStartScheduler
 .text.vTaskSuspendAll
                0x0000000008007368       0x1c ./Middlewares/Third_Party/FreeRTOS/Source/tasks.o
                0x0000000008007368                vTaskSuspendAll
 .text.xTaskResumeAll
                0x0000000008007384      0x13c ./Middlewares/Third_Party/FreeRTOS/Source/tasks.o
                0x0000000008007384                xTaskResumeAll
 .text.xTaskGetTickCount
                0x00000000080074c0       0x20 ./Middlewares/Third_Party/FreeRTOS/Source/tasks.o
                0x00000000080074c0                xTaskGetTickCount
 .text.xTaskIncrementTick
                0x00000000080074e0      0x174 ./Middlewares/Third_Party/FreeRTOS/Source/tasks.o
                0x00000000080074e0                xTaskIncrementTick
 .text.vTaskSwitchContext
                0x0000000008007654       0xbc ./Middlewares/Third_Party/FreeRTOS/Source/tasks.o
                0x0000000008007654                vTaskSwitchContext
 .text.vTaskPlaceOnEventList
                0x0000000008007710       0x48 ./Middlewares/Third_Party/FreeRTOS/Source/tasks.o
                0x0000000008007710                vTaskPlaceOnEventList
 .text.vTaskPlaceOnEventListRestricted
                0x0000000008007758       0x58 ./Middlewares/Third_Party/FreeRTOS/Source/tasks.o
                0x0000000008007758                vTaskPlaceOnEventListRestricted
 .text.xTaskRemoveFromEventList
                0x00000000080077b0       0xc8 ./Middlewares/Third_Party/FreeRTOS/Source/tasks.o
                0x00000000080077b0                xTaskRemoveFromEventList
 .text.vTaskInternalSetTimeOutState
                0x0000000008007878       0x2c ./Middlewares/Third_Party/FreeRTOS/Source/tasks.o
                0x0000000008007878                vTaskInternalSetTimeOutState
 .text.xTaskCheckForTimeOut
                0x00000000080078a4       0xc4 ./Middlewares/Third_Party/FreeRTOS/Source/tasks.o
                0x00000000080078a4                xTaskCheckForTimeOut
 .text.vTaskMissedYield
                0x0000000008007968       0x18 ./Middlewares/Third_Party/FreeRTOS/Source/tasks.o
                0x0000000008007968                vTaskMissedYield
 .text.prvIdleTask
                0x0000000008007980       0x30 ./Middlewares/Third_Party/FreeRTOS/Source/tasks.o
 .text.prvInitialiseTaskLists
                0x00000000080079b0       0x80 ./Middlewares/Third_Party/FreeRTOS/Source/tasks.o
 .text.prvCheckTasksWaitingTermination
                0x0000000008007a30       0x5c ./Middlewares/Third_Party/FreeRTOS/Source/tasks.o
 .text.prvDeleteTCB
                0x0000000008007a8c       0x5e ./Middlewares/Third_Party/FreeRTOS/Source/tasks.o
 *fill*         0x0000000008007aea        0x2 
 .text.prvResetNextTaskUnblockTime
                0x0000000008007aec       0x40 ./Middlewares/Third_Party/FreeRTOS/Source/tasks.o
 .text.xTaskGetSchedulerState
                0x0000000008007b2c       0x3c ./Middlewares/Third_Party/FreeRTOS/Source/tasks.o
                0x0000000008007b2c                xTaskGetSchedulerState
 .text.xTaskPriorityDisinherit
                0x0000000008007b68       0xdc ./Middlewares/Third_Party/FreeRTOS/Source/tasks.o
                0x0000000008007b68                xTaskPriorityDisinherit
 .text.prvAddCurrentTaskToDelayedList
                0x0000000008007c44       0xa8 ./Middlewares/Third_Party/FreeRTOS/Source/tasks.o
 .text.xTimerCreateTimerTask
                0x0000000008007cec       0x90 ./Middlewares/Third_Party/FreeRTOS/Source/timers.o
                0x0000000008007cec                xTimerCreateTimerTask
 .text.xTimerGenericCommand
                0x0000000008007d7c       0x9c ./Middlewares/Third_Party/FreeRTOS/Source/timers.o
                0x0000000008007d7c                xTimerGenericCommand
 .text.prvProcessExpiredTimer
                0x0000000008007e18       0x98 ./Middlewares/Third_Party/FreeRTOS/Source/timers.o
 .text.prvTimerTask
                0x0000000008007eb0       0x24 ./Middlewares/Third_Party/FreeRTOS/Source/timers.o
 .text.prvProcessTimerOrBlockTask
                0x0000000008007ed4       0x9c ./Middlewares/Third_Party/FreeRTOS/Source/timers.o
 .text.prvGetNextExpireTime
                0x0000000008007f70       0x48 ./Middlewares/Third_Party/FreeRTOS/Source/timers.o
 .text.prvSampleTimeNow
                0x0000000008007fb8       0x40 ./Middlewares/Third_Party/FreeRTOS/Source/timers.o
 .text.prvInsertTimerInActiveList
                0x0000000008007ff8       0x84 ./Middlewares/Third_Party/FreeRTOS/Source/timers.o
 .text.prvProcessReceivedCommands
                0x000000000800807c      0x1c4 ./Middlewares/Third_Party/FreeRTOS/Source/timers.o
 .text.prvSwitchTimerLists
                0x0000000008008240       0xc8 ./Middlewares/Third_Party/FreeRTOS/Source/timers.o
 .text.prvCheckForValidListAndQueue
                0x0000000008008308       0x80 ./Middlewares/Third_Party/FreeRTOS/Source/timers.o
 .text.pxPortInitialiseStack
                0x0000000008008388       0x68 ./Middlewares/Third_Party/FreeRTOS/Source/portable/GCC/ARM_CM4F/port.o
                0x0000000008008388                pxPortInitialiseStack
 .text.prvTaskExitError
                0x00000000080083f0       0x58 ./Middlewares/Third_Party/FreeRTOS/Source/portable/GCC/ARM_CM4F/port.o
 *fill*         0x0000000008008448        0x8 
 .text.SVC_Handler
                0x0000000008008450       0x28 ./Middlewares/Third_Party/FreeRTOS/Source/portable/GCC/ARM_CM4F/port.o
                0x0000000008008450                SVC_Handler
 .text.prvPortStartFirstTask
                0x0000000008008478       0x28 ./Middlewares/Third_Party/FreeRTOS/Source/portable/GCC/ARM_CM4F/port.o
 .text.xPortStartScheduler
                0x00000000080084a0      0x144 ./Middlewares/Third_Party/FreeRTOS/Source/portable/GCC/ARM_CM4F/port.o
                0x00000000080084a0                xPortStartScheduler
 .text.vPortEnterCritical
                0x00000000080085e4       0x60 ./Middlewares/Third_Party/FreeRTOS/Source/portable/GCC/ARM_CM4F/port.o
                0x00000000080085e4                vPortEnterCritical
 .text.vPortExitCritical
                0x0000000008008644       0x54 ./Middlewares/Third_Party/FreeRTOS/Source/portable/GCC/ARM_CM4F/port.o
                0x0000000008008644                vPortExitCritical
 *fill*         0x0000000008008698        0x8 
 .text.PendSV_Handler
                0x00000000080086a0       0x68 ./Middlewares/Third_Party/FreeRTOS/Source/portable/GCC/ARM_CM4F/port.o
                0x00000000080086a0                PendSV_Handler
 .text.xPortSysTickHandler
                0x0000000008008708       0x44 ./Middlewares/Third_Party/FreeRTOS/Source/portable/GCC/ARM_CM4F/port.o
                0x0000000008008708                xPortSysTickHandler
 .text.vPortSetupTimerInterrupt
                0x000000000800874c       0x48 ./Middlewares/Third_Party/FreeRTOS/Source/portable/GCC/ARM_CM4F/port.o
                0x000000000800874c                vPortSetupTimerInterrupt
 .text.vPortEnableVFP
                0x0000000008008794       0x14 ./Middlewares/Third_Party/FreeRTOS/Source/portable/GCC/ARM_CM4F/port.o
 .text.vPortValidateInterruptPriority
                0x00000000080087a8       0x80 ./Middlewares/Third_Party/FreeRTOS/Source/portable/GCC/ARM_CM4F/port.o
                0x00000000080087a8                vPortValidateInterruptPriority
 .text.pvPortMalloc
                0x0000000008008828      0x198 ./Middlewares/Third_Party/FreeRTOS/Source/portable/MemMang/heap_4.o
                0x0000000008008828                pvPortMalloc
 .text.vPortFree
                0x00000000080089c0       0xc4 ./Middlewares/Third_Party/FreeRTOS/Source/portable/MemMang/heap_4.o
                0x00000000080089c0                vPortFree
 .text.prvHeapInit
                0x0000000008008a84       0xc4 ./Middlewares/Third_Party/FreeRTOS/Source/portable/MemMang/heap_4.o
 .text.prvInsertBlockIntoFreeList
                0x0000000008008b48       0xb4 ./Middlewares/Third_Party/FreeRTOS/Source/portable/MemMang/heap_4.o
 .text.__errno  0x0000000008008bfc        0xc c:/st/stm32cubeide_1.12.0/stm32cubeide/plugins/com.st.stm32cube.ide.mcu.externaltools.gnu-tools-for-stm32.10.3-2021.10.win32_1.0.200.202301161003/tools/bin/../lib/gcc/arm-none-eabi/10.3.1/../../../../arm-none-eabi/lib/thumb/v7e-m+fp/hard\libc_nano.a(lib_a-errno.o)
                0x0000000008008bfc                __errno
 .text.__libc_init_array
                0x0000000008008c08       0x48 c:/st/stm32cubeide_1.12.0/stm32cubeide/plugins/com.st.stm32cube.ide.mcu.externaltools.gnu-tools-for-stm32.10.3-2021.10.win32_1.0.200.202301161003/tools/bin/../lib/gcc/arm-none-eabi/10.3.1/../../../../arm-none-eabi/lib/thumb/v7e-m+fp/hard\libc_nano.a(lib_a-init.o)
                0x0000000008008c08                __libc_init_array
 .text.isprint  0x0000000008008c50       0x10 c:/st/stm32cubeide_1.12.0/stm32cubeide/plugins/com.st.stm32cube.ide.mcu.externaltools.gnu-tools-for-stm32.10.3-2021.10.win32_1.0.200.202301161003/tools/bin/../lib/gcc/arm-none-eabi/10.3.1/../../../../arm-none-eabi/lib/thumb/v7e-m+fp/hard\libc_nano.a(lib_a-isprint.o)
                0x0000000008008c50                isprint
 .text.memcpy   0x0000000008008c60       0x1c c:/st/stm32cubeide_1.12.0/stm32cubeide/plugins/com.st.stm32cube.ide.mcu.externaltools.gnu-tools-for-stm32.10.3-2021.10.win32_1.0.200.202301161003/tools/bin/../lib/gcc/arm-none-eabi/10.3.1/../../../../arm-none-eabi/lib/thumb/v7e-m+fp/hard\libc_nano.a(lib_a-memcpy-stub.o)
                0x0000000008008c60                memcpy
 .text.memset   0x0000000008008c7c       0x10 c:/st/stm32cubeide_1.12.0/stm32cubeide/plugins/com.st.stm32cube.ide.mcu.externaltools.gnu-tools-for-stm32.10.3-2021.10.win32_1.0.200.202301161003/tools/bin/../lib/gcc/arm-none-eabi/10.3.1/../../../../arm-none-eabi/lib/thumb/v7e-m+fp/hard\libc_nano.a(lib_a-memset.o)
                0x0000000008008c7c                memset
 .text.sscanf   0x0000000008008c8c       0x58 c:/st/stm32cubeide_1.12.0/stm32cubeide/plugins/com.st.stm32cube.ide.mcu.externaltools.gnu-tools-for-stm32.10.3-2021.10.win32_1.0.200.202301161003/tools/bin/../lib/gcc/arm-none-eabi/10.3.1/../../../../arm-none-eabi/lib/thumb/v7e-m+fp/hard\libc_nano.a(lib_a-sscanf.o)
                0x0000000008008c8c                siscanf
                0x0000000008008c8c                sscanf
 .text.__seofread
                0x0000000008008ce4        0x4 c:/st/stm32cubeide_1.12.0/stm32cubeide/plugins/com.st.stm32cube.ide.mcu.externaltools.gnu-tools-for-stm32.10.3-2021.10.win32_1.0.200.202301161003/tools/bin/../lib/gcc/arm-none-eabi/10.3.1/../../../../arm-none-eabi/lib/thumb/v7e-m+fp/hard\libc_nano.a(lib_a-stdio.o)
                0x0000000008008ce4                __seofread
 .text._vsprintf_r
                0x0000000008008ce8       0x2c c:/st/stm32cubeide_1.12.0/stm32cubeide/plugins/com.st.stm32cube.ide.mcu.externaltools.gnu-tools-for-stm32.10.3-2021.10.win32_1.0.200.202301161003/tools/bin/../lib/gcc/arm-none-eabi/10.3.1/../../../../arm-none-eabi/lib/thumb/v7e-m+fp/hard\libc_nano.a(lib_a-vsprintf.o)
                0x0000000008008ce8                _vsprintf_r
                0x0000000008008ce8                _vsiprintf_r
 .text.vsprintf
                0x0000000008008d14       0x14 c:/st/stm32cubeide_1.12.0/stm32cubeide/plugins/com.st.stm32cube.ide.mcu.externaltools.gnu-tools-for-stm32.10.3-2021.10.win32_1.0.200.202301161003/tools/bin/../lib/gcc/arm-none-eabi/10.3.1/../../../../arm-none-eabi/lib/thumb/v7e-m+fp/hard\libc_nano.a(lib_a-vsprintf.o)
                0x0000000008008d14                vsiprintf
                0x0000000008008d14                vsprintf
 .text.__ssputs_r
                0x0000000008008d28       0xb6 c:/st/stm32cubeide_1.12.0/stm32cubeide/plugins/com.st.stm32cube.ide.mcu.externaltools.gnu-tools-for-stm32.10.3-2021.10.win32_1.0.200.202301161003/tools/bin/../lib/gcc/arm-none-eabi/10.3.1/../../../../arm-none-eabi/lib/thumb/v7e-m+fp/hard\libc_nano.a(lib_a-nano-svfprintf.o)
                0x0000000008008d28                __ssputs_r
 *fill*         0x0000000008008dde        0x2 
 .text._svfprintf_r
                0x0000000008008de0      0x200 c:/st/stm32cubeide_1.12.0/stm32cubeide/plugins/com.st.stm32cube.ide.mcu.externaltools.gnu-tools-for-stm32.10.3-2021.10.win32_1.0.200.202301161003/tools/bin/../lib/gcc/arm-none-eabi/10.3.1/../../../../arm-none-eabi/lib/thumb/v7e-m+fp/hard\libc_nano.a(lib_a-nano-svfprintf.o)
                0x0000000008008de0                _svfiprintf_r
                0x0000000008008de0                _svfprintf_r
 .text._sungetc_r
                0x0000000008008fe0       0x7a c:/st/stm32cubeide_1.12.0/stm32cubeide/plugins/com.st.stm32cube.ide.mcu.externaltools.gnu-tools-for-stm32.10.3-2021.10.win32_1.0.200.202301161003/tools/bin/../lib/gcc/arm-none-eabi/10.3.1/../../../../arm-none-eabi/lib/thumb/v7e-m+fp/hard\libc_nano.a(lib_a-nano-svfscanf.o)
                0x0000000008008fe0                _sungetc_r
 .text.__ssrefill_r
                0x000000000800905a       0x3a c:/st/stm32cubeide_1.12.0/stm32cubeide/plugins/com.st.stm32cube.ide.mcu.externaltools.gnu-tools-for-stm32.10.3-2021.10.win32_1.0.200.202301161003/tools/bin/../lib/gcc/arm-none-eabi/10.3.1/../../../../arm-none-eabi/lib/thumb/v7e-m+fp/hard\libc_nano.a(lib_a-nano-svfscanf.o)
                0x000000000800905a                __ssrefill_r
 .text.__ssvfscanf_r
                0x0000000008009094      0x2f0 c:/st/stm32cubeide_1.12.0/stm32cubeide/plugins/com.st.stm32cube.ide.mcu.externaltools.gnu-tools-for-stm32.10.3-2021.10.win32_1.0.200.202301161003/tools/bin/../lib/gcc/arm-none-eabi/10.3.1/../../../../arm-none-eabi/lib/thumb/v7e-m+fp/hard\libc_nano.a(lib_a-nano-svfscanf.o)
                0x0000000008009094                __ssvfiscanf_r
                0x0000000008009094                __ssvfscanf_r
 .text._printf_common
                0x0000000008009384       0xda c:/st/stm32cubeide_1.12.0/stm32cubeide/plugins/com.st.stm32cube.ide.mcu.externaltools.gnu-tools-for-stm32.10.3-2021.10.win32_1.0.200.202301161003/tools/bin/../lib/gcc/arm-none-eabi/10.3.1/../../../../arm-none-eabi/lib/thumb/v7e-m+fp/hard\libc_nano.a(lib_a-nano-vfprintf_i.o)
                0x0000000008009384                _printf_common
 *fill*         0x000000000800945e        0x2 
 .text._printf_i
                0x0000000008009460      0x24c c:/st/stm32cubeide_1.12.0/stm32cubeide/plugins/com.st.stm32cube.ide.mcu.externaltools.gnu-tools-for-stm32.10.3-2021.10.win32_1.0.200.202301161003/tools/bin/../lib/gcc/arm-none-eabi/10.3.1/../../../../arm-none-eabi/lib/thumb/v7e-m+fp/hard\libc_nano.a(lib_a-nano-vfprintf_i.o)
                0x0000000008009460                _printf_i
 .text._scanf_chars
                0x00000000080096ac       0xb4 c:/st/stm32cubeide_1.12.0/stm32cubeide/plugins/com.st.stm32cube.ide.mcu.externaltools.gnu-tools-for-stm32.10.3-2021.10.win32_1.0.200.202301161003/tools/bin/../lib/gcc/arm-none-eabi/10.3.1/../../../../arm-none-eabi/lib/thumb/v7e-m+fp/hard\libc_nano.a(lib_a-nano-vfscanf_i.o)
                0x00000000080096ac                _scanf_chars
 .text._scanf_i
                0x0000000008009760      0x1f0 c:/st/stm32cubeide_1.12.0/stm32cubeide/plugins/com.st.stm32cube.ide.mcu.externaltools.gnu-tools-for-stm32.10.3-2021.10.win32_1.0.200.202301161003/tools/bin/../lib/gcc/arm-none-eabi/10.3.1/../../../../arm-none-eabi/lib/thumb/v7e-m+fp/hard\libc_nano.a(lib_a-nano-vfscanf_i.o)
                0x0000000008009760                _scanf_i
 .text.__sccl   0x0000000008009950       0x70 c:/st/stm32cubeide_1.12.0/stm32cubeide/plugins/com.st.stm32cube.ide.mcu.externaltools.gnu-tools-for-stm32.10.3-2021.10.win32_1.0.200.202301161003/tools/bin/../lib/gcc/arm-none-eabi/10.3.1/../../../../arm-none-eabi/lib/thumb/v7e-m+fp/hard\libc_nano.a(lib_a-sccl.o)
                0x0000000008009950                __sccl
 .text._strtol_l.constprop.0
                0x00000000080099c0      0x104 c:/st/stm32cubeide_1.12.0/stm32cubeide/plugins/com.st.stm32cube.ide.mcu.externaltools.gnu-tools-for-stm32.10.3-2021.10.win32_1.0.200.202301161003/tools/bin/../lib/gcc/arm-none-eabi/10.3.1/../../../../arm-none-eabi/lib/thumb/v7e-m+fp/hard\libc_nano.a(lib_a-strtol.o)
 .text._strtol_r
                0x0000000008009ac4        0x4 c:/st/stm32cubeide_1.12.0/stm32cubeide/plugins/com.st.stm32cube.ide.mcu.externaltools.gnu-tools-for-stm32.10.3-2021.10.win32_1.0.200.202301161003/tools/bin/../lib/gcc/arm-none-eabi/10.3.1/../../../../arm-none-eabi/lib/thumb/v7e-m+fp/hard\libc_nano.a(lib_a-strtol.o)
                0x0000000008009ac4                _strtol_r
 .text._strtoul_l.constprop.0
                0x0000000008009ac8       0xe4 c:/st/stm32cubeide_1.12.0/stm32cubeide/plugins/com.st.stm32cube.ide.mcu.externaltools.gnu-tools-for-stm32.10.3-2021.10.win32_1.0.200.202301161003/tools/bin/../lib/gcc/arm-none-eabi/10.3.1/../../../../arm-none-eabi/lib/thumb/v7e-m+fp/hard\libc_nano.a(lib_a-strtoul.o)
 .text._strtoul_r
                0x0000000008009bac        0x4 c:/st/stm32cubeide_1.12.0/stm32cubeide/plugins/com.st.stm32cube.ide.mcu.externaltools.gnu-tools-for-stm32.10.3-2021.10.win32_1.0.200.202301161003/tools/bin/../lib/gcc/arm-none-eabi/10.3.1/../../../../arm-none-eabi/lib/thumb/v7e-m+fp/hard\libc_nano.a(lib_a-strtoul.o)
                0x0000000008009bac                _strtoul_r
 .text.__submore
                0x0000000008009bb0       0x74 c:/st/stm32cubeide_1.12.0/stm32cubeide/plugins/com.st.stm32cube.ide.mcu.externaltools.gnu-tools-for-stm32.10.3-2021.10.win32_1.0.200.202301161003/tools/bin/../lib/gcc/arm-none-eabi/10.3.1/../../../../arm-none-eabi/lib/thumb/v7e-m+fp/hard\libc_nano.a(lib_a-ungetc.o)
                0x0000000008009bb0                __submore
 .text.__retarget_lock_acquire_recursive
                0x0000000008009c24        0x2 c:/st/stm32cubeide_1.12.0/stm32cubeide/plugins/com.st.stm32cube.ide.mcu.externaltools.gnu-tools-for-stm32.10.3-2021.10.win32_1.0.200.202301161003/tools/bin/../lib/gcc/arm-none-eabi/10.3.1/../../../../arm-none-eabi/lib/thumb/v7e-m+fp/hard\libc_nano.a(lib_a-lock.o)
                0x0000000008009c24                __retarget_lock_acquire_recursive
 .text.__retarget_lock_release_recursive
                0x0000000008009c26        0x2 c:/st/stm32cubeide_1.12.0/stm32cubeide/plugins/com.st.stm32cube.ide.mcu.externaltools.gnu-tools-for-stm32.10.3-2021.10.win32_1.0.200.202301161003/tools/bin/../lib/gcc/arm-none-eabi/10.3.1/../../../../arm-none-eabi/lib/thumb/v7e-m+fp/hard\libc_nano.a(lib_a-lock.o)
                0x0000000008009c26                __retarget_lock_release_recursive
 .text.memmove  0x0000000008009c28       0x34 c:/st/stm32cubeide_1.12.0/stm32cubeide/plugins/com.st.stm32cube.ide.mcu.externaltools.gnu-tools-for-stm32.10.3-2021.10.win32_1.0.200.202301161003/tools/bin/../lib/gcc/arm-none-eabi/10.3.1/../../../../arm-none-eabi/lib/thumb/v7e-m+fp/hard\libc_nano.a(lib_a-memmove.o)
                0x0000000008009c28                memmove
 .text._free_r  0x0000000008009c5c       0x98 c:/st/stm32cubeide_1.12.0/stm32cubeide/plugins/com.st.stm32cube.ide.mcu.externaltools.gnu-tools-for-stm32.10.3-2021.10.win32_1.0.200.202301161003/tools/bin/../lib/gcc/arm-none-eabi/10.3.1/../../../../arm-none-eabi/lib/thumb/v7e-m+fp/hard\libc_nano.a(lib_a-nano-freer.o)
                0x0000000008009c5c                _free_r
 .text.sbrk_aligned
                0x0000000008009cf4       0x40 c:/st/stm32cubeide_1.12.0/stm32cubeide/plugins/com.st.stm32cube.ide.mcu.externaltools.gnu-tools-for-stm32.10.3-2021.10.win32_1.0.200.202301161003/tools/bin/../lib/gcc/arm-none-eabi/10.3.1/../../../../arm-none-eabi/lib/thumb/v7e-m+fp/hard\libc_nano.a(lib_a-nano-mallocr.o)
 .text._malloc_r
                0x0000000008009d34       0xe8 c:/st/stm32cubeide_1.12.0/stm32cubeide/plugins/com.st.stm32cube.ide.mcu.externaltools.gnu-tools-for-stm32.10.3-2021.10.win32_1.0.200.202301161003/tools/bin/../lib/gcc/arm-none-eabi/10.3.1/../../../../arm-none-eabi/lib/thumb/v7e-m+fp/hard\libc_nano.a(lib_a-nano-mallocr.o)
                0x0000000008009d34                _malloc_r
 .text._realloc_r
                0x0000000008009e1c       0x5e c:/st/stm32cubeide_1.12.0/stm32cubeide/plugins/com.st.stm32cube.ide.mcu.externaltools.gnu-tools-for-stm32.10.3-2021.10.win32_1.0.200.202301161003/tools/bin/../lib/gcc/arm-none-eabi/10.3.1/../../../../arm-none-eabi/lib/thumb/v7e-m+fp/hard\libc_nano.a(lib_a-nano-reallocr.o)
                0x0000000008009e1c                _realloc_r
 *fill*         0x0000000008009e7a        0x2 
 .text._sbrk_r  0x0000000008009e7c       0x20 c:/st/stm32cubeide_1.12.0/stm32cubeide/plugins/com.st.stm32cube.ide.mcu.externaltools.gnu-tools-for-stm32.10.3-2021.10.win32_1.0.200.202301161003/tools/bin/../lib/gcc/arm-none-eabi/10.3.1/../../../../arm-none-eabi/lib/thumb/v7e-m+fp/hard\libc_nano.a(lib_a-sbrkr.o)
                0x0000000008009e7c                _sbrk_r
 .text.__malloc_lock
                0x0000000008009e9c        0xc c:/st/stm32cubeide_1.12.0/stm32cubeide/plugins/com.st.stm32cube.ide.mcu.externaltools.gnu-tools-for-stm32.10.3-2021.10.win32_1.0.200.202301161003/tools/bin/../lib/gcc/arm-none-eabi/10.3.1/../../../../arm-none-eabi/lib/thumb/v7e-m+fp/hard\libc_nano.a(lib_a-mlock.o)
                0x0000000008009e9c                __malloc_lock
 .text.__malloc_unlock
                0x0000000008009ea8        0xc c:/st/stm32cubeide_1.12.0/stm32cubeide/plugins/com.st.stm32cube.ide.mcu.externaltools.gnu-tools-for-stm32.10.3-2021.10.win32_1.0.200.202301161003/tools/bin/../lib/gcc/arm-none-eabi/10.3.1/../../../../arm-none-eabi/lib/thumb/v7e-m+fp/hard\libc_nano.a(lib_a-mlock.o)
                0x0000000008009ea8                __malloc_unlock
 .text._malloc_usable_size_r
                0x0000000008009eb4       0x10 c:/st/stm32cubeide_1.12.0/stm32cubeide/plugins/com.st.stm32cube.ide.mcu.externaltools.gnu-tools-for-stm32.10.3-2021.10.win32_1.0.200.202301161003/tools/bin/../lib/gcc/arm-none-eabi/10.3.1/../../../../arm-none-eabi/lib/thumb/v7e-m+fp/hard\libc_nano.a(lib_a-nano-msizer.o)
                0x0000000008009eb4                _malloc_usable_size_r
 *(.glue_7)
 .glue_7        0x0000000008009ec4        0x0 linker stubs
 *(.glue_7t)
 .glue_7t       0x0000000008009ec4        0x0 linker stubs
 *(.eh_frame)
 .eh_frame      0x0000000008009ec4        0x0 c:/st/stm32cubeide_1.12.0/stm32cubeide/plugins/com.st.stm32cube.ide.mcu.externaltools.gnu-tools-for-stm32.10.3-2021.10.win32_1.0.200.202301161003/tools/bin/../lib/gcc/arm-none-eabi/10.3.1/thumb/v7e-m+fp/hard/crtbegin.o
 *(.init)
 .init          0x0000000008009ec4        0x4 c:/st/stm32cubeide_1.12.0/stm32cubeide/plugins/com.st.stm32cube.ide.mcu.externaltools.gnu-tools-for-stm32.10.3-2021.10.win32_1.0.200.202301161003/tools/bin/../lib/gcc/arm-none-eabi/10.3.1/thumb/v7e-m+fp/hard/crti.o
                0x0000000008009ec4                _init
 .init          0x0000000008009ec8        0x8 c:/st/stm32cubeide_1.12.0/stm32cubeide/plugins/com.st.stm32cube.ide.mcu.externaltools.gnu-tools-for-stm32.10.3-2021.10.win32_1.0.200.202301161003/tools/bin/../lib/gcc/arm-none-eabi/10.3.1/thumb/v7e-m+fp/hard/crtn.o
 *(.fini)
 .fini          0x0000000008009ed0        0x4 c:/st/stm32cubeide_1.12.0/stm32cubeide/plugins/com.st.stm32cube.ide.mcu.externaltools.gnu-tools-for-stm32.10.3-2021.10.win32_1.0.200.202301161003/tools/bin/../lib/gcc/arm-none-eabi/10.3.1/thumb/v7e-m+fp/hard/crti.o
                0x0000000008009ed0                _fini
 .fini          0x0000000008009ed4        0x8 c:/st/stm32cubeide_1.12.0/stm32cubeide/plugins/com.st.stm32cube.ide.mcu.externaltools.gnu-tools-for-stm32.10.3-2021.10.win32_1.0.200.202301161003/tools/bin/../lib/gcc/arm-none-eabi/10.3.1/thumb/v7e-m+fp/hard/crtn.o
                0x0000000008009edc                . = ALIGN (0x4)
                0x0000000008009edc                _etext = .

.vfp11_veneer   0x0000000008009edc        0x0
 .vfp11_veneer  0x0000000008009edc        0x0 linker stubs

.v4_bx          0x0000000008009edc        0x0
 .v4_bx         0x0000000008009edc        0x0 linker stubs

.iplt           0x0000000008009edc        0x0
 .iplt          0x0000000008009edc        0x0 c:/st/stm32cubeide_1.12.0/stm32cubeide/plugins/com.st.stm32cube.ide.mcu.externaltools.gnu-tools-for-stm32.10.3-2021.10.win32_1.0.200.202301161003/tools/bin/../lib/gcc/arm-none-eabi/10.3.1/thumb/v7e-m+fp/hard/crtbegin.o

.rodata         0x0000000008009edc      0xbbc
                0x0000000008009edc                . = ALIGN (0x4)
 *(.rodata)
 .rodata        0x0000000008009edc      0x10b ./Core/Src/Src/usr_debug_tool.o
 *fill*         0x0000000008009fe7        0x1 
 .rodata        0x0000000008009fe8       0x4d ./Core/Src/Src/usr_log.o
 *fill*         0x000000000800a035        0x3 
 .rodata        0x000000000800a038      0x2e0 ./Core/Src/Src/usr_main.o
 .rodata        0x000000000800a318       0xaf ./Core/Src/Src/usr_rs485_main.o
 *fill*         0x000000000800a3c7        0x1 
 .rodata        0x000000000800a3c8       0x6f ./Core/Src/Src/usr_uart.o
 *fill*         0x000000000800a437        0x1 
 .rodata        0x000000000800a438       0x92 ./Core/Src/main.o
 *fill*         0x000000000800a4ca        0x2 
 .rodata        0x000000000800a4cc        0x5 ./Middlewares/Third_Party/FreeRTOS/Source/tasks.o
 *fill*         0x000000000800a4d1        0x3 
 .rodata        0x000000000800a4d4        0xd ./Middlewares/Third_Party/FreeRTOS/Source/timers.o
 *fill*         0x000000000800a4e1        0x3 
 .rodata        0x000000000800a4e4        0xc c:/st/stm32cubeide_1.12.0/stm32cubeide/plugins/com.st.stm32cube.ide.mcu.externaltools.gnu-tools-for-stm32.10.3-2021.10.win32_1.0.200.202301161003/tools/bin/../lib/gcc/arm-none-eabi/10.3.1/../../../../arm-none-eabi/lib/thumb/v7e-m+fp/hard\libc_nano.a(lib_a-nano-vfscanf_i.o)
 *(.rodata*)
 .rodata.com_list
                0x000000000800a4f0       0x37 ./Core/Src/Src/usr_debug_tool.o
                0x000000000800a4f0                com_list
 *fill*         0x000000000800a527        0x1 
 .rodata.Deb_menue00
                0x000000000800a528       0xd2 ./Core/Src/Src/usr_debug_tool.o
                0x000000000800a528                Deb_menue00
 *fill*         0x000000000800a5fa        0x2 
 .rodata.Deb_menue01
                0x000000000800a5fc       0x78 ./Core/Src/Src/usr_debug_tool.o
                0x000000000800a5fc                Deb_menue01
 .rodata.Deb_menue02
                0x000000000800a674       0xf0 ./Core/Src/Src/usr_debug_tool.o
                0x000000000800a674                Deb_menue02
 .rodata.Deb_menue03
                0x000000000800a764       0x3c ./Core/Src/Src/usr_debug_tool.o
                0x000000000800a764                Deb_menue03
 .rodata.MenueList
                0x000000000800a7a0       0x20 ./Core/Src/Src/usr_debug_tool.o
                0x000000000800a7a0                MenueList
 .rodata.com    0x000000000800a7c0       0x2c ./Core/Src/Src/usr_rs485_main.o
                0x000000000800a7c0                com
 .rodata.UartList
                0x000000000800a7ec       0x30 ./Core/Src/Src/usr_uart.o
                0x000000000800a7ec                UartList
 .rodata.Task_main_attributes
                0x000000000800a81c       0x24 ./Core/Src/main.o
                0x000000000800a81c                Task_main_attributes
 .rodata.Task_sub1_attributes
                0x000000000800a840       0x24 ./Core/Src/main.o
                0x000000000800a840                Task_sub1_attributes
 .rodata.Task_sub2_attributes
                0x000000000800a864       0x24 ./Core/Src/main.o
                0x000000000800a864                Task_sub2_attributes
 .rodata.myQueue01_attributes
                0x000000000800a888       0x18 ./Core/Src/main.o
                0x000000000800a888                myQueue01_attributes
 .rodata.myQueue02_attributes
                0x000000000800a8a0       0x18 ./Core/Src/main.o
                0x000000000800a8a0                myQueue02_attributes
 .rodata.myQueue03_attributes
                0x000000000800a8b8       0x18 ./Core/Src/main.o
                0x000000000800a8b8                myQueue03_attributes
 .rodata.AHBPrescTable
                0x000000000800a8d0       0x10 ./Core/Src/system_stm32f4xx.o
                0x000000000800a8d0                AHBPrescTable
 .rodata.APBPrescTable
                0x000000000800a8e0        0x8 ./Core/Src/system_stm32f4xx.o
                0x000000000800a8e0                APBPrescTable
 .rodata._ctype_
                0x000000000800a8e8      0x101 c:/st/stm32cubeide_1.12.0/stm32cubeide/plugins/com.st.stm32cube.ide.mcu.externaltools.gnu-tools-for-stm32.10.3-2021.10.win32_1.0.200.202301161003/tools/bin/../lib/gcc/arm-none-eabi/10.3.1/../../../../arm-none-eabi/lib/thumb/v7e-m+fp/hard\libc_nano.a(lib_a-ctype_.o)
                0x000000000800a8e8                _ctype_
 .rodata._svfprintf_r.str1.1
                0x000000000800a9e9       0x11 c:/st/stm32cubeide_1.12.0/stm32cubeide/plugins/com.st.stm32cube.ide.mcu.externaltools.gnu-tools-for-stm32.10.3-2021.10.win32_1.0.200.202301161003/tools/bin/../lib/gcc/arm-none-eabi/10.3.1/../../../../arm-none-eabi/lib/thumb/v7e-m+fp/hard\libc_nano.a(lib_a-nano-svfprintf.o)
 .rodata.__ssvfscanf_r.str1.1
                0x000000000800a9fa        0x4 c:/st/stm32cubeide_1.12.0/stm32cubeide/plugins/com.st.stm32cube.ide.mcu.externaltools.gnu-tools-for-stm32.10.3-2021.10.win32_1.0.200.202301161003/tools/bin/../lib/gcc/arm-none-eabi/10.3.1/../../../../arm-none-eabi/lib/thumb/v7e-m+fp/hard\libc_nano.a(lib_a-nano-svfscanf.o)
 .rodata._printf_i.str1.1
                0x000000000800a9fa       0x22 c:/st/stm32cubeide_1.12.0/stm32cubeide/plugins/com.st.stm32cube.ide.mcu.externaltools.gnu-tools-for-stm32.10.3-2021.10.win32_1.0.200.202301161003/tools/bin/../lib/gcc/arm-none-eabi/10.3.1/../../../../arm-none-eabi/lib/thumb/v7e-m+fp/hard\libc_nano.a(lib_a-nano-vfprintf_i.o)
 .rodata.str1.1
                0x000000000800aa1c        0x9 c:/st/stm32cubeide_1.12.0/stm32cubeide/plugins/com.st.stm32cube.ide.mcu.externaltools.gnu-tools-for-stm32.10.3-2021.10.win32_1.0.200.202301161003/tools/bin/../lib/gcc/arm-none-eabi/10.3.1/../../../../arm-none-eabi/lib/thumb/v7e-m+fp/hard\libc_nano.a(lib_a-nano-vfscanf_i.o)
 .rodata._scanf_i.str1.1
                0x000000000800aa25       0x12 c:/st/stm32cubeide_1.12.0/stm32cubeide/plugins/com.st.stm32cube.ide.mcu.externaltools.gnu-tools-for-stm32.10.3-2021.10.win32_1.0.200.202301161003/tools/bin/../lib/gcc/arm-none-eabi/10.3.1/../../../../arm-none-eabi/lib/thumb/v7e-m+fp/hard\libc_nano.a(lib_a-nano-vfscanf_i.o)
 *fill*         0x000000000800aa37        0x1 
 .rodata.__sf_fake_stderr
                0x000000000800aa38       0x20 c:/st/stm32cubeide_1.12.0/stm32cubeide/plugins/com.st.stm32cube.ide.mcu.externaltools.gnu-tools-for-stm32.10.3-2021.10.win32_1.0.200.202301161003/tools/bin/../lib/gcc/arm-none-eabi/10.3.1/../../../../arm-none-eabi/lib/thumb/v7e-m+fp/hard\libc_nano.a(lib_a-findfp.o)
                0x000000000800aa38                __sf_fake_stderr
 .rodata.__sf_fake_stdin
                0x000000000800aa58       0x20 c:/st/stm32cubeide_1.12.0/stm32cubeide/plugins/com.st.stm32cube.ide.mcu.externaltools.gnu-tools-for-stm32.10.3-2021.10.win32_1.0.200.202301161003/tools/bin/../lib/gcc/arm-none-eabi/10.3.1/../../../../arm-none-eabi/lib/thumb/v7e-m+fp/hard\libc_nano.a(lib_a-findfp.o)
                0x000000000800aa58                __sf_fake_stdin
 .rodata.__sf_fake_stdout
                0x000000000800aa78       0x20 c:/st/stm32cubeide_1.12.0/stm32cubeide/plugins/com.st.stm32cube.ide.mcu.externaltools.gnu-tools-for-stm32.10.3-2021.10.win32_1.0.200.202301161003/tools/bin/../lib/gcc/arm-none-eabi/10.3.1/../../../../arm-none-eabi/lib/thumb/v7e-m+fp/hard\libc_nano.a(lib_a-findfp.o)
                0x000000000800aa78                __sf_fake_stdout
                0x000000000800aa98                . = ALIGN (0x4)

.ARM.extab      0x000000000800aa98        0x0
                0x000000000800aa98                . = ALIGN (0x4)
 *(.ARM.extab* .gnu.linkonce.armextab.*)
                0x000000000800aa98                . = ALIGN (0x4)

.ARM            0x000000000800aa98        0x8
                0x000000000800aa98                . = ALIGN (0x4)
                0x000000000800aa98                __exidx_start = .
 *(.ARM.exidx*)
 .ARM.exidx     0x000000000800aa98        0x8 c:/st/stm32cubeide_1.12.0/stm32cubeide/plugins/com.st.stm32cube.ide.mcu.externaltools.gnu-tools-for-stm32.10.3-2021.10.win32_1.0.200.202301161003/tools/bin/../lib/gcc/arm-none-eabi/10.3.1/thumb/v7e-m+fp/hard\libgcc.a(_udivmoddi4.o)
                0x000000000800aaa0                __exidx_end = .
                0x000000000800aaa0                . = ALIGN (0x4)

.rel.dyn        0x000000000800aaa0        0x0
 .rel.iplt      0x000000000800aaa0        0x0 c:/st/stm32cubeide_1.12.0/stm32cubeide/plugins/com.st.stm32cube.ide.mcu.externaltools.gnu-tools-for-stm32.10.3-2021.10.win32_1.0.200.202301161003/tools/bin/../lib/gcc/arm-none-eabi/10.3.1/thumb/v7e-m+fp/hard/crtbegin.o

.preinit_array  0x000000000800aaa0        0x0
                0x000000000800aaa0                . = ALIGN (0x4)
                0x000000000800aaa0                PROVIDE (__preinit_array_start = .)
 *(.preinit_array*)
                0x000000000800aaa0                PROVIDE (__preinit_array_end = .)
                0x000000000800aaa0                . = ALIGN (0x4)

.init_array     0x000000000800aaa0        0x4
                0x000000000800aaa0                . = ALIGN (0x4)
                0x000000000800aaa0                PROVIDE (__init_array_start = .)
 *(SORT_BY_NAME(.init_array.*))
 *(.init_array*)
 .init_array    0x000000000800aaa0        0x4 c:/st/stm32cubeide_1.12.0/stm32cubeide/plugins/com.st.stm32cube.ide.mcu.externaltools.gnu-tools-for-stm32.10.3-2021.10.win32_1.0.200.202301161003/tools/bin/../lib/gcc/arm-none-eabi/10.3.1/thumb/v7e-m+fp/hard/crtbegin.o
                0x000000000800aaa4                PROVIDE (__init_array_end = .)
                0x000000000800aaa4                . = ALIGN (0x4)

.fini_array     0x000000000800aaa4        0x4
                0x000000000800aaa4                . = ALIGN (0x4)
                [!provide]                        PROVIDE (__fini_array_start = .)
 *(SORT_BY_NAME(.fini_array.*))
 *(.fini_array*)
 .fini_array    0x000000000800aaa4        0x4 c:/st/stm32cubeide_1.12.0/stm32cubeide/plugins/com.st.stm32cube.ide.mcu.externaltools.gnu-tools-for-stm32.10.3-2021.10.win32_1.0.200.202301161003/tools/bin/../lib/gcc/arm-none-eabi/10.3.1/thumb/v7e-m+fp/hard/crtbegin.o
                [!provide]                        PROVIDE (__fini_array_end = .)
                0x000000000800aaa8                . = ALIGN (0x4)
                0x000000000800aaa8                _sidata = LOADADDR (.data)

.data           0x0000000020000000       0x74 load address 0x000000000800aaa8
                0x0000000020000000                . = ALIGN (0x4)
                0x0000000020000000                _sdata = .
 *(.data)
 *(.data*)
 .data.SystemCoreClock
                0x0000000020000000        0x4 ./Core/Src/system_stm32f4xx.o
                0x0000000020000000                SystemCoreClock
 .data.uwTickPrio
                0x0000000020000004        0x4 ./Drivers/STM32F4xx_HAL_Driver/Src/stm32f4xx_hal.o
                0x0000000020000004                uwTickPrio
 .data.uwTickFreq
                0x0000000020000008        0x1 ./Drivers/STM32F4xx_HAL_Driver/Src/stm32f4xx_hal.o
                0x0000000020000008                uwTickFreq
 *fill*         0x0000000020000009        0x3 
 .data.uxCriticalNesting
                0x000000002000000c        0x4 ./Middlewares/Third_Party/FreeRTOS/Source/portable/GCC/ARM_CM4F/port.o
 .data._impure_ptr
                0x0000000020000010        0x4 c:/st/stm32cubeide_1.12.0/stm32cubeide/plugins/com.st.stm32cube.ide.mcu.externaltools.gnu-tools-for-stm32.10.3-2021.10.win32_1.0.200.202301161003/tools/bin/../lib/gcc/arm-none-eabi/10.3.1/../../../../arm-none-eabi/lib/thumb/v7e-m+fp/hard\libc_nano.a(lib_a-impure.o)
                0x0000000020000010                _impure_ptr
 .data.impure_data
                0x0000000020000014       0x60 c:/st/stm32cubeide_1.12.0/stm32cubeide/plugins/com.st.stm32cube.ide.mcu.externaltools.gnu-tools-for-stm32.10.3-2021.10.win32_1.0.200.202301161003/tools/bin/../lib/gcc/arm-none-eabi/10.3.1/../../../../arm-none-eabi/lib/thumb/v7e-m+fp/hard\libc_nano.a(lib_a-impure.o)
 *(.RamFunc)
 *(.RamFunc*)
                0x0000000020000074                . = ALIGN (0x4)
                0x0000000020000074                _edata = .

.igot.plt       0x0000000020000074        0x0 load address 0x000000000800ab1c
 .igot.plt      0x0000000020000074        0x0 c:/st/stm32cubeide_1.12.0/stm32cubeide/plugins/com.st.stm32cube.ide.mcu.externaltools.gnu-tools-for-stm32.10.3-2021.10.win32_1.0.200.202301161003/tools/bin/../lib/gcc/arm-none-eabi/10.3.1/thumb/v7e-m+fp/hard/crtbegin.o
                0x0000000020000074                . = ALIGN (0x4)

.bss            0x0000000020000074     0x6598 load address 0x000000000800ab1c
                0x0000000020000074                _sbss = .
                0x0000000020000074                __bss_start__ = _sbss
 *(.bss)
 .bss           0x0000000020000074       0x1c c:/st/stm32cubeide_1.12.0/stm32cubeide/plugins/com.st.stm32cube.ide.mcu.externaltools.gnu-tools-for-stm32.10.3-2021.10.win32_1.0.200.202301161003/tools/bin/../lib/gcc/arm-none-eabi/10.3.1/thumb/v7e-m+fp/hard/crtbegin.o
 *(.bss*)
 .bss.input_pos
                0x0000000020000090        0x4 ./Core/Src/Src/usr_debug_tool.o
                0x0000000020000090                input_pos
 .bss.sk_mem_dump
                0x0000000020000094        0x4 ./Core/Src/Src/usr_debug_tool.o
                0x0000000020000094                sk_mem_dump
 .bss.input_char_step
                0x0000000020000098        0x1 ./Core/Src/Src/usr_debug_tool.o
                0x0000000020000098                input_char_step
 *fill*         0x0000000020000099        0x3 
 .bss.input_string
                0x000000002000009c       0x80 ./Core/Src/Src/usr_debug_tool.o
                0x000000002000009c                input_string
 .bss.dev_menue_type
                0x000000002000011c        0x1 ./Core/Src/Src/usr_debug_tool.o
                0x000000002000011c                dev_menue_type
 *fill*         0x000000002000011d        0x3 
 .bss.timer     0x0000000020000120       0x24 ./Core/Src/Src/usr_isr_callback.o
                0x0000000020000120                timer
 .bss.log       0x0000000020000144     0x1908 ./Core/Src/Src/usr_log.o
                0x0000000020000144                log
 .bss.task_chk_table
                0x0000000020001a4c       0x48 ./Core/Src/Src/usr_main.o
                0x0000000020001a4c                task_chk_table
 .bss.slv_dt    0x0000000020001a94       0x24 ./Core/Src/Src/usr_rs485_main.o
                0x0000000020001a94                slv_dt
 .bss.cmd_mesg  0x0000000020001ab8       0x14 ./Core/Src/Src/usr_rs485_main.o
                0x0000000020001ab8                cmd_mesg
 .bss.Res_mesg  0x0000000020001acc       0x14 ./Core/Src/Src/usr_rs485_main.o
                0x0000000020001acc                Res_mesg
 .bss.cmd_char  0x0000000020001ae0       0x14 ./Core/Src/Src/usr_rs485_main.o
                0x0000000020001ae0                cmd_char
 .bss.cmd_ptr   0x0000000020001af4        0x1 ./Core/Src/Src/usr_rs485_main.o
                0x0000000020001af4                cmd_ptr
 *fill*         0x0000000020001af5        0x3 
 .bss.Sem_Printf
                0x0000000020001af8        0x4 ./Core/Src/Src/usr_uart.o
                0x0000000020001af8                Sem_Printf
 .bss.uart1_rcvbuf
                0x0000000020001afc        0x2 ./Core/Src/Src/usr_uart.o
                0x0000000020001afc                uart1_rcvbuf
 *fill*         0x0000000020001afe        0x2 
 .bss.uart2_rcvbuf
                0x0000000020001b00        0x2 ./Core/Src/Src/usr_uart.o
                0x0000000020001b00                uart2_rcvbuf
 *fill*         0x0000000020001b02        0x2 
 .bss.uart1_rcvflg
                0x0000000020001b04        0x4 ./Core/Src/Src/usr_uart.o
                0x0000000020001b04                uart1_rcvflg
 .bss.uart2_rcvflg
                0x0000000020001b08        0x4 ./Core/Src/Src/usr_uart.o
                0x0000000020001b08                uart2_rcvflg
 .bss.hrtc      0x0000000020001b0c       0x20 ./Core/Src/main.o
                0x0000000020001b0c                hrtc
 .bss.htim1     0x0000000020001b2c       0x48 ./Core/Src/main.o
                0x0000000020001b2c                htim1
 .bss.htim2     0x0000000020001b74       0x48 ./Core/Src/main.o
                0x0000000020001b74                htim2
 .bss.huart1    0x0000000020001bbc       0x44 ./Core/Src/main.o
                0x0000000020001bbc                huart1
 .bss.huart2    0x0000000020001c00       0x44 ./Core/Src/main.o
                0x0000000020001c00                huart2
 .bss.Task_mainHandle
                0x0000000020001c44        0x4 ./Core/Src/main.o
                0x0000000020001c44                Task_mainHandle
 .bss.Task_sub1Handle
                0x0000000020001c48        0x4 ./Core/Src/main.o
                0x0000000020001c48                Task_sub1Handle
 .bss.Task_sub2Handle
                0x0000000020001c4c        0x4 ./Core/Src/main.o
                0x0000000020001c4c                Task_sub2Handle
 .bss.myQueue01Handle
                0x0000000020001c50        0x4 ./Core/Src/main.o
                0x0000000020001c50                myQueue01Handle
 .bss.myQueue02Handle
                0x0000000020001c54        0x4 ./Core/Src/main.o
                0x0000000020001c54                myQueue02Handle
 .bss.myQueue03Handle
                0x0000000020001c58        0x4 ./Core/Src/main.o
                0x0000000020001c58                myQueue03Handle
 .bss.htim10    0x0000000020001c5c       0x48 ./Core/Src/stm32f4xx_hal_timebase_tim.o
                0x0000000020001c5c                htim10
 .bss.__sbrk_heap_end
                0x0000000020001ca4        0x4 ./Core/Src/sysmem.o
 .bss.uwTick    0x0000000020001ca8        0x4 ./Drivers/STM32F4xx_HAL_Driver/Src/stm32f4xx_hal.o
                0x0000000020001ca8                uwTick
 .bss.KernelState
                0x0000000020001cac        0x4 ./Middlewares/Third_Party/FreeRTOS/Source/CMSIS_RTOS_V2/cmsis_os2.o
 .bss.Idle_TCB.3
                0x0000000020001cb0       0x5c ./Middlewares/Third_Party/FreeRTOS/Source/CMSIS_RTOS_V2/cmsis_os2.o
 .bss.Idle_Stack.2
                0x0000000020001d0c      0x200 ./Middlewares/Third_Party/FreeRTOS/Source/CMSIS_RTOS_V2/cmsis_os2.o
 .bss.Timer_TCB.1
                0x0000000020001f0c       0x5c ./Middlewares/Third_Party/FreeRTOS/Source/CMSIS_RTOS_V2/cmsis_os2.o
 .bss.Timer_Stack.0
                0x0000000020001f68      0x400 ./Middlewares/Third_Party/FreeRTOS/Source/CMSIS_RTOS_V2/cmsis_os2.o
 .bss.xQueueRegistry
                0x0000000020002368       0x40 ./Middlewares/Third_Party/FreeRTOS/Source/queue.o
                0x0000000020002368                xQueueRegistry
 .bss.pxCurrentTCB
                0x00000000200023a8        0x4 ./Middlewares/Third_Party/FreeRTOS/Source/tasks.o
                0x00000000200023a8                pxCurrentTCB
 .bss.pxReadyTasksLists
                0x00000000200023ac      0x460 ./Middlewares/Third_Party/FreeRTOS/Source/tasks.o
 .bss.xDelayedTaskList1
                0x000000002000280c       0x14 ./Middlewares/Third_Party/FreeRTOS/Source/tasks.o
 .bss.xDelayedTaskList2
                0x0000000020002820       0x14 ./Middlewares/Third_Party/FreeRTOS/Source/tasks.o
 .bss.pxDelayedTaskList
                0x0000000020002834        0x4 ./Middlewares/Third_Party/FreeRTOS/Source/tasks.o
 .bss.pxOverflowDelayedTaskList
                0x0000000020002838        0x4 ./Middlewares/Third_Party/FreeRTOS/Source/tasks.o
 .bss.xPendingReadyList
                0x000000002000283c       0x14 ./Middlewares/Third_Party/FreeRTOS/Source/tasks.o
 .bss.xTasksWaitingTermination
                0x0000000020002850       0x14 ./Middlewares/Third_Party/FreeRTOS/Source/tasks.o
 .bss.uxDeletedTasksWaitingCleanUp
                0x0000000020002864        0x4 ./Middlewares/Third_Party/FreeRTOS/Source/tasks.o
 .bss.xSuspendedTaskList
                0x0000000020002868       0x14 ./Middlewares/Third_Party/FreeRTOS/Source/tasks.o
 .bss.uxCurrentNumberOfTasks
                0x000000002000287c        0x4 ./Middlewares/Third_Party/FreeRTOS/Source/tasks.o
 .bss.xTickCount
                0x0000000020002880        0x4 ./Middlewares/Third_Party/FreeRTOS/Source/tasks.o
 .bss.uxTopReadyPriority
                0x0000000020002884        0x4 ./Middlewares/Third_Party/FreeRTOS/Source/tasks.o
 .bss.xSchedulerRunning
                0x0000000020002888        0x4 ./Middlewares/Third_Party/FreeRTOS/Source/tasks.o
 .bss.xPendedTicks
                0x000000002000288c        0x4 ./Middlewares/Third_Party/FreeRTOS/Source/tasks.o
 .bss.xYieldPending
                0x0000000020002890        0x4 ./Middlewares/Third_Party/FreeRTOS/Source/tasks.o
 .bss.xNumOfOverflows
                0x0000000020002894        0x4 ./Middlewares/Third_Party/FreeRTOS/Source/tasks.o
 .bss.uxTaskNumber
                0x0000000020002898        0x4 ./Middlewares/Third_Party/FreeRTOS/Source/tasks.o
 .bss.xNextTaskUnblockTime
                0x000000002000289c        0x4 ./Middlewares/Third_Party/FreeRTOS/Source/tasks.o
 .bss.xIdleTaskHandle
                0x00000000200028a0        0x4 ./Middlewares/Third_Party/FreeRTOS/Source/tasks.o
 .bss.uxSchedulerSuspended
                0x00000000200028a4        0x4 ./Middlewares/Third_Party/FreeRTOS/Source/tasks.o
 .bss.xActiveTimerList1
                0x00000000200028a8       0x14 ./Middlewares/Third_Party/FreeRTOS/Source/timers.o
 .bss.xActiveTimerList2
                0x00000000200028bc       0x14 ./Middlewares/Third_Party/FreeRTOS/Source/timers.o
 .bss.pxCurrentTimerList
                0x00000000200028d0        0x4 ./Middlewares/Third_Party/FreeRTOS/Source/timers.o
 .bss.pxOverflowTimerList
                0x00000000200028d4        0x4 ./Middlewares/Third_Party/FreeRTOS/Source/timers.o
 .bss.xTimerQueue
                0x00000000200028d8        0x4 ./Middlewares/Third_Party/FreeRTOS/Source/timers.o
 .bss.xTimerTaskHandle
                0x00000000200028dc        0x4 ./Middlewares/Third_Party/FreeRTOS/Source/timers.o
 .bss.xLastTime.2
                0x00000000200028e0        0x4 ./Middlewares/Third_Party/FreeRTOS/Source/timers.o
 .bss.ucStaticTimerQueueStorage.1
                0x00000000200028e4       0xa0 ./Middlewares/Third_Party/FreeRTOS/Source/timers.o
 .bss.xStaticTimerQueue.0
                0x0000000020002984       0x50 ./Middlewares/Third_Party/FreeRTOS/Source/timers.o
 .bss.ucMaxSysCallPriority
                0x00000000200029d4        0x1 ./Middlewares/Third_Party/FreeRTOS/Source/portable/GCC/ARM_CM4F/port.o
 *fill*         0x00000000200029d5        0x3 
 .bss.ulMaxPRIGROUPValue
                0x00000000200029d8        0x4 ./Middlewares/Third_Party/FreeRTOS/Source/portable/GCC/ARM_CM4F/port.o
 .bss.ucHeap    0x00000000200029dc     0x3c00 ./Middlewares/Third_Party/FreeRTOS/Source/portable/MemMang/heap_4.o
 .bss.xStart    0x00000000200065dc        0x8 ./Middlewares/Third_Party/FreeRTOS/Source/portable/MemMang/heap_4.o
 .bss.pxEnd     0x00000000200065e4        0x4 ./Middlewares/Third_Party/FreeRTOS/Source/portable/MemMang/heap_4.o
 .bss.xFreeBytesRemaining
                0x00000000200065e8        0x4 ./Middlewares/Third_Party/FreeRTOS/Source/portable/MemMang/heap_4.o
 .bss.xMinimumEverFreeBytesRemaining
                0x00000000200065ec        0x4 ./Middlewares/Third_Party/FreeRTOS/Source/portable/MemMang/heap_4.o
 .bss.xNumberOfSuccessfulAllocations
                0x00000000200065f0        0x4 ./Middlewares/Third_Party/FreeRTOS/Source/portable/MemMang/heap_4.o
 .bss.xNumberOfSuccessfulFrees
                0x00000000200065f4        0x4 ./Middlewares/Third_Party/FreeRTOS/Source/portable/MemMang/heap_4.o
 .bss.xBlockAllocatedBit
                0x00000000200065f8        0x4 ./Middlewares/Third_Party/FreeRTOS/Source/portable/MemMang/heap_4.o
 .bss.errno     0x00000000200065fc        0x4 c:/st/stm32cubeide_1.12.0/stm32cubeide/plugins/com.st.stm32cube.ide.mcu.externaltools.gnu-tools-for-stm32.10.3-2021.10.win32_1.0.200.202301161003/tools/bin/../lib/gcc/arm-none-eabi/10.3.1/../../../../arm-none-eabi/lib/thumb/v7e-m+fp/hard\libc_nano.a(lib_a-reent.o)
                0x00000000200065fc                errno
 .bss.__lock___malloc_recursive_mutex
                0x0000000020006600        0x1 c:/st/stm32cubeide_1.12.0/stm32cubeide/plugins/com.st.stm32cube.ide.mcu.externaltools.gnu-tools-for-stm32.10.3-2021.10.win32_1.0.200.202301161003/tools/bin/../lib/gcc/arm-none-eabi/10.3.1/../../../../arm-none-eabi/lib/thumb/v7e-m+fp/hard\libc_nano.a(lib_a-lock.o)
                0x0000000020006600                __lock___malloc_recursive_mutex
 *fill*         0x0000000020006601        0x3 
 .bss.__malloc_free_list
                0x0000000020006604        0x4 c:/st/stm32cubeide_1.12.0/stm32cubeide/plugins/com.st.stm32cube.ide.mcu.externaltools.gnu-tools-for-stm32.10.3-2021.10.win32_1.0.200.202301161003/tools/bin/../lib/gcc/arm-none-eabi/10.3.1/../../../../arm-none-eabi/lib/thumb/v7e-m+fp/hard\libc_nano.a(lib_a-nano-mallocr.o)
                0x0000000020006604                __malloc_free_list
 .bss.__malloc_sbrk_start
                0x0000000020006608        0x4 c:/st/stm32cubeide_1.12.0/stm32cubeide/plugins/com.st.stm32cube.ide.mcu.externaltools.gnu-tools-for-stm32.10.3-2021.10.win32_1.0.200.202301161003/tools/bin/../lib/gcc/arm-none-eabi/10.3.1/../../../../arm-none-eabi/lib/thumb/v7e-m+fp/hard\libc_nano.a(lib_a-nano-mallocr.o)
                0x0000000020006608                __malloc_sbrk_start
 *(COMMON)
                0x000000002000660c                . = ALIGN (0x4)
                0x000000002000660c                _ebss = .
                0x000000002000660c                __bss_end__ = _ebss

._user_heap_stack
                0x000000002000660c      0x604 load address 0x000000000800ab1c
                0x0000000020006610                . = ALIGN (0x8)
 *fill*         0x000000002000660c        0x4 
                [!provide]                        PROVIDE (end = .)
                0x0000000020006610                PROVIDE (_end = .)
                0x0000000020006810                . = (. + _Min_Heap_Size)
 *fill*         0x0000000020006610      0x200 
                0x0000000020006c10                . = (. + _Min_Stack_Size)
 *fill*         0x0000000020006810      0x400 
                0x0000000020006c10                . = ALIGN (0x8)

/DISCARD/
 libc.a(*)
 libm.a(*)
 libgcc.a(*)

.ARM.attributes
                0x0000000000000000       0x30
 *(.ARM.attributes)
 .ARM.attributes
                0x0000000000000000       0x1e c:/st/stm32cubeide_1.12.0/stm32cubeide/plugins/com.st.stm32cube.ide.mcu.externaltools.gnu-tools-for-stm32.10.3-2021.10.win32_1.0.200.202301161003/tools/bin/../lib/gcc/arm-none-eabi/10.3.1/thumb/v7e-m+fp/hard/crti.o
 .ARM.attributes