../Drivers/CMSIS/Include/core_cm4.h:2064:26:ITM_SendChar	16	static,ignoring_inline_asm
../Core/Src/main.c:70:5:__io_putchar	16	static
../Core/Src/main.c:80:5:main	8	static
../Core/Src/main.c:129:6:SystemClock_Config	88	static
../Core/Src/main.c:177:13:MX_RTC_Init	56	static
../Core/Src/main.c:271:13:MX_TIM1_Init	32	static
../Core/Src/main.c:317:13:MX_USART2_UART_Init	8	static
../Core/Src/main.c:350:13:MX_GPIO_Init	48	static
../Core/Src/main.c:390:6:Error_Handler	4	static,ignoring_inline_asm
