../Core/Src/Src/usr_debug_tool.c:212:6:debu_main	8	static
../Core/Src/Src/usr_debug_tool.c:255:6:DispMenue	24	static
../Core/Src/Src/usr_debug_tool.c:274:6:DBmanue_prompt	16	static
../Core/Src/Src/usr_debug_tool.c:312:6:DBmanue_rs485_scan	16	static
../Core/Src/Src/usr_debug_tool.c:431:6:DBmanue_log	8	static
../Core/Src/Src/usr_debug_tool.c:460:6:DBmanue_rs485	4	static
../Core/Src/Src/usr_debug_tool.c:484:6:DBmanue_memdump	24	static
../Core/Src/Src/usr_debug_tool.c:536:6:DBmanue_mem_input	24	static
../Core/Src/Src/usr_debug_tool.c:577:6:hex_dmp	64	static
../Core/Src/Src/usr_debug_tool.c:650:15:input2menu	16	static
../Core/Src/Src/usr_debug_tool.c:668:6:command_split	24	static
../Core/Src/Src/usr_debug_tool.c:745:18:read_line_streem	16	static
