../Core/Src/Src/usr_rs485_main.c:291:7:tasuk3_init	8	static
../Core/Src/Src/usr_rs485_main.c:302:6:Set_rcv_data	24	static
../Core/Src/Src/usr_rs485_main.c:323:6:HAL_UART_RxCpltCallback	16	static
../Core/Src/Src/usr_rs485_main.c:347:9:Get_rcv_data	24	static
../Core/Src/Src/usr_rs485_main.c:375:6:rs485_com_task	40	static
../Core/Src/Src/usr_rs485_main.c:462:6:SendMsgQueISR	24	static
../Core/Src/Src/usr_rs485_main.c:491:6:SendMsgQue	24	static
../Core/Src/Src/usr_rs485_main.c:525:6:RS_nop	16	static
../Core/Src/Src/usr_rs485_main.c:533:6:RScomand_send	32	static
../Core/Src/Src/usr_rs485_main.c:588:6:RSrespons_recive	32	static
../Core/Src/Src/usr_rs485_main.c:622:6:RSTimeout	40	static
../Core/Src/Src/usr_rs485_main.c:672:6:RSrespons_proc	40	static
../Core/Src/Src/usr_rs485_main.c:890:11:Get_end_test_pt	24	static
../Core/Src/Src/usr_rs485_main.c:921:16:Set_Res_Message	48	static
../Core/Src/Src/usr_rs485_main.c:1034:9:Get_command_chksum	24	static
../Core/Src/Src/usr_rs485_main.c:1052:15:Send_rx485_cmd_message	24	static
