../Core/Src/Src/usr_main.c:175:20:GetMessageQue	24	static
../Core/Src/Src/usr_main.c:197:6:task_chk_init	40	static
../Core/Src/Src/usr_main.c:248:6:task_stack_chk	16	static
../Core/Src/Src/usr_main.c:278:6:task_stack_display	24	static
../Core/Src/Src/usr_main.c:296:6:Disp_task_info	32	static
../Core/Src/Src/usr_main.c:419:6:Get_task_stackptr	24	static
../Core/Src/Src/usr_main.c:460:6:Get_UART_Handle	16	static
../Core/Src/Src/usr_main.c:471:6:user_init	16	static
../Core/Src/Src/usr_main.c:517:6:user_main_loop	8	static
../Core/Src/Src/usr_main.c:594:6:rtc_display	56	static
../Core/Src/Src/usr_main.c:629:9:GetTimerEventID	16	static
../Core/Src/Src/usr_main.c:648:6:ReleaceTimerEvent	24	static
../Core/Src/Src/usr_main.c:666:6:TimerEventCtrl	32	static
