../Core/Src/Src/usr_main.c:177:20:GetMessageQue	24	static
../Core/Src/Src/usr_main.c:199:6:task_chk_init	40	static
../Core/Src/Src/usr_main.c:250:6:task_stack_chk	16	static
../Core/Src/Src/usr_main.c:282:6:Disp_task_info	32	static
../Core/Src/Src/usr_main.c:405:6:Get_task_stackptr	24	static
../Core/Src/Src/usr_main.c:446:6:Get_UART_Handle	16	static
../Core/Src/Src/usr_main.c:457:6:user_init	16	static
../Core/Src/Src/usr_main.c:503:6:user_main_loop	8	static
../Core/Src/Src/usr_main.c:580:6:rtc_display	56	static
../Core/Src/Src/usr_main.c:615:9:GetTimerEventID	16	static
../Core/Src/Src/usr_main.c:634:6:ReleaceTimerEvent	24	static
../Core/Src/Src/usr_main.c:652:6:TimerEventCtrl	32	static
