../Core/Src/Src/usr_debug_tool.c:161:6:debu_main	8	static
../Core/Src/Src/usr_debug_tool.c:190:6:DispMenue	24	static
../Core/Src/Src/usr_debug_tool.c:205:6:DBmanue_prompt	8	static
../Core/Src/Src/usr_debug_tool.c:225:6:DBmanue_log	8	static
../Core/Src/Src/usr_debug_tool.c:254:6:DBmanue_rs485	4	static
../Core/Src/Src/usr_debug_tool.c:280:15:input2menu	16	static
../Core/Src/Src/usr_debug_tool.c:298:6:command_split	24	static
../Core/Src/Src/usr_debug_tool.c:375:18:read_line_streem	16	static
