../Core/Src/Src/usr_log.c:57:10:my_putint	16	static
../Core/Src/Src/usr_log.c:80:10:my_putfloat	56	static
../Core/Src/Src/usr_log.c:120:10:my_putchar	16	static
../Core/Src/Src/usr_log.c:132:10:my_puts	24	static
../Core/Src/Src/usr_log.c:156:10:my_putshex	24	static
../Core/Src/Src/usr_log.c:210:6:Set_logflg	16	static
../Core/Src/Src/usr_log.c:224:6:Set_logInfo	32	static
../Core/Src/Src/usr_log.c:299:6:Set_logInfo2	64	static
../Core/Src/Src/usr_log.c:453:6:LogInfo_display	24	static
../Core/Src/Src/usr_log.c:481:6:LogdisplayISR	80	static
../Core/Src/Src/usr_log.c:526:6:LogInfo_clear	8	static
