../Core/Src/Src/usr_uart.c:82:22:Get_huart	16	static
../Core/Src/Src/usr_uart.c:91:9:Get_uart_port	24	static
../Core/Src/Src/usr_uart.c:107:15:Send_rs485	24	static
../Core/Src/Src/usr_uart.c:135:9:Get_rs485_rcvflg	4	static
../Core/Src/Src/usr_uart.c:142:6:Set_rs485_rcvflg	16	static
../Core/Src/Src/usr_uart.c:151:6:uart_Data_init	8	static
../Core/Src/Src/usr_uart.c:173:6:uart_Rcv_init	24	static
../Core/Src/Src/usr_uart.c:197:5:SKprintf_uart1	24	static
../Core/Src/Src/usr_uart.c:240:5:SKprintf	24	static
../Core/Src/Src/usr_uart.c:281:5:getch	24	static
