../Core/Src/Src/usr_rs485_main.c:292:7:tasuk3_init	8	static
../Core/Src/Src/usr_rs485_main.c:303:6:Set_rcv_data	16	static
../Core/Src/Src/usr_rs485_main.c:325:9:Get_rcv_data	24	static
../Core/Src/Src/usr_rs485_main.c:349:6:HAL_UART_RxCpltCallback	16	static
../Core/Src/Src/usr_rs485_main.c:374:6:SendMsgQueISR	24	static
../Core/Src/Src/usr_rs485_main.c:403:6:SendMsgQue	24	static
../Core/Src/Src/usr_rs485_main.c:442:6:rs485_com_task	40	static
../Core/Src/Src/usr_rs485_main.c:537:6:RS_nop	16	static
../Core/Src/Src/usr_rs485_main.c:545:6:RScomand_send	32	static
../Core/Src/Src/usr_rs485_main.c:600:6:RSrespons_recive	32	static
../Core/Src/Src/usr_rs485_main.c:645:6:RSTimeout	48	static
../Core/Src/Src/usr_rs485_main.c:705:6:RSstop_req	16	static
../Core/Src/Src/usr_rs485_main.c:714:6:RSrespons_proc	40	static
../Core/Src/Src/usr_rs485_main.c:933:11:Get_end_test_pt	24	static
../Core/Src/Src/usr_rs485_main.c:964:16:Set_Res_Message	48	static
../Core/Src/Src/usr_rs485_main.c:1077:9:Get_command_chksum	24	static
../Core/Src/Src/usr_rs485_main.c:1095:15:Send_rx485_cmd_message	24	static
