../Core/Src/Src/usr_rs485_main.c:295:7:tasuk3_init	8	static
../Core/Src/Src/usr_rs485_main.c:306:6:Set_rcv_data	16	static
../Core/Src/Src/usr_rs485_main.c:328:9:Get_rcv_data	24	static
../Core/Src/Src/usr_rs485_main.c:352:6:HAL_UART_RxCpltCallback	16	static
../Core/Src/Src/usr_rs485_main.c:393:6:SendMsgQueISR	24	static
../Core/Src/Src/usr_rs485_main.c:422:6:SendMsgQue	24	static
../Core/Src/Src/usr_rs485_main.c:466:6:rs485_com_task	40	static
../Core/Src/Src/usr_rs485_main.c:571:6:RS_nop	16	static
../Core/Src/Src/usr_rs485_main.c:579:6:RScomand_send	32	static
../Core/Src/Src/usr_rs485_main.c:652:6:RSrespons_recive	40	static
../Core/Src/Src/usr_rs485_main.c:716:6:RSTimeout	48	static
../Core/Src/Src/usr_rs485_main.c:809:6:RSstop_req	16	static
../Core/Src/Src/usr_rs485_main.c:818:6:RSrespons_proc	40	static
../Core/Src/Src/usr_rs485_main.c:1037:11:Get_end_test_pt	24	static
../Core/Src/Src/usr_rs485_main.c:1068:16:Set_Res_Message	48	static
../Core/Src/Src/usr_rs485_main.c:1181:9:Get_command_chksum	24	static
../Core/Src/Src/usr_rs485_main.c:1199:15:Send_rx485_cmd_message	24	static
