../Core/Src/Src/vl53l0x_api_calibration.c:339:15:VL53L0X_get_offset_calibration_data_micro_meter	24	static
../Core/Src/Src/vl53l0x_api_calibration.c:413:6:get_next_good_spad	48	static
../Core/Src/Src/vl53l0x_api_calibration.c:463:9:is_aperture	24	static
../Core/Src/Src/vl53l0x_api_calibration.c:480:15:enable_spad_bit	40	static
../Core/Src/Src/vl53l0x_api_calibration.c:559:15:set_ref_spad_map	24	static
../Core/Src/Src/vl53l0x_api_calibration.c:568:15:get_ref_spad_map	24	static
../Core/Src/Src/vl53l0x_api_calibration.c:577:15:enable_ref_spads	56	static
../Core/Src/Src/vl53l0x_api_calibration.c:650:15:perform_ref_signal_measurement	48	static
../Core/Src/Src/vl53l0x_api_calibration.c:697:15:VL53L0X_perform_ref_spad_management	128	static
../Core/Src/Src/vl53l0x_api_calibration.c:967:15:VL53L0X_set_reference_spads	88	static
../Core/Src/Src/vl53l0x_api_calibration.c:1090:15:VL53L0X_perform_single_ref_calibration	24	static
../Core/Src/Src/vl53l0x_api_calibration.c:1113:15:VL53L0X_ref_calibration_io	24	static
../Core/Src/Src/vl53l0x_api_calibration.c:1149:15:VL53L0X_perform_vhv_calibration	48	static
../Core/Src/Src/vl53l0x_api_calibration.c:1194:15:VL53L0X_perform_phase_calibration	48	static
../Core/Src/Src/vl53l0x_api_calibration.c:1239:15:VL53L0X_perform_ref_calibration	32	static
