../Core/Src/Src/vl53l0x_api.c:57:15:VL53L0X_GetVersion	24	static
../Core/Src/Src/vl53l0x_api.c:107:15:VL53L0X_GetDeviceInfo	24	static
../Core/Src/Src/vl53l0x_api.c:152:15:VL53L0X_GetRangeStatusString	24	static
../Core/Src/Src/vl53l0x_api.c:166:15:VL53L0X_GetPalErrorString	24	static
../Core/Src/Src/vl53l0x_api.c:283:15:VL53L0X_GetOffsetCalibrationDataMicroMeter	24	static
../Core/Src/Src/vl53l0x_api.c:583:15:VL53L0X_DataInit	152	static
../Core/Src/Src/vl53l0x_api.c:840:15:VL53L0X_StaticInit	184	static
../Core/Src/Src/vl53l0x_api.c:1022:15:VL53L0X_WaitDeviceBooted	24	static
../Core/Src/Src/vl53l0x_api.c:1135:15:VL53L0X_GetDeviceParameters	24	static
../Core/Src/Src/vl53l0x_api.c:1208:15:VL53L0X_SetDeviceMode	24	static
../Core/Src/Src/vl53l0x_api.c:1233:15:VL53L0X_GetDeviceMode	24	static
../Core/Src/Src/vl53l0x_api.c:1263:15:VL53L0X_GetFractionEnable	24	static
../Core/Src/Src/vl53l0x_api.c:1306:15:VL53L0X_SetMeasurementTimingBudgetMicroSeconds	24	static
../Core/Src/Src/vl53l0x_api.c:1321:15:VL53L0X_GetMeasurementTimingBudgetMicroSeconds	24	static
../Core/Src/Src/vl53l0x_api.c:1335:15:VL53L0X_SetVcselPulsePeriod	24	static
../Core/Src/Src/vl53l0x_api.c:1349:15:VL53L0X_GetVcselPulsePeriod	32	static
../Core/Src/Src/vl53l0x_api.c:1363:15:VL53L0X_SetSequenceStepEnable	32	static
../Core/Src/Src/vl53l0x_api.c:1453:15:sequence_step_enabled	32	static
../Core/Src/Src/vl53l0x_api.c:1507:15:VL53L0X_GetSequenceStepEnables	24	static
../Core/Src/Src/vl53l0x_api.c:1693:15:VL53L0X_GetInterMeasurementPeriodMilliSeconds	24	static
../Core/Src/Src/vl53l0x_api.c:1765:15:VL53L0X_GetXTalkCompensationEnable	24	static
../Core/Src/Src/vl53l0x_api.c:1821:15:VL53L0X_GetXTalkCompensationRateMegaCps	32	static
../Core/Src/Src/vl53l0x_api.c:1936:15:VL53L0X_SetLimitCheckEnable	32	static
../Core/Src/Src/vl53l0x_api.c:2040:15:VL53L0X_GetLimitCheckEnable	32	static
../Core/Src/Src/vl53l0x_api.c:2062:15:VL53L0X_SetLimitCheckValue	32	static
../Core/Src/Src/vl53l0x_api.c:2139:15:VL53L0X_GetLimitCheckValue	40	static
../Core/Src/Src/vl53l0x_api.c:2231:15:VL53L0X_GetLimitCheckCurrent	64	static
../Core/Src/Src/vl53l0x_api.c:2340:15:VL53L0X_GetWrapAroundCheckEnable	24	static
../Core/Src/Src/vl53l0x_api.c:2368:15:VL53L0X_PerformSingleMeasurement	24	static
../Core/Src/Src/vl53l0x_api.c:2415:15:VL53L0X_PerformRefCalibration	32	static
../Core/Src/Src/vl53l0x_api.c:2473:15:VL53L0X_CheckAndLoadInterruptSettings	32	static
../Core/Src/Src/vl53l0x_api.c:2549:15:VL53L0X_StartMeasurement	32	static
../Core/Src/Src/vl53l0x_api.c:2633:15:VL53L0X_StopMeasurement	24	static
../Core/Src/Src/vl53l0x_api.c:2661:15:VL53L0X_GetMeasurementDataReady	24	static
../Core/Src/Src/vl53l0x_api.c:2712:15:VL53L0X_GetRangingMeasurementData	104	static
../Core/Src/Src/vl53l0x_api.c:2904:15:VL53L0X_PerformSingleRangingMeasurement	24	static
../Core/Src/Src/vl53l0x_api.c:2980:15:VL53L0X_SetGpioConfig	24	static
../Core/Src/Src/vl53l0x_api.c:3175:15:VL53L0X_GetInterruptThresholds	32	static
../Core/Src/Src/vl53l0x_api.c:3203:15:VL53L0X_GetStopCompletedStatus	24	static
../Core/Src/Src/vl53l0x_api.c:3237:15:VL53L0X_ClearInterruptMask	24	static
../Core/Src/Src/vl53l0x_api.c:3268:15:VL53L0X_GetInterruptMaskStatus	24	static
../Core/Src/Src/vl53l0x_api.c:3410:15:VL53L0X_PerformRefSpadManagement	32	static
