../Core/Src/Src/vl53l0x_api.c:53:15:VL53L0X_GetVersion	24	static
../Core/Src/Src/vl53l0x_api.c:68:15:VL53L0X_GetPalSpecVersion	24	static
../Core/Src/Src/vl53l0x_api.c:84:15:VL53L0X_GetProductRevision	32	static
../Core/Src/Src/vl53l0x_api.c:102:15:VL53L0X_GetDeviceInfo	24	static
../Core/Src/Src/vl53l0x_api.c:114:15:VL53L0X_GetDeviceErrorStatus	24	static
../Core/Src/Src/vl53l0x_api.c:132:15:VL53L0X_GetDeviceErrorString	24	static
../Core/Src/Src/vl53l0x_api.c:145:15:VL53L0X_GetRangeStatusString	24	static
../Core/Src/Src/vl53l0x_api.c:158:15:VL53L0X_GetPalErrorString	24	static
../Core/Src/Src/vl53l0x_api.c:170:15:VL53L0X_GetPalStateString	24	static
../Core/Src/Src/vl53l0x_api.c:182:15:VL53L0X_GetPalState	24	static
../Core/Src/Src/vl53l0x_api.c:193:15:VL53L0X_SetPowerMode	24	static
../Core/Src/Src/vl53l0x_api.c:228:15:VL53L0X_GetPowerMode	24	static
../Core/Src/Src/vl53l0x_api.c:251:15:VL53L0X_SetOffsetCalibrationDataMicroMeter	24	static
../Core/Src/Src/vl53l0x_api.c:264:15:VL53L0X_GetOffsetCalibrationDataMicroMeter	24	static
../Core/Src/Src/vl53l0x_api.c:277:15:VL53L0X_SetLinearityCorrectiveGain	24	static
../Core/Src/Src/vl53l0x_api.c:300:15:VL53L0X_GetLinearityCorrectiveGain	24	static
../Core/Src/Src/vl53l0x_api.c:312:15:VL53L0X_SetGroupParamHold	24	static
../Core/Src/Src/vl53l0x_api.c:323:15:VL53L0X_GetUpperLimitMilliMeter	24	static
../Core/Src/Src/vl53l0x_api.c:335:15:VL53L0X_GetTotalSignalRate	56	static
../Core/Src/Src/vl53l0x_api.c:355:15:VL53L0X_SetDeviceAddress	24	static
../Core/Src/Src/vl53l0x_api.c:367:15:VL53L0X_DataInit	104	static
../Core/Src/Src/vl53l0x_api.c:511:15:VL53L0X_SetTuningSettingBuffer	32	static
../Core/Src/Src/vl53l0x_api.c:538:15:VL53L0X_GetTuningSettingBuffer	32	static
../Core/Src/Src/vl53l0x_api.c:553:15:VL53L0X_StaticInit	136	static
../Core/Src/Src/vl53l0x_api.c:732:15:VL53L0X_WaitDeviceBooted	24	static
../Core/Src/Src/vl53l0x_api.c:743:15:VL53L0X_ResetDevice	24	static
../Core/Src/Src/vl53l0x_api.c:788:15:VL53L0X_SetDeviceParameters	24	static
../Core/Src/Src/vl53l0x_api.c:839:15:VL53L0X_GetDeviceParameters	24	static
../Core/Src/Src/vl53l0x_api.c:903:15:VL53L0X_SetDeviceMode	24	static
../Core/Src/Src/vl53l0x_api.c:927:15:VL53L0X_GetDeviceMode	24	static
../Core/Src/Src/vl53l0x_api.c:939:15:VL53L0X_SetRangeFractionEnable	24	static
../Core/Src/Src/vl53l0x_api.c:954:15:VL53L0X_GetFractionEnable	24	static
../Core/Src/Src/vl53l0x_api.c:968:15:VL53L0X_SetHistogramMode	24	static
../Core/Src/Src/vl53l0x_api.c:980:15:VL53L0X_GetHistogramMode	24	static
../Core/Src/Src/vl53l0x_api.c:992:15:VL53L0X_SetMeasurementTimingBudgetMicroSeconds	24	static
../Core/Src/Src/vl53l0x_api.c:1006:15:VL53L0X_GetMeasurementTimingBudgetMicroSeconds	24	static
../Core/Src/Src/vl53l0x_api.c:1019:15:VL53L0X_SetVcselPulsePeriod	24	static
../Core/Src/Src/vl53l0x_api.c:1032:15:VL53L0X_GetVcselPulsePeriod	32	static
../Core/Src/Src/vl53l0x_api.c:1045:15:VL53L0X_SetSequenceStepEnable	32	static
../Core/Src/Src/vl53l0x_api.c:1134:15:sequence_step_enabled	32	static
../Core/Src/Src/vl53l0x_api.c:1166:15:VL53L0X_GetSequenceStepEnable	32	static
../Core/Src/Src/vl53l0x_api.c:1185:15:VL53L0X_GetSequenceStepEnables	24	static
../Core/Src/Src/vl53l0x_api.c:1225:15:VL53L0X_GetNumberOfSequenceSteps	24	static
../Core/Src/Src/vl53l0x_api.c:1237:15:VL53L0X_GetSequenceStepsInfo	24	static
../Core/Src/Src/vl53l0x_api.c:1252:15:VL53L0X_SetSequenceStepTimeout	40	static
../Core/Src/Src/vl53l0x_api.c:1306:15:VL53L0X_GetSequenceStepTimeout	32	static
../Core/Src/Src/vl53l0x_api.c:1325:15:VL53L0X_SetInterMeasurementPeriodMilliSeconds	32	static
../Core/Src/Src/vl53l0x_api.c:1361:15:VL53L0X_GetInterMeasurementPeriodMilliSeconds	24	static
../Core/Src/Src/vl53l0x_api.c:1393:15:VL53L0X_SetXTalkCompensationEnable	24	static
../Core/Src/Src/vl53l0x_api.c:1431:15:VL53L0X_GetXTalkCompensationEnable	24	static
../Core/Src/Src/vl53l0x_api.c:1445:15:VL53L0X_SetXTalkCompensationRateMegaCps	24	static
../Core/Src/Src/vl53l0x_api.c:1483:15:VL53L0X_GetXTalkCompensationRateMegaCps	32	static
../Core/Src/Src/vl53l0x_api.c:1516:15:VL53L0X_SetRefCalibration	24	static
../Core/Src/Src/vl53l0x_api.c:1528:15:VL53L0X_GetRefCalibration	32	static
../Core/Src/Src/vl53l0x_api.c:1544:15:VL53L0X_GetNumberOfLimitCheck	24	static
../Core/Src/Src/vl53l0x_api.c:1555:15:VL53L0X_GetLimitCheckInfo	32	static
../Core/Src/Src/vl53l0x_api.c:1569:15:VL53L0X_GetLimitCheckStatus	32	static
../Core/Src/Src/vl53l0x_api.c:1592:15:VL53L0X_SetLimitCheckEnable	32	static
../Core/Src/Src/vl53l0x_api.c:1695:15:VL53L0X_GetLimitCheckEnable	32	static
../Core/Src/Src/vl53l0x_api.c:1716:15:VL53L0X_SetLimitCheckValue	32	static
../Core/Src/Src/vl53l0x_api.c:1793:15:VL53L0X_GetLimitCheckValue	40	static
../Core/Src/Src/vl53l0x_api.c:1884:15:VL53L0X_GetLimitCheckCurrent	64	static
../Core/Src/Src/vl53l0x_api.c:1958:15:VL53L0X_SetWrapAroundCheckEnable	24	static
../Core/Src/Src/vl53l0x_api.c:1990:15:VL53L0X_GetWrapAroundCheckEnable	24	static
../Core/Src/Src/vl53l0x_api.c:2015:15:VL53L0X_SetDmaxCalParameters	32	static
../Core/Src/Src/vl53l0x_api.c:2049:15:VL53L0X_GetDmaxCalParameters	32	static
../Core/Src/Src/vl53l0x_api.c:2067:15:VL53L0X_PerformSingleMeasurement	24	static
../Core/Src/Src/vl53l0x_api.c:2098:15:VL53L0X_PerformSingleHistogramMeasurement	24	static
../Core/Src/Src/vl53l0x_api.c:2110:15:VL53L0X_PerformRefCalibration	32	static
../Core/Src/Src/vl53l0x_api.c:2123:15:VL53L0X_PerformXTalkMeasurement	32	static
../Core/Src/Src/vl53l0x_api.c:2136:15:VL53L0X_PerformXTalkCalibration	32	static
../Core/Src/Src/vl53l0x_api.c:2150:15:VL53L0X_PerformOffsetCalibration	32	static
../Core/Src/Src/vl53l0x_api.c:2163:15:VL53L0X_CheckAndLoadInterruptSettings	32	static
../Core/Src/Src/vl53l0x_api.c:2209:15:VL53L0X_StartMeasurement	32	static
../Core/Src/Src/vl53l0x_api.c:2292:15:VL53L0X_StopMeasurement	24	static
../Core/Src/Src/vl53l0x_api.c:2319:15:VL53L0X_GetMeasurementDataReady	24	static
../Core/Src/Src/vl53l0x_api.c:2354:15:VL53L0X_WaitDeviceReadyForNewMeasurement	24	static
../Core/Src/Src/vl53l0x_api.c:2367:15:VL53L0X_GetRangingMeasurementData	104	static
../Core/Src/Src/vl53l0x_api.c:2522:15:VL53L0X_GetMeasurementRefSignal	24	static
../Core/Src/Src/vl53l0x_api.c:2542:15:VL53L0X_GetHistogramMeasurementData	24	static
../Core/Src/Src/vl53l0x_api.c:2552:15:VL53L0X_PerformSingleRangingMeasurement	24	static
../Core/Src/Src/vl53l0x_api.c:2580:15:VL53L0X_SetNumberOfROIZones	24	static
../Core/Src/Src/vl53l0x_api.c:2595:15:VL53L0X_GetNumberOfROIZones	24	static
../Core/Src/Src/vl53l0x_api.c:2608:15:VL53L0X_GetMaxNumberOfROIZones	24	static
../Core/Src/Src/vl53l0x_api.c:2623:15:VL53L0X_SetGpioConfig	24	static
../Core/Src/Src/vl53l0x_api.c:2718:15:VL53L0X_GetGpioConfig	32	static
../Core/Src/Src/vl53l0x_api.c:2789:15:VL53L0X_SetInterruptThresholds	32	static
../Core/Src/Src/vl53l0x_api.c:2813:15:VL53L0X_GetInterruptThresholds	32	static
../Core/Src/Src/vl53l0x_api.c:2839:15:VL53L0X_GetStopCompletedStatus	24	static
../Core/Src/Src/vl53l0x_api.c:2872:15:VL53L0X_ClearInterruptMask	24	static
../Core/Src/Src/vl53l0x_api.c:2901:15:VL53L0X_GetInterruptMaskStatus	24	static
../Core/Src/Src/vl53l0x_api.c:2918:15:VL53L0X_EnableInterruptMask	24	static
../Core/Src/Src/vl53l0x_api.c:2933:15:VL53L0X_SetSpadAmbientDamperThreshold	24	static
../Core/Src/Src/vl53l0x_api.c:2947:15:VL53L0X_GetSpadAmbientDamperThreshold	24	static
../Core/Src/Src/vl53l0x_api.c:2961:15:VL53L0X_SetSpadAmbientDamperFactor	24	static
../Core/Src/Src/vl53l0x_api.c:2978:15:VL53L0X_GetSpadAmbientDamperFactor	24	static
../Core/Src/Src/vl53l0x_api.c:3000:15:VL53L0X_SetReferenceSpads	32	static
../Core/Src/Src/vl53l0x_api.c:3013:15:VL53L0X_GetReferenceSpads	32	static
../Core/Src/Src/vl53l0x_api.c:3026:15:VL53L0X_PerformRefSpadManagement	32	static
