../Core/Src/main.c:121:5:main	8	static
../Core/Src/main.c:222:6:SystemClock_Config	88	static
../Core/Src/main.c:270:13:MX_RTC_Init	56	static
../Core/Src/main.c:364:13:MX_TIM1_Init	32	static
../Core/Src/main.c:410:13:MX_TIM2_Init	32	static
../Core/Src/main.c:455:13:MX_USART1_UART_Init	8	static
../Core/Src/main.c:488:13:MX_USART2_UART_Init	8	static
../Core/Src/main.c:521:13:MX_GPIO_Init	48	static
../Core/Src/main.c:574:6:StartDefaultTask	16	static
../Core/Src/main.c:594:6:StartTask02	16	static
../Core/Src/main.c:617:13:StartTask03	16	static
../Core/Src/main.c:639:6:HAL_TIM_PeriodElapsedCallback	16	static
../Core/Src/main.c:656:6:Error_Handler	4	static,ignoring_inline_asm
