../Core/Src/main.c:131:5:main	8	static
../Core/Src/main.c:235:6:SystemClock_Config	88	static
../Core/Src/main.c:283:13:MX_I2C1_Init	8	static
../Core/Src/main.c:317:13:MX_RTC_Init	56	static
../Core/Src/main.c:411:13:MX_TIM1_Init	32	static
../Core/Src/main.c:457:13:MX_TIM2_Init	32	static
../Core/Src/main.c:502:13:MX_USART1_UART_Init	8	static
../Core/Src/main.c:535:13:MX_USART2_UART_Init	8	static
../Core/Src/main.c:568:13:MX_GPIO_Init	48	static
../Core/Src/main.c:621:6:StartDefaultTask	16	static
../Core/Src/main.c:649:6:StartTask02	16	static
../Core/Src/main.c:678:13:StartTask03	16	static
../Core/Src/main.c:709:6:HAL_TIM_PeriodElapsedCallback	16	static
../Core/Src/main.c:726:6:Error_Handler	4	static,ignoring_inline_asm
