16:30:59 **** Incremental Build of configuration Debug for project TEST001 ****
make -j8 all 
arm-none-eabi-gcc "../Core/Src/Src/usr_main.c" -mcpu=cortex-m4 -std=gnu11 -g3 -DDEBUG -DUSE_HAL_DRIVER -DSTM32F401xE -c -I../Core/Inc -I../Drivers/STM32F4xx_HAL_Driver/Inc -I../Drivers/STM32F4xx_HAL_Driver/Inc/Legacy -I../Drivers/CMSIS/Device/ST/STM32F4xx/Include -I../Drivers/CMSIS/Include -I"D:/ST/git/STM32-NucleoF401RE/TEST001/Core/Inc/Inc" -I../Middlewares/Third_Party/FreeRTOS/Source/include -I../Middlewares/Third_Party/FreeRTOS/Source/CMSIS_RTOS_V2 -I../Middlewares/Third_Party/FreeRTOS/Source/portable/GCC/ARM_CM4F -O0 -ffunction-sections -fdata-sections -Wall -fstack-usage -fcyclomatic-complexity -MMD -MP -MF"Core/Src/Src/usr_main.d" -MT"Core/Src/Src/usr_main.o" --specs=nano.specs -mfpu=fpv4-sp-d16 -mfloat-abi=hard -mthumb -o "Core/Src/Src/usr_main.o"
../Core/Src/Src/usr_main.c: In function 'task_chk_init':
../Core/Src/Src/usr_main.c:172:8: warning: assignment to 'uint32_t *' {aka 'long unsigned int *'} from incompatible pointer type 'void **' [-Wincompatible-pointer-types]
  172 |    dtp = &Task_mainHandle;
      |        ^
../Core/Src/Src/usr_main.c:176:8: warning: assignment to 'uint32_t *' {aka 'long unsigned int *'} from incompatible pointer type 'void **' [-Wincompatible-pointer-types]
  176 |    dtp = &Task_sub1Handle;
      |        ^
../Core/Src/Src/usr_main.c:180:8: warning: assignment to 'uint32_t *' {aka 'long unsigned int *'} from incompatible pointer type 'void **' [-Wincompatible-pointer-types]
  180 |    dtp = &Task_sub2Handle;
      |        ^
../Core/Src/Src/usr_main.c:187:9: warning: assignment to 'SKtskTaskControlBlock *' {aka 'struct tskTaskControlBlock *'} from incompatible pointer type 'struct tskTaskControlBlock **' [-Wincompatible-pointer-types]
  187 |   hTask = (TaskHandle_t *)*dtp;
      |         ^
../Core/Src/Src/usr_main.c:194:31: warning: assignment to 'uint8_t *' {aka 'unsigned char *'} from incompatible pointer type 'StackType_t *' {aka 'long unsigned int *'} [-Wincompatible-pointer-types]
  194 |   task_chk_table[i].chk_stack = hTask->pxStack;
      |                               ^
../Core/Src/Src/usr_main.c: In function 'Disp_task_info':
../Core/Src/Src/usr_main.c:244:7: warning: assignment to 'uint32_t *' {aka 'long unsigned int *'} from incompatible pointer type 'void **' [-Wincompatible-pointer-types]
  244 |   dtp = &Task_mainHandle;
      |       ^
../Core/Src/Src/usr_main.c:245:9: warning: assignment to 'SKtskTaskControlBlock *' {aka 'struct tskTaskControlBlock *'} from incompatible pointer type 'struct tskTaskControlBlock **' [-Wincompatible-pointer-types]
  245 |   hTask = (TaskHandle_t *)*dtp;
      |         ^
../Core/Src/Src/usr_main.c:249:7: warning: assignment to 'uint32_t *' {aka 'long unsigned int *'} from incompatible pointer type 'void **' [-Wincompatible-pointer-types]
  249 |   dtp = &Task_sub1Handle;
      |       ^
../Core/Src/Src/usr_main.c:250:9: warning: assignment to 'SKtskTaskControlBlock *' {aka 'struct tskTaskControlBlock *'} from incompatible pointer type 'struct tskTaskControlBlock **' [-Wincompatible-pointer-types]
  250 |   hTask = (TaskHandle_t *)*dtp;
      |         ^
../Core/Src/Src/usr_main.c:254:7: warning: assignment to 'uint32_t *' {aka 'long unsigned int *'} from incompatible pointer type 'void **' [-Wincompatible-pointer-types]
  254 |   dtp = &Task_sub2Handle;
      |       ^
../Core/Src/Src/usr_main.c:255:9: warning: assignment to 'SKtskTaskControlBlock *' {aka 'struct tskTaskControlBlock *'} from incompatible pointer type 'struct tskTaskControlBlock **' [-Wincompatible-pointer-types]
  255 |   hTask = (TaskHandle_t *)*dtp;
      |         ^
../Core/Src/Src/usr_main.c: In function 'Get_task_stackptr':
../Core/Src/Src/usr_main.c:366:7: warning: assignment to 'uint32_t *' {aka 'long unsigned int *'} from incompatible pointer type 'void **' [-Wincompatible-pointer-types]
  366 |   dtp = &Task_mainHandle;
      |       ^
../Core/Src/Src/usr_main.c:367:9: warning: assignment to 'SKtskTaskControlBlock *' {aka 'struct tskTaskControlBlock *'} from incompatible pointer type 'struct tskTaskControlBlock **' [-Wincompatible-pointer-types]
  367 |   hTask = (TaskHandle_t *)*dtp;
      |         ^
../Core/Src/Src/usr_main.c:371:7: warning: assignment to 'uint32_t *' {aka 'long unsigned int *'} from incompatible pointer type 'void **' [-Wincompatible-pointer-types]
  371 |   dtp = &Task_sub1Handle;
      |       ^
../Core/Src/Src/usr_main.c:372:9: warning: assignment to 'SKtskTaskControlBlock *' {aka 'struct tskTaskControlBlock *'} from incompatible pointer type 'struct tskTaskControlBlock **' [-Wincompatible-pointer-types]
  372 |   hTask = (TaskHandle_t *)*dtp;
      |         ^
../Core/Src/Src/usr_main.c:375:7: warning: assignment to 'uint32_t *' {aka 'long unsigned int *'} from incompatible pointer type 'void **' [-Wincompatible-pointer-types]
  375 |   dtp = &Task_sub2Handle;
      |       ^
../Core/Src/Src/usr_main.c:376:9: warning: assignment to 'SKtskTaskControlBlock *' {aka 'struct tskTaskControlBlock *'} from incompatible pointer type 'struct tskTaskControlBlock **' [-Wincompatible-pointer-types]
  376 |   hTask = (TaskHandle_t *)*dtp;
      |         ^
../Core/Src/Src/usr_main.c:387:15: warning: pointer targets in assignment from 'char *' to 'uint8_t *' {aka 'unsigned char *'} differ in signedness [-Wpointer-sign]
  387 |  ptr->pxStack = (char *)hTask->pxStack;
      |               ^
../Core/Src/Src/usr_main.c:388:20: warning: pointer targets in assignment from 'char *' to 'uint8_t *' {aka 'unsigned char *'} differ in signedness [-Wpointer-sign]
  388 |  ptr->pxTopOfStack = (char *)hTask->pxTopOfStack;
      |                    ^
../Core/Src/Src/usr_main.c: In function 'SKprintf':
../Core/Src/Src/usr_main.c:421:3: warning: implicit declaration of function 'vsprintf' [-Wimplicit-function-declaration]
  421 |   vsprintf(buffer, string, ap);
      |   ^~~~~~~~
../Core/Src/Src/usr_main.c:429:30: warning: pointer targets in passing argument 2 of 'HAL_UART_Transmit' differ in signedness [-Wpointer-sign]
  429 |   HAL_UART_Transmit(&huart2, buffer, i, HAL_MAX_DELAY);
      |                              ^~~~~~
      |                              |
      |                              char *
In file included from ../Core/Inc/stm32f4xx_hal_conf.h:411,
                 from ../Drivers/STM32F4xx_HAL_Driver/Inc/stm32f4xx_hal.h:29,
                 from ../Core/Inc/main.h:30,
                 from ../Core/Src/Src/usr_main.c:10:
../Drivers/STM32F4xx_HAL_Driver/Inc/stm32f4xx_hal_uart.h:722:79: note: expected 'const uint8_t *' {aka 'const unsigned char *'} but argument is of type 'char *'
  722 | HAL_StatusTypeDef HAL_UART_Transmit(UART_HandleTypeDef *huart, const uint8_t *pData, uint16_t Size, uint32_t Timeout);
      |                                                                ~~~~~~~~~~~~~~~^~~~~
../Core/Src/Src/usr_main.c:437:1: warning: control reaches end of non-void function [-Wreturn-type]
  437 | }
      | ^
arm-none-eabi-gcc -o "TEST001.elf" @"objects.list"   -mcpu=cortex-m4 -T"D:\ST\git\STM32-NucleoF401RE\TEST001\STM32F401RETX_FLASH.ld" --specs=nosys.specs -Wl,-Map="TEST001.map" -Wl,--gc-sections -static --specs=nano.specs -mfpu=fpv4-sp-d16 -mfloat-abi=hard -mthumb -Wl,--start-group -lc -lm -Wl,--end-group
Finished building target: TEST001.elf
 
arm-none-eabi-size   TEST001.elf 
arm-none-eabi-objdump -h -S  TEST001.elf  > "TEST001.list"
   text	   data	    bss	    dec	    hex	filename
  38952	    124	  27428	  66504	  103c8	TEST001.elf
Finished building: default.size.stdout
 
Finished building: TEST001.list
 

16:31:00 Build Finished. 0 errors, 22 warnings. (took 760ms)

